[2025-12-07T21:43:39.888+0000][0.012s] Using G1
[2025-12-07T21:43:41.187+0000][1.310s] Version: 17.0.13+11 (release)
[2025-12-07T21:43:41.188+0000][1.311s] CPUs: 8 total, 8 available
[2025-12-07T21:43:41.188+0000][1.311s] Memory: 7837M
[2025-12-07T21:43:41.188+0000][1.311s] Large Page Support: Disabled
[2025-12-07T21:43:41.188+0000][1.311s] NUMA Support: Disabled
[2025-12-07T21:43:41.188+0000][1.311s] Compressed Oops: Enabled (32-bit)
[2025-12-07T21:43:41.188+0000][1.312s] Heap Region Size: 1M
[2025-12-07T21:43:41.188+0000][1.312s] Heap Min Capacity: 1G
[2025-12-07T21:43:41.189+0000][1.312s] Heap Initial Capacity: 1G
[2025-12-07T21:43:41.189+0000][1.312s] Heap Max Capacity: 1G
[2025-12-07T21:43:41.189+0000][1.312s] Pre-touch: Enabled
[2025-12-07T21:43:41.189+0000][1.312s] Parallel Workers: 8
[2025-12-07T21:43:41.189+0000][1.312s] Concurrent Workers: 2
[2025-12-07T21:43:41.189+0000][1.312s] Concurrent Refinement Workers: 8
[2025-12-07T21:43:41.189+0000][1.312s] Periodic GC: Disabled
[2025-12-07T21:43:41.250+0000][1.373s] CDS archive(s) mapped at: [0x0000001800000000-0x0000001800a70000-0x0000001800a70000), size 10944512, SharedBaseAddress: 0x0000001800000000, ArchiveRelocationMode: 1.
[2025-12-07T21:43:41.250+0000][1.373s] Compressed class space mapped at: 0x0000001801000000-0x0000001841000000, reserved size: 1073741824
[2025-12-07T21:43:41.250+0000][1.374s] Narrow klass base: 0x0000001800000000, Narrow klass shift: 0, Narrow klass range: 0x100000000
[2025-12-07T21:43:42.678+0000][2.802s] GC(0) Pause Young (Normal) (G1 Evacuation Pause)
[2025-12-07T21:43:42.679+0000][2.802s] GC(0) Using 8 workers of 8 for evacuation
[2025-12-07T21:43:42.688+0000][2.811s] GC(0)   Pre Evacuate Collection Set: 0.7ms
[2025-12-07T21:43:42.688+0000][2.811s] GC(0)   Merge Heap Roots: 0.5ms
[2025-12-07T21:43:42.688+0000][2.811s] GC(0)   Evacuate Collection Set: 7.0ms
[2025-12-07T21:43:42.688+0000][2.811s] GC(0)   Post Evacuate Collection Set: 1.0ms
[2025-12-07T21:43:42.688+0000][2.812s] GC(0)   Other: 0.5ms
[2025-12-07T21:43:42.688+0000][2.812s] GC(0) Eden regions: 51->0(52)
[2025-12-07T21:43:42.688+0000][2.812s] GC(0) Survivor regions: 0->7(7)
[2025-12-07T21:43:42.688+0000][2.812s] GC(0) Old regions: 0->5
[2025-12-07T21:43:42.688+0000][2.812s] GC(0) Archive regions: 2->2
[2025-12-07T21:43:42.689+0000][2.812s] GC(0) Humongous regions: 4->4
[2025-12-07T21:43:42.689+0000][2.812s] GC(0) Metaspace: 10434K(10688K)->10434K(10688K) NonClass: 9155K(9280K)->9155K(9280K) Class: 1278K(1408K)->1278K(1408K)
[2025-12-07T21:43:42.689+0000][2.812s] GC(0) Pause Young (Normal) (G1 Evacuation Pause) 55M->16M(1024M) 10.247ms
[2025-12-07T21:43:42.689+0000][2.812s] GC(0) User=0.04s Sys=0.00s Real=0.01s
[2025-12-07T21:43:43.228+0000][3.351s] GC(1) Pause Young (Normal) (G1 Evacuation Pause)
[2025-12-07T21:43:43.228+0000][3.351s] GC(1) Using 8 workers of 8 for evacuation
[2025-12-07T21:43:43.239+0000][3.362s] GC(1)   Pre Evacuate Collection Set: 0.4ms
[2025-12-07T21:43:43.239+0000][3.362s] GC(1)   Merge Heap Roots: 0.1ms
[2025-12-07T21:43:43.239+0000][3.362s] GC(1)   Evacuate Collection Set: 9.1ms
[2025-12-07T21:43:43.239+0000][3.362s] GC(1)   Post Evacuate Collection Set: 0.6ms
[2025-12-07T21:43:43.239+0000][3.362s] GC(1)   Other: 0.6ms
[2025-12-07T21:43:43.239+0000][3.362s] GC(1) Eden regions: 44->0(58)
[2025-12-07T21:43:43.239+0000][3.362s] GC(1) Survivor regions: 7->7(7)
[2025-12-07T21:43:43.239+0000][3.362s] GC(1) Old regions: 5->13
[2025-12-07T21:43:43.239+0000][3.362s] GC(1) Archive regions: 2->2
[2025-12-07T21:43:43.239+0000][3.362s] GC(1) Humongous regions: 4->4
[2025-12-07T21:43:43.239+0000][3.362s] GC(1) Metaspace: 18426K(18752K)->18426K(18752K) NonClass: 16162K(16320K)->16162K(16320K) Class: 2264K(2432K)->2264K(2432K)
[2025-12-07T21:43:43.239+0000][3.362s] GC(1) Pause Young (Normal) (G1 Evacuation Pause) 60M->23M(1024M) 11.288ms
[2025-12-07T21:43:43.239+0000][3.362s] GC(1) User=0.05s Sys=0.00s Real=0.01s
[2025-12-07T21:43:43.667+0000][3.790s] GC(2) Pause Young (Concurrent Start) (Metadata GC Threshold)
[2025-12-07T21:43:43.667+0000][3.790s] GC(2) Using 8 workers of 8 for evacuation
[2025-12-07T21:43:43.674+0000][3.797s] GC(2)   Pre Evacuate Collection Set: 0.2ms
[2025-12-07T21:43:43.674+0000][3.797s] GC(2)   Merge Heap Roots: 0.1ms
[2025-12-07T21:43:43.674+0000][3.797s] GC(2)   Evacuate Collection Set: 5.3ms
[2025-12-07T21:43:43.674+0000][3.797s] GC(2)   Post Evacuate Collection Set: 0.5ms
[2025-12-07T21:43:43.674+0000][3.797s] GC(2)   Other: 0.5ms
[2025-12-07T21:43:43.674+0000][3.798s] GC(2) Eden regions: 45->0(98)
[2025-12-07T21:43:43.674+0000][3.798s] GC(2) Survivor regions: 7->2(9)
[2025-12-07T21:43:43.674+0000][3.798s] GC(2) Old regions: 13->19
[2025-12-07T21:43:43.675+0000][3.798s] GC(2) Archive regions: 2->2
[2025-12-07T21:43:43.675+0000][3.798s] GC(2) Humongous regions: 4->4
[2025-12-07T21:43:43.675+0000][3.798s] GC(2) Metaspace: 21228K(21504K)->21228K(21504K) NonClass: 18634K(18752K)->18634K(18752K) Class: 2594K(2752K)->2594K(2752K)
[2025-12-07T21:43:43.675+0000][3.798s] GC(2) Pause Young (Concurrent Start) (Metadata GC Threshold) 67M->24M(1024M) 7.646ms
[2025-12-07T21:43:43.675+0000][3.798s] GC(2) User=0.03s Sys=0.00s Real=0.01s
[2025-12-07T21:43:43.675+0000][3.798s] GC(3) Concurrent Mark Cycle
[2025-12-07T21:43:43.675+0000][3.798s] GC(3) Concurrent Clear Claimed Marks
[2025-12-07T21:43:43.675+0000][3.798s] GC(3) Concurrent Clear Claimed Marks 0.127ms
[2025-12-07T21:43:43.675+0000][3.798s] GC(3) Concurrent Scan Root Regions
[2025-12-07T21:43:43.677+0000][3.801s] GC(3) Concurrent Scan Root Regions 2.158ms
[2025-12-07T21:43:43.677+0000][3.801s] GC(3) Concurrent Mark
[2025-12-07T21:43:43.678+0000][3.801s] GC(3) Concurrent Mark From Roots
[2025-12-07T21:43:43.678+0000][3.801s] GC(3) Using 2 workers of 2 for marking
[2025-12-07T21:43:43.683+0000][3.807s] GC(3) Concurrent Mark From Roots 5.794ms
[2025-12-07T21:43:43.684+0000][3.807s] GC(3) Concurrent Preclean
[2025-12-07T21:43:43.684+0000][3.807s] GC(3) Concurrent Preclean 0.214ms
[2025-12-07T21:43:43.684+0000][3.807s] GC(3) Pause Remark
[2025-12-07T21:43:43.686+0000][3.810s] GC(3) Pause Remark 25M->25M(1024M) 2.199ms
[2025-12-07T21:43:43.687+0000][3.810s] GC(3) User=0.01s Sys=0.00s Real=0.00s
[2025-12-07T21:43:43.687+0000][3.810s] GC(3) Concurrent Mark 9.231ms
[2025-12-07T21:43:43.687+0000][3.810s] GC(3) Concurrent Rebuild Remembered Sets
[2025-12-07T21:43:43.692+0000][3.815s] GC(3) Concurrent Rebuild Remembered Sets 4.828ms
[2025-12-07T21:43:43.692+0000][3.815s] GC(3) Pause Cleanup
[2025-12-07T21:43:43.692+0000][3.815s] GC(3) Pause Cleanup 25M->25M(1024M) 0.224ms
[2025-12-07T21:43:43.692+0000][3.815s] GC(3) User=0.00s Sys=0.00s Real=0.01s
[2025-12-07T21:43:43.692+0000][3.816s] GC(3) Concurrent Cleanup for Next Mark
[2025-12-07T21:43:43.699+0000][3.822s] GC(3) Concurrent Cleanup for Next Mark 6.821ms
[2025-12-07T21:43:43.699+0000][3.823s] GC(3) Concurrent Mark Cycle 24.505ms
