[2025-12-07T21:43:31.531+0000][0.047s] Using G1
[2025-12-07T21:43:33.072+0000][1.589s] Version: 17.0.13+11 (release)
[2025-12-07T21:43:33.073+0000][1.590s] CPUs: 8 total, 8 available
[2025-12-07T21:43:33.074+0000][1.590s] Memory: 7837M
[2025-12-07T21:43:33.074+0000][1.590s] Large Page Support: Disabled
[2025-12-07T21:43:33.074+0000][1.590s] NUMA Support: Disabled
[2025-12-07T21:43:33.074+0000][1.591s] Compressed Oops: Enabled (32-bit)
[2025-12-07T21:43:33.074+0000][1.591s] Heap Region Size: 1M
[2025-12-07T21:43:33.074+0000][1.591s] Heap Min Capacity: 1G
[2025-12-07T21:43:33.074+0000][1.591s] Heap Initial Capacity: 1G
[2025-12-07T21:43:33.074+0000][1.591s] Heap Max Capacity: 1G
[2025-12-07T21:43:33.074+0000][1.591s] Pre-touch: Enabled
[2025-12-07T21:43:33.074+0000][1.591s] Parallel Workers: 8
[2025-12-07T21:43:33.074+0000][1.591s] Concurrent Workers: 2
[2025-12-07T21:43:33.074+0000][1.591s] Concurrent Refinement Workers: 8
[2025-12-07T21:43:33.075+0000][1.591s] Periodic GC: Disabled
[2025-12-07T21:43:33.115+0000][1.632s] CDS archive(s) mapped at: [0x000000b000000000-0x000000b000a70000-0x000000b000a70000), size 10944512, SharedBaseAddress: 0x000000b000000000, ArchiveRelocationMode: 1.
[2025-12-07T21:43:33.116+0000][1.632s] Compressed class space mapped at: 0x000000b001000000-0x000000b041000000, reserved size: 1073741824
[2025-12-07T21:43:33.116+0000][1.632s] Narrow klass base: 0x000000b000000000, Narrow klass shift: 0, Narrow klass range: 0x100000000
[2025-12-07T21:43:34.427+0000][2.943s] GC(0) Pause Young (Normal) (G1 Evacuation Pause)
[2025-12-07T21:43:34.427+0000][2.944s] GC(0) Using 8 workers of 8 for evacuation
[2025-12-07T21:43:34.437+0000][2.954s] GC(0)   Pre Evacuate Collection Set: 0.5ms
[2025-12-07T21:43:34.437+0000][2.954s] GC(0)   Merge Heap Roots: 0.1ms
[2025-12-07T21:43:34.438+0000][2.954s] GC(0)   Evacuate Collection Set: 7.5ms
[2025-12-07T21:43:34.438+0000][2.954s] GC(0)   Post Evacuate Collection Set: 1.2ms
[2025-12-07T21:43:34.438+0000][2.954s] GC(0)   Other: 1.3ms
[2025-12-07T21:43:34.438+0000][2.955s] GC(0) Eden regions: 51->0(52)
[2025-12-07T21:43:34.438+0000][2.955s] GC(0) Survivor regions: 0->7(7)
[2025-12-07T21:43:34.438+0000][2.955s] GC(0) Old regions: 0->6
[2025-12-07T21:43:34.438+0000][2.955s] GC(0) Archive regions: 2->2
[2025-12-07T21:43:34.438+0000][2.955s] GC(0) Humongous regions: 4->4
[2025-12-07T21:43:34.438+0000][2.955s] GC(0) Metaspace: 10422K(10624K)->10422K(10624K) NonClass: 9144K(9216K)->9144K(9216K) Class: 1278K(1408K)->1278K(1408K)
[2025-12-07T21:43:34.438+0000][2.955s] GC(0) Pause Young (Normal) (G1 Evacuation Pause) 55M->17M(1024M) 11.695ms
[2025-12-07T21:43:34.438+0000][2.955s] GC(0) User=0.04s Sys=0.00s Real=0.01s
[2025-12-07T21:43:35.096+0000][3.613s] GC(1) Pause Young (Normal) (G1 Evacuation Pause)
[2025-12-07T21:43:35.097+0000][3.613s] GC(1) Using 8 workers of 8 for evacuation
[2025-12-07T21:43:35.117+0000][3.634s] GC(1)   Pre Evacuate Collection Set: 0.2ms
[2025-12-07T21:43:35.118+0000][3.634s] GC(1)   Merge Heap Roots: 0.4ms
[2025-12-07T21:43:35.118+0000][3.634s] GC(1)   Evacuate Collection Set: 19.2ms
[2025-12-07T21:43:35.118+0000][3.634s] GC(1)   Post Evacuate Collection Set: 0.8ms
[2025-12-07T21:43:35.118+0000][3.635s] GC(1)   Other: 0.7ms
[2025-12-07T21:43:35.118+0000][3.635s] GC(1) Eden regions: 47->0(60)
[2025-12-07T21:43:35.118+0000][3.635s] GC(1) Survivor regions: 7->7(7)
[2025-12-07T21:43:35.118+0000][3.635s] GC(1) Old regions: 6->12
[2025-12-07T21:43:35.118+0000][3.635s] GC(1) Archive regions: 2->2
[2025-12-07T21:43:35.118+0000][3.635s] GC(1) Humongous regions: 4->4
[2025-12-07T21:43:35.118+0000][3.635s] GC(1) Metaspace: 18426K(18752K)->18426K(18752K) NonClass: 16162K(16320K)->16162K(16320K) Class: 2264K(2432K)->2264K(2432K)
[2025-12-07T21:43:35.118+0000][3.635s] GC(1) Pause Young (Normal) (G1 Evacuation Pause) 64M->22M(1024M) 22.061ms
[2025-12-07T21:43:35.118+0000][3.635s] GC(1) User=0.09s Sys=0.01s Real=0.02s
