[2025-12-07T21:45:38.237+0000][0.013s] Using G1
[2025-12-07T21:45:38.781+0000][0.557s] Version: 17.0.13+11 (release)
[2025-12-07T21:45:38.781+0000][0.557s] CPUs: 8 total, 8 available
[2025-12-07T21:45:38.781+0000][0.557s] Memory: 7837M
[2025-12-07T21:45:38.782+0000][0.557s] Large Page Support: Disabled
[2025-12-07T21:45:38.782+0000][0.558s] NUMA Support: Disabled
[2025-12-07T21:45:38.782+0000][0.558s] Compressed Oops: Enabled (32-bit)
[2025-12-07T21:45:38.782+0000][0.558s] Heap Region Size: 1M
[2025-12-07T21:45:38.782+0000][0.558s] Heap Min Capacity: 1G
[2025-12-07T21:45:38.782+0000][0.558s] Heap Initial Capacity: 1G
[2025-12-07T21:45:38.782+0000][0.558s] Heap Max Capacity: 1G
[2025-12-07T21:45:38.782+0000][0.558s] Pre-touch: Enabled
[2025-12-07T21:45:38.782+0000][0.558s] Parallel Workers: 8
[2025-12-07T21:45:38.782+0000][0.558s] Concurrent Workers: 2
[2025-12-07T21:45:38.782+0000][0.558s] Concurrent Refinement Workers: 8
[2025-12-07T21:45:38.782+0000][0.558s] Periodic GC: Disabled
[2025-12-07T21:45:38.798+0000][0.574s] CDS archive(s) mapped at: [0x000000e800000000-0x000000e800a70000-0x000000e800a70000), size 10944512, SharedBaseAddress: 0x000000e800000000, ArchiveRelocationMode: 1.
[2025-12-07T21:45:38.798+0000][0.574s] Compressed class space mapped at: 0x000000e801000000-0x000000e841000000, reserved size: 1073741824
[2025-12-07T21:45:38.798+0000][0.574s] Narrow klass base: 0x000000e800000000, Narrow klass shift: 0, Narrow klass range: 0x100000000
[2025-12-07T21:45:39.467+0000][1.243s] GC(0) Pause Young (Normal) (G1 Evacuation Pause)
[2025-12-07T21:45:39.467+0000][1.243s] GC(0) Using 8 workers of 8 for evacuation
[2025-12-07T21:45:39.471+0000][1.247s] GC(0)   Pre Evacuate Collection Set: 0.2ms
[2025-12-07T21:45:39.471+0000][1.247s] GC(0)   Merge Heap Roots: 0.1ms
[2025-12-07T21:45:39.471+0000][1.247s] GC(0)   Evacuate Collection Set: 3.0ms
[2025-12-07T21:45:39.472+0000][1.247s] GC(0)   Post Evacuate Collection Set: 0.6ms
[2025-12-07T21:45:39.472+0000][1.248s] GC(0)   Other: 0.4ms
[2025-12-07T21:45:39.472+0000][1.248s] GC(0) Eden regions: 51->0(53)
[2025-12-07T21:45:39.472+0000][1.248s] GC(0) Survivor regions: 0->7(7)
[2025-12-07T21:45:39.472+0000][1.248s] GC(0) Old regions: 0->5
[2025-12-07T21:45:39.472+0000][1.248s] GC(0) Archive regions: 2->2
[2025-12-07T21:45:39.472+0000][1.248s] GC(0) Humongous regions: 4->4
[2025-12-07T21:45:39.472+0000][1.248s] GC(0) Metaspace: 10406K(10624K)->10406K(10624K) NonClass: 9129K(9216K)->9129K(9216K) Class: 1277K(1408K)->1277K(1408K)
[2025-12-07T21:45:39.472+0000][1.248s] GC(0) Pause Young (Normal) (G1 Evacuation Pause) 55M->16M(1024M) 4.950ms
[2025-12-07T21:45:39.472+0000][1.248s] GC(0) User=0.02s Sys=0.00s Real=0.01s
[2025-12-07T21:45:39.859+0000][1.635s] GC(1) Pause Young (Normal) (G1 Evacuation Pause)
[2025-12-07T21:45:39.860+0000][1.636s] GC(1) Using 8 workers of 8 for evacuation
[2025-12-07T21:45:39.865+0000][1.641s] GC(1)   Pre Evacuate Collection Set: 0.2ms
[2025-12-07T21:45:39.865+0000][1.641s] GC(1)   Merge Heap Roots: 0.1ms
[2025-12-07T21:45:39.865+0000][1.641s] GC(1)   Evacuate Collection Set: 4.1ms
[2025-12-07T21:45:39.865+0000][1.641s] GC(1)   Post Evacuate Collection Set: 0.5ms
[2025-12-07T21:45:39.865+0000][1.641s] GC(1)   Other: 0.4ms
[2025-12-07T21:45:39.865+0000][1.641s] GC(1) Eden regions: 45->0(60)
[2025-12-07T21:45:39.865+0000][1.641s] GC(1) Survivor regions: 7->7(7)
[2025-12-07T21:45:39.865+0000][1.641s] GC(1) Old regions: 5->12
[2025-12-07T21:45:39.865+0000][1.641s] GC(1) Archive regions: 2->2
[2025-12-07T21:45:39.865+0000][1.641s] GC(1) Humongous regions: 4->4
[2025-12-07T21:45:39.865+0000][1.641s] GC(1) Metaspace: 18359K(18688K)->18359K(18688K) NonClass: 16095K(16256K)->16095K(16256K) Class: 2264K(2432K)->2264K(2432K)
[2025-12-07T21:45:39.865+0000][1.641s] GC(1) Pause Young (Normal) (G1 Evacuation Pause) 61M->23M(1024M) 6.052ms
[2025-12-07T21:45:39.865+0000][1.641s] GC(1) User=0.03s Sys=0.00s Real=0.01s
[2025-12-07T21:45:40.259+0000][2.035s] GC(2) Pause Young (Concurrent Start) (Metadata GC Threshold)
[2025-12-07T21:45:40.259+0000][2.035s] GC(2) Using 8 workers of 8 for evacuation
[2025-12-07T21:45:40.264+0000][2.040s] GC(2)   Pre Evacuate Collection Set: 0.3ms
[2025-12-07T21:45:40.264+0000][2.040s] GC(2)   Merge Heap Roots: 0.1ms
[2025-12-07T21:45:40.264+0000][2.040s] GC(2)   Evacuate Collection Set: 3.4ms
[2025-12-07T21:45:40.264+0000][2.040s] GC(2)   Post Evacuate Collection Set: 0.4ms
[2025-12-07T21:45:40.264+0000][2.040s] GC(2)   Other: 1.1ms
[2025-12-07T21:45:40.264+0000][2.040s] GC(2) Eden regions: 49->0(101)
[2025-12-07T21:45:40.264+0000][2.040s] GC(2) Survivor regions: 7->2(9)
[2025-12-07T21:45:40.264+0000][2.040s] GC(2) Old regions: 12->19
[2025-12-07T21:45:40.264+0000][2.040s] GC(2) Archive regions: 2->2
[2025-12-07T21:45:40.264+0000][2.040s] GC(2) Humongous regions: 4->4
[2025-12-07T21:45:40.264+0000][2.040s] GC(2) Metaspace: 21215K(21504K)->21215K(21504K) NonClass: 18614K(18752K)->18614K(18752K) Class: 2600K(2752K)->2600K(2752K)
[2025-12-07T21:45:40.264+0000][2.040s] GC(2) Pause Young (Concurrent Start) (Metadata GC Threshold) 72M->24M(1024M) 5.727ms
[2025-12-07T21:45:40.264+0000][2.040s] GC(2) User=0.02s Sys=0.01s Real=0.01s
[2025-12-07T21:45:40.265+0000][2.040s] GC(3) Concurrent Mark Cycle
[2025-12-07T21:45:40.265+0000][2.041s] GC(3) Concurrent Clear Claimed Marks
[2025-12-07T21:45:40.265+0000][2.041s] GC(3) Concurrent Clear Claimed Marks 0.280ms
[2025-12-07T21:45:40.265+0000][2.041s] GC(3) Concurrent Scan Root Regions
[2025-12-07T21:45:40.268+0000][2.044s] GC(3) Concurrent Scan Root Regions 2.260ms
[2025-12-07T21:45:40.268+0000][2.044s] GC(3) Concurrent Mark
[2025-12-07T21:45:40.268+0000][2.044s] GC(3) Concurrent Mark From Roots
[2025-12-07T21:45:40.268+0000][2.044s] GC(3) Using 2 workers of 2 for marking
[2025-12-07T21:45:40.274+0000][2.049s] GC(3) Concurrent Mark From Roots 5.685ms
[2025-12-07T21:45:40.274+0000][2.050s] GC(3) Concurrent Preclean
[2025-12-07T21:45:40.274+0000][2.050s] GC(3) Concurrent Preclean 0.236ms
[2025-12-07T21:45:40.275+0000][2.051s] GC(3) Pause Remark
[2025-12-07T21:45:40.277+0000][2.053s] GC(3) Pause Remark 25M->25M(1024M) 2.021ms
[2025-12-07T21:45:40.277+0000][2.053s] GC(3) User=0.01s Sys=0.00s Real=0.00s
[2025-12-07T21:45:40.278+0000][2.054s] GC(3) Concurrent Mark 9.802ms
[2025-12-07T21:45:40.278+0000][2.054s] GC(3) Concurrent Rebuild Remembered Sets
[2025-12-07T21:45:40.286+0000][2.062s] GC(3) Concurrent Rebuild Remembered Sets 8.105ms
[2025-12-07T21:45:40.286+0000][2.062s] GC(3) Pause Cleanup
[2025-12-07T21:45:40.287+0000][2.063s] GC(3) Pause Cleanup 25M->25M(1024M) 0.448ms
[2025-12-07T21:45:40.287+0000][2.063s] GC(3) User=0.00s Sys=0.00s Real=0.00s
[2025-12-07T21:45:40.287+0000][2.063s] GC(3) Concurrent Cleanup for Next Mark
[2025-12-07T21:45:40.292+0000][2.068s] GC(3) Concurrent Cleanup for Next Mark 5.008ms
[2025-12-07T21:45:40.292+0000][2.068s] GC(3) Concurrent Mark Cycle 27.916ms
[2025-12-07T21:45:41.663+0000][3.439s] GC(4) Pause Young (Concurrent Start) (Metadata GC Threshold)
[2025-12-07T21:45:41.663+0000][3.439s] GC(4) Using 8 workers of 8 for evacuation
[2025-12-07T21:45:41.669+0000][3.445s] GC(4)   Pre Evacuate Collection Set: 0.3ms
[2025-12-07T21:45:41.669+0000][3.445s] GC(4)   Merge Heap Roots: 0.1ms
[2025-12-07T21:45:41.669+0000][3.445s] GC(4)   Evacuate Collection Set: 3.4ms
[2025-12-07T21:45:41.669+0000][3.445s] GC(4)   Post Evacuate Collection Set: 1.1ms
[2025-12-07T21:45:41.669+0000][3.445s] GC(4)   Other: 0.6ms
[2025-12-07T21:45:41.669+0000][3.445s] GC(4) Eden regions: 79->0(592)
[2025-12-07T21:45:41.669+0000][3.445s] GC(4) Survivor regions: 2->6(13)
[2025-12-07T21:45:41.669+0000][3.445s] GC(4) Old regions: 19->19
[2025-12-07T21:45:41.669+0000][3.445s] GC(4) Archive regions: 2->2
[2025-12-07T21:45:41.669+0000][3.445s] GC(4) Humongous regions: 4->4
[2025-12-07T21:45:41.669+0000][3.445s] GC(4) Metaspace: 35820K(36160K)->35820K(36160K) NonClass: 31386K(31552K)->31386K(31552K) Class: 4434K(4608K)->4434K(4608K)
[2025-12-07T21:45:41.669+0000][3.445s] GC(4) Pause Young (Concurrent Start) (Metadata GC Threshold) 103M->28M(1024M) 6.355ms
[2025-12-07T21:45:41.669+0000][3.445s] GC(4) User=0.02s Sys=0.00s Real=0.00s
[2025-12-07T21:45:41.670+0000][3.446s] GC(5) Concurrent Mark Cycle
[2025-12-07T21:45:41.670+0000][3.446s] GC(5) Concurrent Clear Claimed Marks
[2025-12-07T21:45:41.670+0000][3.446s] GC(5) Concurrent Clear Claimed Marks 0.225ms
[2025-12-07T21:45:41.670+0000][3.446s] GC(5) Concurrent Scan Root Regions
[2025-12-07T21:45:41.673+0000][3.449s] GC(5) Concurrent Scan Root Regions 2.356ms
[2025-12-07T21:45:41.673+0000][3.449s] GC(5) Concurrent Mark
[2025-12-07T21:45:41.673+0000][3.449s] GC(5) Concurrent Mark From Roots
[2025-12-07T21:45:41.673+0000][3.449s] GC(5) Using 2 workers of 2 for marking
[2025-12-07T21:45:41.684+0000][3.460s] GC(5) Concurrent Mark From Roots 10.930ms
[2025-12-07T21:45:41.684+0000][3.460s] GC(5) Concurrent Preclean
[2025-12-07T21:45:41.684+0000][3.460s] GC(5) Concurrent Preclean 0.221ms
[2025-12-07T21:45:41.686+0000][3.462s] GC(5) Pause Remark
[2025-12-07T21:45:41.689+0000][3.465s] GC(5) Pause Remark 29M->29M(1024M) 2.816ms
[2025-12-07T21:45:41.689+0000][3.465s] GC(5) User=0.01s Sys=0.00s Real=0.00s
[2025-12-07T21:45:41.689+0000][3.465s] GC(5) Concurrent Mark 16.364ms
[2025-12-07T21:45:41.689+0000][3.465s] GC(5) Concurrent Rebuild Remembered Sets
[2025-12-07T21:45:41.695+0000][3.471s] GC(5) Concurrent Rebuild Remembered Sets 5.588ms
[2025-12-07T21:45:41.696+0000][3.472s] GC(5) Pause Cleanup
[2025-12-07T21:45:41.697+0000][3.473s] GC(5) Pause Cleanup 30M->30M(1024M) 0.338ms
[2025-12-07T21:45:41.697+0000][3.473s] GC(5) User=0.00s Sys=0.00s Real=0.00s
[2025-12-07T21:45:41.697+0000][3.473s] GC(5) Concurrent Cleanup for Next Mark
[2025-12-07T21:45:41.698+0000][3.474s] GC(5) Concurrent Cleanup for Next Mark 1.309ms
[2025-12-07T21:45:41.698+0000][3.474s] GC(5) Concurrent Mark Cycle 28.758ms
[2025-12-07T21:45:45.527+0000][7.302s] GC(6) Pause Young (Concurrent Start) (Metadata GC Threshold)
[2025-12-07T21:45:45.528+0000][7.303s] GC(6) Using 8 workers of 8 for evacuation
[2025-12-07T21:45:45.586+0000][7.361s] GC(6)   Pre Evacuate Collection Set: 2.8ms
[2025-12-07T21:45:45.586+0000][7.362s] GC(6)   Merge Heap Roots: 0.4ms
[2025-12-07T21:45:45.587+0000][7.362s] GC(6)   Evacuate Collection Set: 37.7ms
[2025-12-07T21:45:45.587+0000][7.362s] GC(6)   Post Evacuate Collection Set: 4.0ms
[2025-12-07T21:45:45.588+0000][7.363s] GC(6)   Other: 14.1ms
[2025-12-07T21:45:45.588+0000][7.364s] GC(6) Eden regions: 278->0(269)
[2025-12-07T21:45:45.588+0000][7.364s] GC(6) Survivor regions: 6->32(77)
[2025-12-07T21:45:45.589+0000][7.364s] GC(6) Old regions: 19->19
[2025-12-07T21:45:45.589+0000][7.364s] GC(6) Archive regions: 2->2
[2025-12-07T21:45:45.589+0000][7.364s] GC(6) Humongous regions: 4->4
[2025-12-07T21:45:45.589+0000][7.364s] GC(6) Metaspace: 59835K(60416K)->59835K(60416K) NonClass: 52055K(52352K)->52055K(52352K) Class: 7779K(8064K)->7779K(8064K)
[2025-12-07T21:45:45.589+0000][7.364s] GC(6) Pause Young (Concurrent Start) (Metadata GC Threshold) 306M->54M(1024M) 61.942ms
[2025-12-07T21:45:45.589+0000][7.365s] GC(6) User=0.19s Sys=0.01s Real=0.06s
[2025-12-07T21:45:45.589+0000][7.365s] GC(7) Concurrent Mark Cycle
[2025-12-07T21:45:45.590+0000][7.365s] GC(7) Concurrent Clear Claimed Marks
[2025-12-07T21:45:45.593+0000][7.368s] GC(7) Concurrent Clear Claimed Marks 2.921ms
[2025-12-07T21:45:45.593+0000][7.368s] GC(7) Concurrent Scan Root Regions
[2025-12-07T21:45:45.602+0000][7.378s] GC(7) Concurrent Scan Root Regions 9.087ms
[2025-12-07T21:45:45.603+0000][7.378s] GC(7) Concurrent Mark
[2025-12-07T21:45:45.603+0000][7.379s] GC(7) Concurrent Mark From Roots
[2025-12-07T21:45:45.603+0000][7.379s] GC(7) Using 2 workers of 2 for marking
[2025-12-07T21:45:45.616+0000][7.391s] GC(7) Concurrent Mark From Roots 12.366ms
[2025-12-07T21:45:45.616+0000][7.391s] GC(7) Concurrent Preclean
[2025-12-07T21:45:45.616+0000][7.391s] GC(7) Concurrent Preclean 0.294ms
[2025-12-07T21:45:45.616+0000][7.392s] GC(7) Pause Remark
[2025-12-07T21:45:45.620+0000][7.396s] GC(7) Pause Remark 57M->57M(1024M) 4.235ms
[2025-12-07T21:45:45.621+0000][7.396s] GC(7) User=0.01s Sys=0.00s Real=0.00s
[2025-12-07T21:45:45.621+0000][7.396s] GC(7) Concurrent Mark 17.955ms
[2025-12-07T21:45:45.621+0000][7.396s] GC(7) Concurrent Rebuild Remembered Sets
[2025-12-07T21:45:45.630+0000][7.406s] GC(7) Concurrent Rebuild Remembered Sets 9.295ms
[2025-12-07T21:45:45.640+0000][7.415s] GC(7) Pause Cleanup
[2025-12-07T21:45:45.645+0000][7.420s] GC(7) Pause Cleanup 58M->58M(1024M) 4.816ms
[2025-12-07T21:45:45.649+0000][7.424s] GC(7) User=0.00s Sys=0.00s Real=0.01s
[2025-12-07T21:45:45.654+0000][7.429s] GC(7) Concurrent Cleanup for Next Mark
[2025-12-07T21:45:45.660+0000][7.436s] GC(7) Concurrent Cleanup for Next Mark 6.929ms
[2025-12-07T21:45:45.662+0000][7.437s] GC(7) Concurrent Mark Cycle 72.277ms
[2025-12-08T00:15:44.671+0000][9006.472s] GC(8) Pause Young (Normal) (G1 Evacuation Pause)
[2025-12-08T00:15:44.673+0000][9006.475s] GC(8) Using 8 workers of 8 for evacuation
[2025-12-08T00:15:44.885+0000][9006.687s] GC(8)   Pre Evacuate Collection Set: 11.7ms
[2025-12-08T00:15:44.885+0000][9006.687s] GC(8)   Merge Heap Roots: 5.1ms
[2025-12-08T00:15:44.885+0000][9006.687s] GC(8)   Evacuate Collection Set: 167.3ms
[2025-12-08T00:15:44.885+0000][9006.687s] GC(8)   Post Evacuate Collection Set: 5.1ms
[2025-12-08T00:15:44.885+0000][9006.687s] GC(8)   Other: 27.1ms
[2025-12-08T00:15:44.885+0000][9006.687s] GC(8) Eden regions: 328->0(422)
[2025-12-08T00:15:44.886+0000][9006.687s] GC(8) Survivor regions: 32->6(45)
[2025-12-08T00:15:44.886+0000][9006.687s] GC(8) Old regions: 19->50
[2025-12-08T00:15:44.886+0000][9006.687s] GC(8) Archive regions: 2->2
[2025-12-08T00:15:44.886+0000][9006.687s] GC(8) Humongous regions: 4->4
[2025-12-08T00:15:44.886+0000][9006.687s] GC(8) Metaspace: 64634K(65408K)->64634K(65408K) NonClass: 56316K(56704K)->56316K(56704K) Class: 8317K(8704K)->8317K(8704K)
[2025-12-08T00:15:44.886+0000][9006.688s] GC(8) Pause Young (Normal) (G1 Evacuation Pause) 382M->59M(1024M) 215.583ms
[2025-12-08T00:15:44.886+0000][9006.688s] GC(8) User=1.32s Sys=0.00s Real=0.22s
[2025-12-08T04:05:06.892+0000][22768.636s] GC(9) Pause Young (Normal) (G1 Evacuation Pause)
[2025-12-08T04:05:06.894+0000][22768.637s] GC(9) Using 8 workers of 8 for evacuation
[2025-12-08T04:05:06.932+0000][22768.675s] GC(9)   Pre Evacuate Collection Set: 2.8ms
[2025-12-08T04:05:06.933+0000][22768.676s] GC(9)   Merge Heap Roots: 0.7ms
[2025-12-08T04:05:06.934+0000][22768.677s] GC(9)   Evacuate Collection Set: 24.5ms
[2025-12-08T04:05:06.935+0000][22768.678s] GC(9)   Post Evacuate Collection Set: 8.2ms
[2025-12-08T04:05:06.935+0000][22768.678s] GC(9)   Other: 4.2ms
[2025-12-08T04:05:06.935+0000][22768.678s] GC(9) Eden regions: 422->0(610)
[2025-12-08T04:05:06.936+0000][22768.679s] GC(9) Survivor regions: 6->4(54)
[2025-12-08T04:05:06.937+0000][22768.681s] GC(9) Old regions: 50->50
[2025-12-08T04:05:06.938+0000][22768.682s] GC(9) Archive regions: 2->2
[2025-12-08T04:05:06.939+0000][22768.682s] GC(9) Humongous regions: 4->4
[2025-12-08T04:05:06.940+0000][22768.683s] GC(9) Metaspace: 64637K(65408K)->64637K(65408K) NonClass: 56319K(56704K)->56319K(56704K) Class: 8317K(8704K)->8317K(8704K)
[2025-12-08T04:05:06.940+0000][22768.683s] GC(9) Pause Young (Normal) (G1 Evacuation Pause) 481M->57M(1024M) 47.770ms
[2025-12-08T04:05:06.941+0000][22768.684s] GC(9) User=0.20s Sys=0.00s Real=0.05s
[2025-12-08T09:38:32.354+0000][42774.160s] GC(10) Pause Young (Normal) (G1 Evacuation Pause)
[2025-12-08T09:38:32.356+0000][42774.161s] GC(10) Using 8 workers of 8 for evacuation
[2025-12-08T09:38:32.400+0000][42774.206s] GC(10)   Pre Evacuate Collection Set: 3.5ms
[2025-12-08T09:38:32.400+0000][42774.206s] GC(10)   Merge Heap Roots: 0.8ms
[2025-12-08T09:38:32.401+0000][42774.206s] GC(10)   Evacuate Collection Set: 32.3ms
[2025-12-08T09:38:32.401+0000][42774.206s] GC(10)   Post Evacuate Collection Set: 4.1ms
[2025-12-08T09:38:32.401+0000][42774.206s] GC(10)   Other: 5.7ms
[2025-12-08T09:38:32.401+0000][42774.206s] GC(10) Eden regions: 610->0(611)
[2025-12-08T09:38:32.401+0000][42774.206s] GC(10) Survivor regions: 4->3(77)
[2025-12-08T09:38:32.401+0000][42774.206s] GC(10) Old regions: 50->50
[2025-12-08T09:38:32.401+0000][42774.206s] GC(10) Archive regions: 2->2
[2025-12-08T09:38:32.401+0000][42774.206s] GC(10) Humongous regions: 4->4
[2025-12-08T09:38:32.401+0000][42774.207s] GC(10) Metaspace: 64638K(65408K)->64638K(65408K) NonClass: 56319K(56704K)->56319K(56704K) Class: 8318K(8704K)->8318K(8704K)
[2025-12-08T09:38:32.401+0000][42774.207s] GC(10) Pause Young (Normal) (G1 Evacuation Pause) 667M->56M(1024M) 47.212ms
[2025-12-08T09:38:32.401+0000][42774.207s] GC(10) User=0.27s Sys=0.00s Real=0.04s
[2025-12-08T15:44:16.320+0000][62812.376s] GC(11) Pause Young (Normal) (G1 Evacuation Pause)
[2025-12-08T15:44:16.324+0000][62812.380s] GC(11) Using 8 workers of 8 for evacuation
[2025-12-08T15:44:16.446+0000][62812.502s] GC(11)   Pre Evacuate Collection Set: 4.7ms
[2025-12-08T15:44:16.447+0000][62812.503s] GC(11)   Merge Heap Roots: 3.5ms
[2025-12-08T15:44:16.447+0000][62812.503s] GC(11)   Evacuate Collection Set: 94.7ms
[2025-12-08T15:44:16.447+0000][62812.503s] GC(11)   Post Evacuate Collection Set: 14.2ms
[2025-12-08T15:44:16.447+0000][62812.503s] GC(11)   Other: 10.2ms
[2025-12-08T15:44:16.447+0000][62812.503s] GC(11) Eden regions: 611->0(611)
[2025-12-08T15:44:16.447+0000][62812.503s] GC(11) Survivor regions: 3->3(77)
[2025-12-08T15:44:16.447+0000][62812.503s] GC(11) Old regions: 50->50
[2025-12-08T15:44:16.448+0000][62812.503s] GC(11) Archive regions: 2->2
[2025-12-08T15:44:16.448+0000][62812.503s] GC(11) Humongous regions: 4->4
[2025-12-08T15:44:16.448+0000][62812.504s] GC(11) Metaspace: 64638K(65408K)->64638K(65408K) NonClass: 56319K(56704K)->56319K(56704K) Class: 8318K(8704K)->8318K(8704K)
[2025-12-08T15:44:16.448+0000][62812.504s] GC(11) Pause Young (Normal) (G1 Evacuation Pause) 667M->56M(1024M) 127.902ms
[2025-12-08T15:44:16.448+0000][62812.504s] GC(11) User=0.64s Sys=0.00s Real=0.13s
[2025-12-09T00:06:13.528+0000][82885.625s] GC(12) Pause Young (Normal) (G1 Evacuation Pause)
[2025-12-09T00:06:13.532+0000][82885.629s] GC(12) Using 8 workers of 8 for evacuation
[2025-12-09T00:06:13.680+0000][82885.776s] GC(12)   Pre Evacuate Collection Set: 5.8ms
[2025-12-09T00:06:13.680+0000][82885.776s] GC(12)   Merge Heap Roots: 3.3ms
[2025-12-09T00:06:13.680+0000][82885.776s] GC(12)   Evacuate Collection Set: 115.7ms
[2025-12-09T00:06:13.680+0000][82885.776s] GC(12)   Post Evacuate Collection Set: 13.9ms
[2025-12-09T00:06:13.680+0000][82885.777s] GC(12)   Other: 14.2ms
[2025-12-09T00:06:13.680+0000][82885.777s] GC(12) Eden regions: 611->0(611)
[2025-12-09T00:06:13.681+0000][82885.777s] GC(12) Survivor regions: 3->3(77)
[2025-12-09T00:06:13.681+0000][82885.777s] GC(12) Old regions: 50->50
[2025-12-09T00:06:13.681+0000][82885.777s] GC(12) Archive regions: 2->2
[2025-12-09T00:06:13.681+0000][82885.777s] GC(12) Humongous regions: 4->4
[2025-12-09T00:06:13.681+0000][82885.777s] GC(12) Metaspace: 64639K(65408K)->64639K(65408K) NonClass: 56321K(56704K)->56321K(56704K) Class: 8318K(8704K)->8318K(8704K)
[2025-12-09T00:06:13.681+0000][82885.777s] GC(12) Pause Young (Normal) (G1 Evacuation Pause) 667M->56M(1024M) 152.978ms
[2025-12-09T00:06:13.681+0000][82885.778s] GC(12) User=0.86s Sys=0.00s Real=0.16s
[2025-12-09T05:40:41.295+0000][102953.363s] GC(13) Pause Young (Normal) (G1 Evacuation Pause)
[2025-12-09T05:40:41.300+0000][102953.368s] GC(13) Using 8 workers of 8 for evacuation
[2025-12-09T05:40:41.390+0000][102953.458s] GC(13)   Pre Evacuate Collection Set: 4.1ms
[2025-12-09T05:40:41.390+0000][102953.458s] GC(13)   Merge Heap Roots: 1.6ms
[2025-12-09T05:40:41.390+0000][102953.458s] GC(13)   Evacuate Collection Set: 72.0ms
[2025-12-09T05:40:41.390+0000][102953.458s] GC(13)   Post Evacuate Collection Set: 10.3ms
[2025-12-09T05:40:41.391+0000][102953.458s] GC(13)   Other: 7.3ms
[2025-12-09T05:40:41.391+0000][102953.459s] GC(13) Eden regions: 611->0(611)
[2025-12-09T05:40:41.391+0000][102953.459s] GC(13) Survivor regions: 3->3(77)
[2025-12-09T05:40:41.391+0000][102953.459s] GC(13) Old regions: 50->50
[2025-12-09T05:40:41.391+0000][102953.459s] GC(13) Archive regions: 2->2
[2025-12-09T05:40:41.391+0000][102953.459s] GC(13) Humongous regions: 4->4
[2025-12-09T05:40:41.391+0000][102953.459s] GC(13) Metaspace: 64639K(65408K)->64639K(65408K) NonClass: 56321K(56704K)->56321K(56704K) Class: 8318K(8704K)->8318K(8704K)
[2025-12-09T05:40:41.391+0000][102953.459s] GC(13) Pause Young (Normal) (G1 Evacuation Pause) 667M->56M(1024M) 95.980ms
[2025-12-09T05:40:41.391+0000][102953.459s] GC(13) User=0.55s Sys=0.00s Real=0.10s
[2025-12-09T11:15:38.436+0000][123050.569s] GC(14) Pause Young (Normal) (G1 Evacuation Pause)
[2025-12-09T11:15:38.438+0000][123050.571s] GC(14) Using 8 workers of 8 for evacuation
[2025-12-09T11:15:38.494+0000][123050.627s] GC(14)   Pre Evacuate Collection Set: 6.1ms
[2025-12-09T11:15:38.494+0000][123050.627s] GC(14)   Merge Heap Roots: 0.7ms
[2025-12-09T11:15:38.494+0000][123050.627s] GC(14)   Evacuate Collection Set: 39.4ms
[2025-12-09T11:15:38.494+0000][123050.627s] GC(14)   Post Evacuate Collection Set: 5.7ms
[2025-12-09T11:15:38.495+0000][123050.627s] GC(14)   Other: 6.2ms
[2025-12-09T11:15:38.495+0000][123050.627s] GC(14) Eden regions: 611->0(611)
[2025-12-09T11:15:38.495+0000][123050.627s] GC(14) Survivor regions: 3->3(77)
[2025-12-09T11:15:38.495+0000][123050.627s] GC(14) Old regions: 50->50
[2025-12-09T11:15:38.495+0000][123050.628s] GC(14) Archive regions: 2->2
[2025-12-09T11:15:38.495+0000][123050.628s] GC(14) Humongous regions: 4->4
[2025-12-09T11:15:38.495+0000][123050.628s] GC(14) Metaspace: 64658K(65472K)->64658K(65472K) NonClass: 56339K(56768K)->56339K(56768K) Class: 8318K(8704K)->8318K(8704K)
[2025-12-09T11:15:38.495+0000][123050.628s] GC(14) Pause Young (Normal) (G1 Evacuation Pause) 667M->56M(1024M) 58.782ms
[2025-12-09T11:15:38.495+0000][123050.628s] GC(14) User=0.29s Sys=0.00s Real=0.06s
[2025-12-09T17:11:28.665+0000][143182.776s] GC(15) Pause Young (Normal) (G1 Evacuation Pause)
[2025-12-09T17:11:28.672+0000][143182.784s] GC(15) Using 8 workers of 8 for evacuation
[2025-12-09T17:11:28.930+0000][143183.042s] GC(15)   Pre Evacuate Collection Set: 10.5ms
[2025-12-09T17:11:28.931+0000][143183.042s] GC(15)   Merge Heap Roots: 7.8ms
[2025-12-09T17:11:28.931+0000][143183.043s] GC(15)   Evacuate Collection Set: 211.3ms
[2025-12-09T17:11:28.931+0000][143183.043s] GC(15)   Post Evacuate Collection Set: 22.7ms
[2025-12-09T17:11:28.931+0000][143183.043s] GC(15)   Other: 15.6ms
[2025-12-09T17:11:28.932+0000][143183.043s] GC(15) Eden regions: 611->0(611)
[2025-12-09T17:11:28.932+0000][143183.043s] GC(15) Survivor regions: 3->3(77)
[2025-12-09T17:11:28.932+0000][143183.044s] GC(15) Old regions: 50->50
[2025-12-09T17:11:28.932+0000][143183.044s] GC(15) Archive regions: 2->2
[2025-12-09T17:11:28.932+0000][143183.044s] GC(15) Humongous regions: 4->4
[2025-12-09T17:11:28.932+0000][143183.044s] GC(15) Metaspace: 64659K(65472K)->64659K(65472K) NonClass: 56341K(56768K)->56341K(56768K) Class: 8318K(8704K)->8318K(8704K)
[2025-12-09T17:11:28.933+0000][143183.044s] GC(15) Pause Young (Normal) (G1 Evacuation Pause) 667M->56M(1024M) 269.355ms
[2025-12-09T17:11:28.933+0000][143183.045s] GC(15) User=1.33s Sys=0.04s Real=0.27s
[2025-12-10T14:03:12.684+0000][163315.455s] GC(16) Pause Young (Normal) (G1 Evacuation Pause)
[2025-12-10T14:03:12.699+0000][163315.470s] GC(16) Using 8 workers of 8 for evacuation
[2025-12-10T14:03:12.915+0000][163315.686s] GC(16)   Pre Evacuate Collection Set: 25.5ms
[2025-12-10T14:03:12.915+0000][163315.686s] GC(16)   Merge Heap Roots: 3.1ms
[2025-12-10T14:03:12.915+0000][163315.686s] GC(16)   Evacuate Collection Set: 132.4ms
[2025-12-10T14:03:12.915+0000][163315.687s] GC(16)   Post Evacuate Collection Set: 12.6ms
[2025-12-10T14:03:12.916+0000][163315.687s] GC(16)   Other: 64.7ms
[2025-12-10T14:03:12.916+0000][163315.687s] GC(16) Eden regions: 611->0(611)
[2025-12-10T14:03:12.916+0000][163315.687s] GC(16) Survivor regions: 3->3(77)
[2025-12-10T14:03:12.916+0000][163315.687s] GC(16) Old regions: 50->50
[2025-12-10T14:03:12.916+0000][163315.687s] GC(16) Archive regions: 2->2
[2025-12-10T14:03:12.916+0000][163315.687s] GC(16) Humongous regions: 4->4
[2025-12-10T14:03:12.916+0000][163315.687s] GC(16) Metaspace: 64659K(65472K)->64659K(65472K) NonClass: 56341K(56768K)->56341K(56768K) Class: 8318K(8704K)->8318K(8704K)
[2025-12-10T14:03:12.917+0000][163315.688s] GC(16) Pause Young (Normal) (G1 Evacuation Pause) 667M->56M(1024M) 236.922ms
[2025-12-10T14:03:12.917+0000][163315.688s] GC(16) User=1.11s Sys=0.01s Real=0.24s
[2025-12-10T21:43:28.103+0000][183447.730s] GC(17) Pause Young (Normal) (G1 Evacuation Pause)
[2025-12-10T21:43:28.106+0000][183447.733s] GC(17) Using 8 workers of 8 for evacuation
[2025-12-10T21:43:28.246+0000][183447.873s] GC(17)   Pre Evacuate Collection Set: 7.3ms
[2025-12-10T21:43:28.246+0000][183447.873s] GC(17)   Merge Heap Roots: 2.9ms
[2025-12-10T21:43:28.246+0000][183447.873s] GC(17)   Evacuate Collection Set: 104.3ms
[2025-12-10T21:43:28.246+0000][183447.873s] GC(17)   Post Evacuate Collection Set: 19.4ms
[2025-12-10T21:43:28.246+0000][183447.873s] GC(17)   Other: 11.7ms
[2025-12-10T21:43:28.246+0000][183447.874s] GC(17) Eden regions: 611->0(611)
[2025-12-10T21:43:28.246+0000][183447.874s] GC(17) Survivor regions: 3->3(77)
[2025-12-10T21:43:28.246+0000][183447.874s] GC(17) Old regions: 50->50
[2025-12-10T21:43:28.246+0000][183447.874s] GC(17) Archive regions: 2->2
[2025-12-10T21:43:28.246+0000][183447.874s] GC(17) Humongous regions: 4->4
[2025-12-10T21:43:28.247+0000][183447.874s] GC(17) Metaspace: 64667K(65472K)->64667K(65472K) NonClass: 56349K(56768K)->56349K(56768K) Class: 8318K(8704K)->8318K(8704K)
[2025-12-10T21:43:28.247+0000][183447.875s] GC(17) Pause Young (Normal) (G1 Evacuation Pause) 667M->56M(1024M) 144.926ms
[2025-12-10T21:43:28.247+0000][183447.875s] GC(17) User=0.72s Sys=0.00s Real=0.14s
[2025-12-11T14:25:25.190+0000][203577.791s] GC(18) Pause Young (Normal) (G1 Evacuation Pause)
[2025-12-11T14:25:25.201+0000][203577.801s] GC(18) Using 8 workers of 8 for evacuation
[2025-12-11T14:25:25.315+0000][203577.915s] GC(18)   Pre Evacuate Collection Set: 9.4ms
[2025-12-11T14:25:25.315+0000][203577.916s] GC(18)   Merge Heap Roots: 2.7ms
[2025-12-11T14:25:25.315+0000][203577.916s] GC(18)   Evacuate Collection Set: 79.3ms
[2025-12-11T14:25:25.315+0000][203577.916s] GC(18)   Post Evacuate Collection Set: 12.6ms
[2025-12-11T14:25:25.315+0000][203577.916s] GC(18)   Other: 27.7ms
[2025-12-11T14:25:25.316+0000][203577.916s] GC(18) Eden regions: 611->0(611)
[2025-12-11T14:25:25.316+0000][203577.916s] GC(18) Survivor regions: 3->3(77)
[2025-12-11T14:25:25.316+0000][203577.916s] GC(18) Old regions: 50->50
[2025-12-11T14:25:25.316+0000][203577.916s] GC(18) Archive regions: 2->2
[2025-12-11T14:25:25.316+0000][203577.916s] GC(18) Humongous regions: 4->4
[2025-12-11T14:25:25.316+0000][203577.916s] GC(18) Metaspace: 64667K(65472K)->64667K(65472K) NonClass: 56349K(56768K)->56349K(56768K) Class: 8318K(8704K)->8318K(8704K)
[2025-12-11T14:25:25.316+0000][203577.916s] GC(18) Pause Young (Normal) (G1 Evacuation Pause) 667M->56M(1024M) 127.410ms
[2025-12-11T14:25:25.316+0000][203577.916s] GC(18) User=0.56s Sys=0.00s Real=0.12s
[2025-12-12T05:00:40.151+0000][223737.532s] GC(19) Pause Young (Normal) (G1 Evacuation Pause)
[2025-12-12T05:00:40.156+0000][223737.537s] GC(19) Using 8 workers of 8 for evacuation
[2025-12-12T05:00:40.536+0000][223737.917s] GC(19) MMU target violated: 251.0ms (250.0ms/251.0ms)
[2025-12-12T05:00:40.537+0000][223737.917s] GC(19)   Pre Evacuate Collection Set: 4.6ms
[2025-12-12T05:00:40.537+0000][223737.917s] GC(19)   Merge Heap Roots: 1.4ms
[2025-12-12T05:00:40.537+0000][223737.918s] GC(19)   Evacuate Collection Set: 360.1ms
[2025-12-12T05:00:40.539+0000][223737.920s] GC(19)   Post Evacuate Collection Set: 8.5ms
[2025-12-12T05:00:40.548+0000][223737.929s] GC(19)   Other: 17.3ms
[2025-12-12T05:00:40.549+0000][223737.929s] GC(19) Eden regions: 611->0(611)
[2025-12-12T05:00:40.549+0000][223737.929s] GC(19) Survivor regions: 3->3(77)
[2025-12-12T05:00:40.549+0000][223737.930s] GC(19) Old regions: 50->50
[2025-12-12T05:00:40.549+0000][223737.930s] GC(19) Archive regions: 2->2
[2025-12-12T05:00:40.549+0000][223737.930s] GC(19) Humongous regions: 4->4
[2025-12-12T05:00:40.549+0000][223737.930s] GC(19) Metaspace: 64667K(65472K)->64667K(65472K) NonClass: 56349K(56768K)->56349K(56768K) Class: 8318K(8704K)->8318K(8704K)
[2025-12-12T05:00:40.551+0000][223737.932s] GC(19) Pause Young (Normal) (G1 Evacuation Pause) 667M->56M(1024M) 400.491ms
[2025-12-12T05:00:40.551+0000][223737.932s] GC(19) User=1.52s Sys=0.29s Real=0.40s
[2025-12-12T10:36:39.972+0000][243897.520s] GC(20) Pause Young (Normal) (G1 Evacuation Pause)
[2025-12-12T10:36:39.975+0000][243897.523s] GC(20) Using 8 workers of 8 for evacuation
[2025-12-12T10:36:40.052+0000][243897.601s] GC(20)   Pre Evacuate Collection Set: 3.7ms
[2025-12-12T10:36:40.052+0000][243897.601s] GC(20)   Merge Heap Roots: 1.5ms
[2025-12-12T10:36:40.052+0000][243897.601s] GC(20)   Evacuate Collection Set: 57.0ms
[2025-12-12T10:36:40.052+0000][243897.601s] GC(20)   Post Evacuate Collection Set: 10.3ms
[2025-12-12T10:36:40.052+0000][243897.601s] GC(20)   Other: 9.4ms
[2025-12-12T10:36:40.053+0000][243897.601s] GC(20) Eden regions: 611->0(611)
[2025-12-12T10:36:40.053+0000][243897.601s] GC(20) Survivor regions: 3->3(77)
[2025-12-12T10:36:40.053+0000][243897.601s] GC(20) Old regions: 50->50
[2025-12-12T10:36:40.053+0000][243897.601s] GC(20) Archive regions: 2->2
[2025-12-12T10:36:40.053+0000][243897.601s] GC(20) Humongous regions: 4->4
[2025-12-12T10:36:40.053+0000][243897.602s] GC(20) Metaspace: 64667K(65472K)->64667K(65472K) NonClass: 56349K(56768K)->56349K(56768K) Class: 8318K(8704K)->8318K(8704K)
[2025-12-12T10:36:40.053+0000][243897.602s] GC(20) Pause Young (Normal) (G1 Evacuation Pause) 667M->56M(1024M) 82.230ms
[2025-12-12T10:36:40.054+0000][243897.602s] GC(20) User=0.42s Sys=0.00s Real=0.08s
[2025-12-12T16:49:09.644+0000][264027.161s] GC(21) Pause Young (Normal) (G1 Evacuation Pause)
[2025-12-12T16:49:09.646+0000][264027.163s] GC(21) Using 8 workers of 8 for evacuation
[2025-12-12T16:49:09.754+0000][264027.271s] GC(21)   Pre Evacuate Collection Set: 5.2ms
[2025-12-12T16:49:09.754+0000][264027.271s] GC(21)   Merge Heap Roots: 3.9ms
[2025-12-12T16:49:09.754+0000][264027.271s] GC(21)   Evacuate Collection Set: 84.8ms
[2025-12-12T16:49:09.754+0000][264027.271s] GC(21)   Post Evacuate Collection Set: 11.0ms
[2025-12-12T16:49:09.754+0000][264027.271s] GC(21)   Other: 5.8ms
[2025-12-12T16:49:09.754+0000][264027.271s] GC(21) Eden regions: 611->0(611)
[2025-12-12T16:49:09.754+0000][264027.271s] GC(21) Survivor regions: 3->3(77)
[2025-12-12T16:49:09.754+0000][264027.271s] GC(21) Old regions: 50->50
[2025-12-12T16:49:09.754+0000][264027.271s] GC(21) Archive regions: 2->2
[2025-12-12T16:49:09.754+0000][264027.271s] GC(21) Humongous regions: 4->4
[2025-12-12T16:49:09.755+0000][264027.272s] GC(21) Metaspace: 64669K(65472K)->64669K(65472K) NonClass: 56350K(56768K)->56350K(56768K) Class: 8318K(8704K)->8318K(8704K)
[2025-12-12T16:49:09.755+0000][264027.272s] GC(21) Pause Young (Normal) (G1 Evacuation Pause) 667M->56M(1024M) 110.643ms
[2025-12-12T16:49:09.755+0000][264027.272s] GC(21) User=0.60s Sys=0.00s Real=0.11s
[2025-12-14T02:17:51.976+0000][283255.185s] GC(22) Pause Young (Normal) (G1 Evacuation Pause)
[2025-12-14T02:17:51.988+0000][283255.196s] GC(22) Using 8 workers of 8 for evacuation
[2025-12-14T02:17:52.150+0000][283255.359s] GC(22)   Pre Evacuate Collection Set: 9.8ms
[2025-12-14T02:17:52.150+0000][283255.359s] GC(22)   Merge Heap Roots: 2.4ms
[2025-12-14T02:17:52.150+0000][283255.359s] GC(22)   Evacuate Collection Set: 123.2ms
[2025-12-14T02:17:52.150+0000][283255.359s] GC(22)   Post Evacuate Collection Set: 24.0ms
[2025-12-14T02:17:52.150+0000][283255.359s] GC(22)   Other: 16.2ms
[2025-12-14T02:17:52.150+0000][283255.359s] GC(22) Eden regions: 611->0(611)
[2025-12-14T02:17:52.151+0000][283255.359s] GC(22) Survivor regions: 3->3(77)
[2025-12-14T02:17:52.151+0000][283255.359s] GC(22) Old regions: 50->50
[2025-12-14T02:17:52.151+0000][283255.360s] GC(22) Archive regions: 2->2
[2025-12-14T02:17:52.151+0000][283255.360s] GC(22) Humongous regions: 4->4
[2025-12-14T02:17:52.151+0000][283255.360s] GC(22) Metaspace: 65101K(65856K)->65101K(65856K) NonClass: 56774K(57152K)->56774K(57152K) Class: 8326K(8704K)->8326K(8704K)
[2025-12-14T02:17:52.151+0000][283255.360s] GC(22) Pause Young (Normal) (G1 Evacuation Pause) 667M->56M(1024M) 175.403ms
[2025-12-14T02:17:52.152+0000][283255.360s] GC(22) User=1.12s Sys=0.00s Real=0.18s
[2025-12-14T20:06:28.687+0000][303387.034s] GC(23) Pause Young (Normal) (G1 Evacuation Pause)
[2025-12-14T20:06:28.689+0000][303387.036s] GC(23) Using 8 workers of 8 for evacuation
[2025-12-14T20:06:28.780+0000][303387.126s] GC(23)   Pre Evacuate Collection Set: 10.0ms
[2025-12-14T20:06:28.780+0000][303387.127s] GC(23)   Merge Heap Roots: 1.8ms
[2025-12-14T20:06:28.780+0000][303387.127s] GC(23)   Evacuate Collection Set: 69.6ms
[2025-12-14T20:06:28.780+0000][303387.127s] GC(23)   Post Evacuate Collection Set: 6.2ms
[2025-12-14T20:06:28.780+0000][303387.127s] GC(23)   Other: 5.2ms
[2025-12-14T20:06:28.780+0000][303387.127s] GC(23) Eden regions: 611->0(613)
[2025-12-14T20:06:28.781+0000][303387.127s] GC(23) Survivor regions: 3->1(77)
[2025-12-14T20:06:28.781+0000][303387.127s] GC(23) Old regions: 50->52
[2025-12-14T20:06:28.781+0000][303387.127s] GC(23) Archive regions: 2->2
[2025-12-14T20:06:28.781+0000][303387.127s] GC(23) Humongous regions: 4->4
[2025-12-14T20:06:28.781+0000][303387.128s] GC(23) Metaspace: 65101K(65856K)->65101K(65856K) NonClass: 56774K(57152K)->56774K(57152K) Class: 8326K(8704K)->8326K(8704K)
[2025-12-14T20:06:28.781+0000][303387.128s] GC(23) Pause Young (Normal) (G1 Evacuation Pause) 667M->56M(1024M) 93.484ms
[2025-12-14T20:06:28.781+0000][303387.128s] GC(23) User=0.50s Sys=0.00s Real=0.10s
[2025-12-15T01:42:27.859+0000][323548.480s] GC(24) Pause Young (Normal) (G1 Evacuation Pause)
[2025-12-15T01:42:27.862+0000][323548.482s] GC(24) Using 8 workers of 8 for evacuation
[2025-12-15T01:42:27.946+0000][323548.567s] GC(24)   Pre Evacuate Collection Set: 5.9ms
[2025-12-15T01:42:27.947+0000][323548.567s] GC(24)   Merge Heap Roots: 1.8ms
[2025-12-15T01:42:27.947+0000][323548.567s] GC(24)   Evacuate Collection Set: 65.6ms
[2025-12-15T01:42:27.947+0000][323548.567s] GC(24)   Post Evacuate Collection Set: 7.9ms
[2025-12-15T01:42:27.947+0000][323548.568s] GC(24)   Other: 7.9ms
[2025-12-15T01:42:27.947+0000][323548.568s] GC(24) Eden regions: 613->0(613)
[2025-12-15T01:42:27.947+0000][323548.568s] GC(24) Survivor regions: 1->1(77)
[2025-12-15T01:42:27.947+0000][323548.568s] GC(24) Old regions: 52->52
[2025-12-15T01:42:27.947+0000][323548.568s] GC(24) Archive regions: 2->2
[2025-12-15T01:42:27.947+0000][323548.568s] GC(24) Humongous regions: 4->4
[2025-12-15T01:42:27.947+0000][323548.568s] GC(24) Metaspace: 65101K(65856K)->65101K(65856K) NonClass: 56774K(57152K)->56774K(57152K) Class: 8326K(8704K)->8326K(8704K)
[2025-12-15T01:42:27.947+0000][323548.568s] GC(24) Pause Young (Normal) (G1 Evacuation Pause) 669M->56M(1024M) 88.836ms
[2025-12-15T01:42:27.947+0000][323548.568s] GC(24) User=0.42s Sys=0.00s Real=0.09s
[2025-12-15T17:44:34.557+0000][341276.457s] GC(25) Pause Young (Normal) (G1 Evacuation Pause)
[2025-12-15T17:44:34.558+0000][341276.459s] GC(25) Using 8 workers of 8 for evacuation
[2025-12-15T17:44:34.678+0000][341276.578s] GC(25)   Pre Evacuate Collection Set: 8.7ms
[2025-12-15T17:44:34.678+0000][341276.578s] GC(25)   Merge Heap Roots: 3.4ms
[2025-12-15T17:44:34.678+0000][341276.578s] GC(25)   Evacuate Collection Set: 87.9ms
[2025-12-15T17:44:34.678+0000][341276.579s] GC(25)   Post Evacuate Collection Set: 17.2ms
[2025-12-15T17:44:34.678+0000][341276.579s] GC(25)   Other: 5.7ms
[2025-12-15T17:44:34.679+0000][341276.579s] GC(25) Eden regions: 613->0(613)
[2025-12-15T17:44:34.679+0000][341276.579s] GC(25) Survivor regions: 1->1(77)
[2025-12-15T17:44:34.679+0000][341276.579s] GC(25) Old regions: 52->52
[2025-12-15T17:44:34.679+0000][341276.579s] GC(25) Archive regions: 2->2
[2025-12-15T17:44:34.679+0000][341276.579s] GC(25) Humongous regions: 4->4
[2025-12-15T17:44:34.679+0000][341276.579s] GC(25) Metaspace: 66085K(66880K)->66085K(66880K) NonClass: 57704K(58112K)->57704K(58112K) Class: 8381K(8768K)->8381K(8768K)
[2025-12-15T17:44:34.679+0000][341276.580s] GC(25) Pause Young (Normal) (G1 Evacuation Pause) 669M->57M(1024M) 122.959ms
[2025-12-15T17:44:34.679+0000][341276.580s] GC(25) User=0.50s Sys=0.00s Real=0.13s
[2025-12-15T22:39:20.982+0000][358962.853s] GC(26) Pause Young (Normal) (G1 Evacuation Pause)
[2025-12-15T22:39:20.985+0000][358962.856s] GC(26) Using 8 workers of 8 for evacuation
[2025-12-15T22:39:21.045+0000][358962.916s] GC(26)   Pre Evacuate Collection Set: 4.7ms
[2025-12-15T22:39:21.045+0000][358962.917s] GC(26)   Merge Heap Roots: 2.6ms
[2025-12-15T22:39:21.045+0000][358962.917s] GC(26)   Evacuate Collection Set: 39.9ms
[2025-12-15T22:39:21.045+0000][358962.917s] GC(26)   Post Evacuate Collection Set: 8.2ms
[2025-12-15T22:39:21.046+0000][358962.917s] GC(26)   Other: 8.8ms
[2025-12-15T22:39:21.046+0000][358962.917s] GC(26) Eden regions: 613->0(613)
[2025-12-15T22:39:21.046+0000][358962.917s] GC(26) Survivor regions: 1->1(77)
[2025-12-15T22:39:21.046+0000][358962.917s] GC(26) Old regions: 52->52
[2025-12-15T22:39:21.046+0000][358962.917s] GC(26) Archive regions: 2->2
[2025-12-15T22:39:21.046+0000][358962.917s] GC(26) Humongous regions: 4->4
[2025-12-15T22:39:21.046+0000][358962.917s] GC(26) Metaspace: 66413K(67200K)->66413K(67200K) NonClass: 58029K(58432K)->58029K(58432K) Class: 8384K(8768K)->8384K(8768K)
[2025-12-15T22:39:21.046+0000][358962.918s] GC(26) Pause Young (Normal) (G1 Evacuation Pause) 670M->57M(1024M) 64.321ms
[2025-12-15T22:39:21.046+0000][358962.918s] GC(26) User=0.32s Sys=0.00s Real=0.07s
[2025-12-16T03:37:57.856+0000][376879.740s] GC(27) Pause Young (Normal) (G1 Evacuation Pause)
[2025-12-16T03:37:57.861+0000][376879.744s] GC(27) Using 8 workers of 8 for evacuation
[2025-12-16T03:37:57.985+0000][376879.868s] GC(27)   Pre Evacuate Collection Set: 9.9ms
[2025-12-16T03:37:57.985+0000][376879.868s] GC(27)   Merge Heap Roots: 2.9ms
[2025-12-16T03:37:57.985+0000][376879.868s] GC(27)   Evacuate Collection Set: 100.3ms
[2025-12-16T03:37:57.985+0000][376879.868s] GC(27)   Post Evacuate Collection Set: 7.0ms
[2025-12-16T03:37:57.985+0000][376879.869s] GC(27)   Other: 10.6ms
[2025-12-16T03:37:57.985+0000][376879.869s] GC(27) Eden regions: 613->0(613)
[2025-12-16T03:37:57.985+0000][376879.869s] GC(27) Survivor regions: 1->1(77)
[2025-12-16T03:37:57.985+0000][376879.869s] GC(27) Old regions: 52->52
[2025-12-16T03:37:57.985+0000][376879.869s] GC(27) Archive regions: 2->2
[2025-12-16T03:37:57.985+0000][376879.869s] GC(27) Humongous regions: 4->4
[2025-12-16T03:37:57.985+0000][376879.869s] GC(27) Metaspace: 66461K(67200K)->66461K(67200K) NonClass: 58076K(58432K)->58076K(58432K) Class: 8384K(8768K)->8384K(8768K)
[2025-12-16T03:37:57.985+0000][376879.869s] GC(27) Pause Young (Normal) (G1 Evacuation Pause) 670M->57M(1024M) 129.435ms
[2025-12-16T03:37:57.986+0000][376879.869s] GC(27) User=0.49s Sys=0.00s Real=0.13s
[2025-12-16T08:37:34.496+0000][394856.258s] GC(28) Pause Young (Normal) (G1 Evacuation Pause)
[2025-12-16T08:37:34.499+0000][394856.261s] GC(28) Using 8 workers of 8 for evacuation
[2025-12-16T08:37:34.568+0000][394856.330s] GC(28)   Pre Evacuate Collection Set: 3.9ms
[2025-12-16T08:37:34.568+0000][394856.331s] GC(28)   Merge Heap Roots: 1.2ms
[2025-12-16T08:37:34.568+0000][394856.331s] GC(28)   Evacuate Collection Set: 55.6ms
[2025-12-16T08:37:34.568+0000][394856.331s] GC(28)   Post Evacuate Collection Set: 7.1ms
[2025-12-16T08:37:34.569+0000][394856.331s] GC(28)   Other: 4.8ms
[2025-12-16T08:37:34.569+0000][394856.331s] GC(28) Eden regions: 613->0(613)
[2025-12-16T08:37:34.569+0000][394856.331s] GC(28) Survivor regions: 1->1(77)
[2025-12-16T08:37:34.569+0000][394856.331s] GC(28) Old regions: 52->52
[2025-12-16T08:37:34.569+0000][394856.331s] GC(28) Archive regions: 2->2
[2025-12-16T08:37:34.569+0000][394856.331s] GC(28) Humongous regions: 4->4
[2025-12-16T08:37:34.569+0000][394856.332s] GC(28) Metaspace: 66461K(67200K)->66461K(67200K) NonClass: 58076K(58432K)->58076K(58432K) Class: 8384K(8768K)->8384K(8768K)
[2025-12-16T08:37:34.569+0000][394856.332s] GC(28) Pause Young (Normal) (G1 Evacuation Pause) 670M->57M(1024M) 73.411ms
[2025-12-16T08:37:34.569+0000][394856.332s] GC(28) User=0.37s Sys=0.00s Real=0.07s
[2025-12-16T13:37:26.064+0000][412847.928s] GC(29) Pause Young (Normal) (G1 Evacuation Pause)
[2025-12-16T13:37:26.066+0000][412847.930s] GC(29) Using 8 workers of 8 for evacuation
[2025-12-16T13:37:26.137+0000][412848.000s] GC(29)   Pre Evacuate Collection Set: 3.2ms
[2025-12-16T13:37:26.137+0000][412848.001s] GC(29)   Merge Heap Roots: 1.4ms
[2025-12-16T13:37:26.137+0000][412848.001s] GC(29)   Evacuate Collection Set: 56.9ms
[2025-12-16T13:37:26.137+0000][412848.001s] GC(29)   Post Evacuate Collection Set: 7.5ms
[2025-12-16T13:37:26.137+0000][412848.001s] GC(29)   Other: 3.5ms
[2025-12-16T13:37:26.137+0000][412848.001s] GC(29) Eden regions: 613->0(613)
[2025-12-16T13:37:26.137+0000][412848.001s] GC(29) Survivor regions: 1->1(77)
[2025-12-16T13:37:26.137+0000][412848.001s] GC(29) Old regions: 52->52
[2025-12-16T13:37:26.137+0000][412848.001s] GC(29) Archive regions: 2->2
[2025-12-16T13:37:26.137+0000][412848.001s] GC(29) Humongous regions: 4->4
[2025-12-16T13:37:26.138+0000][412848.001s] GC(29) Metaspace: 66461K(67200K)->66461K(67200K) NonClass: 58077K(58432K)->58077K(58432K) Class: 8384K(8768K)->8384K(8768K)
[2025-12-16T13:37:26.138+0000][412848.002s] GC(29) Pause Young (Normal) (G1 Evacuation Pause) 670M->57M(1024M) 73.561ms
[2025-12-16T13:37:26.138+0000][412848.002s] GC(29) User=0.42s Sys=0.00s Real=0.07s
[2025-12-16T23:47:53.749+0000][430513.106s] GC(30) Pause Young (Normal) (G1 Evacuation Pause)
[2025-12-16T23:47:53.754+0000][430513.111s] GC(30) Using 8 workers of 8 for evacuation
[2025-12-16T23:47:53.919+0000][430513.276s] GC(30)   Pre Evacuate Collection Set: 12.2ms
[2025-12-16T23:47:53.920+0000][430513.276s] GC(30)   Merge Heap Roots: 7.3ms
[2025-12-16T23:47:53.920+0000][430513.277s] GC(30)   Evacuate Collection Set: 124.0ms
[2025-12-16T23:47:53.920+0000][430513.277s] GC(30)   Post Evacuate Collection Set: 14.0ms
[2025-12-16T23:47:53.920+0000][430513.277s] GC(30)   Other: 14.9ms
[2025-12-16T23:47:53.921+0000][430513.277s] GC(30) Eden regions: 613->0(613)
[2025-12-16T23:47:53.921+0000][430513.277s] GC(30) Survivor regions: 1->1(77)
[2025-12-16T23:47:53.921+0000][430513.277s] GC(30) Old regions: 52->52
[2025-12-16T23:47:53.921+0000][430513.278s] GC(30) Archive regions: 2->2
[2025-12-16T23:47:53.921+0000][430513.278s] GC(30) Humongous regions: 4->4
[2025-12-16T23:47:53.921+0000][430513.278s] GC(30) Metaspace: 66621K(67328K)->66621K(67328K) NonClass: 58237K(58560K)->58237K(58560K) Class: 8384K(8768K)->8384K(8768K)
[2025-12-16T23:47:53.922+0000][430513.279s] GC(30) Pause Young (Normal) (G1 Evacuation Pause) 670M->57M(1024M) 173.099ms
[2025-12-16T23:47:53.922+0000][430513.279s] GC(30) User=0.75s Sys=0.00s Real=0.18s
[2025-12-17T03:52:35.275+0000][445194.534s] GC(31) Pause Young (Normal) (G1 Evacuation Pause)
[2025-12-17T03:52:35.277+0000][445194.536s] GC(31) Using 8 workers of 8 for evacuation
[2025-12-17T03:52:35.421+0000][445194.680s] GC(31)   Pre Evacuate Collection Set: 7.9ms
[2025-12-17T03:52:35.421+0000][445194.680s] GC(31)   Merge Heap Roots: 3.1ms
[2025-12-17T03:52:35.421+0000][445194.681s] GC(31)   Evacuate Collection Set: 113.0ms
[2025-12-17T03:52:35.421+0000][445194.681s] GC(31)   Post Evacuate Collection Set: 14.9ms
[2025-12-17T03:52:35.422+0000][445194.681s] GC(31)   Other: 9.4ms
[2025-12-17T03:52:35.422+0000][445194.681s] GC(31) Eden regions: 613->0(610)
[2025-12-17T03:52:35.422+0000][445194.681s] GC(31) Survivor regions: 1->4(77)
[2025-12-17T03:52:35.422+0000][445194.681s] GC(31) Old regions: 52->52
[2025-12-17T03:52:35.422+0000][445194.681s] GC(31) Archive regions: 2->2
[2025-12-17T03:52:35.422+0000][445194.681s] GC(31) Humongous regions: 4->4
[2025-12-17T03:52:35.422+0000][445194.681s] GC(31) Metaspace: 69379K(70208K)->69379K(70208K) NonClass: 60811K(61248K)->60811K(61248K) Class: 8568K(8960K)->8568K(8960K)
[2025-12-17T03:52:35.422+0000][445194.681s] GC(31) Pause Young (Normal) (G1 Evacuation Pause) 670M->59M(1024M) 147.356ms
[2025-12-17T03:52:35.422+0000][445194.681s] GC(31) User=0.96s Sys=0.00s Real=0.15s
[2025-12-17T08:50:42.310+0000][463081.749s] GC(32) Pause Young (Normal) (G1 Evacuation Pause)
[2025-12-17T08:50:42.312+0000][463081.751s] GC(32) Using 8 workers of 8 for evacuation
[2025-12-17T08:50:42.403+0000][463081.842s] GC(32)   Pre Evacuate Collection Set: 5.9ms
[2025-12-17T08:50:42.403+0000][463081.842s] GC(32)   Merge Heap Roots: 1.6ms
[2025-12-17T08:50:42.403+0000][463081.842s] GC(32)   Evacuate Collection Set: 74.7ms
[2025-12-17T08:50:42.403+0000][463081.842s] GC(32)   Post Evacuate Collection Set: 6.2ms
[2025-12-17T08:50:42.403+0000][463081.842s] GC(32)   Other: 5.7ms
[2025-12-17T08:50:42.403+0000][463081.842s] GC(32) Eden regions: 610->0(610)
[2025-12-17T08:50:42.404+0000][463081.842s] GC(32) Survivor regions: 4->4(77)
[2025-12-17T08:50:42.404+0000][463081.842s] GC(32) Old regions: 52->52
[2025-12-17T08:50:42.404+0000][463081.842s] GC(32) Archive regions: 2->2
[2025-12-17T08:50:42.404+0000][463081.843s] GC(32) Humongous regions: 4->4
[2025-12-17T08:50:42.404+0000][463081.843s] GC(32) Metaspace: 69402K(70208K)->69402K(70208K) NonClass: 60834K(61248K)->60834K(61248K) Class: 8568K(8960K)->8568K(8960K)
[2025-12-17T08:50:42.404+0000][463081.843s] GC(32) Pause Young (Normal) (G1 Evacuation Pause) 669M->59M(1024M) 94.327ms
[2025-12-17T08:50:42.404+0000][463081.843s] GC(32) User=0.52s Sys=0.00s Real=0.09s
[2025-12-17T13:48:48.655+0000][480967.865s] GC(33) Pause Young (Normal) (G1 Evacuation Pause)
[2025-12-17T13:48:48.659+0000][480967.869s] GC(33) Using 8 workers of 8 for evacuation
[2025-12-17T13:48:48.777+0000][480967.987s] GC(33)   Pre Evacuate Collection Set: 4.0ms
[2025-12-17T13:48:48.777+0000][480967.987s] GC(33)   Merge Heap Roots: 3.4ms
[2025-12-17T13:48:48.777+0000][480967.987s] GC(33)   Evacuate Collection Set: 94.0ms
[2025-12-17T13:48:48.778+0000][480967.987s] GC(33)   Post Evacuate Collection Set: 8.5ms
[2025-12-17T13:48:48.778+0000][480967.988s] GC(33)   Other: 13.7ms
[2025-12-17T13:48:48.778+0000][480967.988s] GC(33) Eden regions: 610->0(610)
[2025-12-17T13:48:48.778+0000][480967.988s] GC(33) Survivor regions: 4->4(77)
[2025-12-17T13:48:48.778+0000][480967.988s] GC(33) Old regions: 52->52
[2025-12-17T13:48:48.778+0000][480967.988s] GC(33) Archive regions: 2->2
[2025-12-17T13:48:48.778+0000][480967.988s] GC(33) Humongous regions: 4->4
[2025-12-17T13:48:48.778+0000][480967.988s] GC(33) Metaspace: 69403K(70208K)->69403K(70208K) NonClass: 60834K(61248K)->60834K(61248K) Class: 8568K(8960K)->8568K(8960K)
[2025-12-17T13:48:48.778+0000][480967.988s] GC(33) Pause Young (Normal) (G1 Evacuation Pause) 669M->59M(1024M) 123.256ms
[2025-12-17T13:48:48.778+0000][480967.988s] GC(33) User=0.62s Sys=0.00s Real=0.13s
[2025-12-17T18:47:17.911+0000][498877.079s] GC(34) Pause Young (Normal) (G1 Evacuation Pause)
[2025-12-17T18:47:17.914+0000][498877.083s] GC(34) Using 8 workers of 8 for evacuation
[2025-12-17T18:47:18.034+0000][498877.202s] GC(34)   Pre Evacuate Collection Set: 7.5ms
[2025-12-17T18:47:18.034+0000][498877.202s] GC(34)   Merge Heap Roots: 3.7ms
[2025-12-17T18:47:18.034+0000][498877.202s] GC(34)   Evacuate Collection Set: 92.9ms
[2025-12-17T18:47:18.034+0000][498877.202s] GC(34)   Post Evacuate Collection Set: 11.3ms
[2025-12-17T18:47:18.034+0000][498877.203s] GC(34)   Other: 11.0ms
[2025-12-17T18:47:18.034+0000][498877.203s] GC(34) Eden regions: 610->0(610)
[2025-12-17T18:47:18.034+0000][498877.203s] GC(34) Survivor regions: 4->4(77)
[2025-12-17T18:47:18.034+0000][498877.203s] GC(34) Old regions: 52->52
[2025-12-17T18:47:18.035+0000][498877.203s] GC(34) Archive regions: 2->2
[2025-12-17T18:47:18.035+0000][498877.203s] GC(34) Humongous regions: 4->4
[2025-12-17T18:47:18.035+0000][498877.203s] GC(34) Metaspace: 69403K(70208K)->69403K(70208K) NonClass: 60834K(61248K)->60834K(61248K) Class: 8568K(8960K)->8568K(8960K)
[2025-12-17T18:47:18.035+0000][498877.203s] GC(34) Pause Young (Normal) (G1 Evacuation Pause) 669M->59M(1024M) 125.454ms
[2025-12-17T18:47:18.035+0000][498877.203s] GC(34) User=0.64s Sys=0.00s Real=0.12s
[2025-12-17T23:39:40.108+0000][516419.293s] GC(35) Pause Young (Normal) (G1 Evacuation Pause)
[2025-12-17T23:39:40.115+0000][516419.300s] GC(35) Using 8 workers of 8 for evacuation
[2025-12-17T23:39:40.300+0000][516419.484s] GC(35)   Pre Evacuate Collection Set: 17.6ms
[2025-12-17T23:39:40.300+0000][516419.485s] GC(35)   Merge Heap Roots: 3.9ms
[2025-12-17T23:39:40.300+0000][516419.485s] GC(35)   Evacuate Collection Set: 144.7ms
[2025-12-17T23:39:40.301+0000][516419.485s] GC(35)   Post Evacuate Collection Set: 8.4ms
[2025-12-17T23:39:40.301+0000][516419.485s] GC(35)   Other: 19.0ms
[2025-12-17T23:39:40.301+0000][516419.485s] GC(35) Eden regions: 610->0(610)
[2025-12-17T23:39:40.301+0000][516419.485s] GC(35) Survivor regions: 4->4(77)
[2025-12-17T23:39:40.301+0000][516419.485s] GC(35) Old regions: 52->52
[2025-12-17T23:39:40.301+0000][516419.485s] GC(35) Archive regions: 2->2
[2025-12-17T23:39:40.301+0000][516419.485s] GC(35) Humongous regions: 4->4
[2025-12-17T23:39:40.301+0000][516419.485s] GC(35) Metaspace: 69751K(70528K)->69751K(70528K) NonClass: 61124K(61504K)->61124K(61504K) Class: 8626K(9024K)->8626K(9024K)
[2025-12-17T23:39:40.301+0000][516419.485s] GC(35) Pause Young (Normal) (G1 Evacuation Pause) 669M->59M(1024M) 193.534ms
[2025-12-17T23:39:40.301+0000][516419.486s] GC(35) User=0.89s Sys=0.00s Real=0.19s
[2025-12-18T04:37:16.060+0000][534275.280s] GC(36) Pause Young (Normal) (G1 Evacuation Pause)
[2025-12-18T04:37:16.062+0000][534275.282s] GC(36) Using 8 workers of 8 for evacuation
[2025-12-18T04:37:16.151+0000][534275.371s] GC(36)   Pre Evacuate Collection Set: 4.6ms
[2025-12-18T04:37:16.152+0000][534275.371s] GC(36)   Merge Heap Roots: 1.8ms
[2025-12-18T04:37:16.152+0000][534275.372s] GC(36)   Evacuate Collection Set: 71.2ms
[2025-12-18T04:37:16.152+0000][534275.372s] GC(36)   Post Evacuate Collection Set: 8.9ms
[2025-12-18T04:37:16.152+0000][534275.372s] GC(36)   Other: 6.1ms
[2025-12-18T04:37:16.152+0000][534275.372s] GC(36) Eden regions: 610->0(610)
[2025-12-18T04:37:16.152+0000][534275.372s] GC(36) Survivor regions: 4->4(77)
[2025-12-18T04:37:16.152+0000][534275.372s] GC(36) Old regions: 52->52
[2025-12-18T04:37:16.152+0000][534275.372s] GC(36) Archive regions: 2->2
[2025-12-18T04:37:16.152+0000][534275.372s] GC(36) Humongous regions: 4->4
[2025-12-18T04:37:16.152+0000][534275.372s] GC(36) Metaspace: 69751K(70528K)->69751K(70528K) NonClass: 61124K(61504K)->61124K(61504K) Class: 8626K(9024K)->8626K(9024K)
[2025-12-18T04:37:16.152+0000][534275.372s] GC(36) Pause Young (Normal) (G1 Evacuation Pause) 669M->59M(1024M) 92.369ms
[2025-12-18T04:37:16.152+0000][534275.372s] GC(36) User=0.58s Sys=0.00s Real=0.09s
[2025-12-18T09:35:21.894+0000][552160.978s] GC(37) Pause Young (Normal) (G1 Evacuation Pause)
[2025-12-18T09:35:21.898+0000][552160.982s] GC(37) Using 8 workers of 8 for evacuation
[2025-12-18T09:35:21.963+0000][552161.047s] GC(37)   Pre Evacuate Collection Set: 4.0ms
[2025-12-18T09:35:21.964+0000][552161.047s] GC(37)   Merge Heap Roots: 2.5ms
[2025-12-18T09:35:21.964+0000][552161.047s] GC(37)   Evacuate Collection Set: 45.8ms
[2025-12-18T09:35:21.964+0000][552161.047s] GC(37)   Post Evacuate Collection Set: 9.7ms
[2025-12-18T09:35:21.964+0000][552161.048s] GC(37)   Other: 8.6ms
[2025-12-18T09:35:21.964+0000][552161.048s] GC(37) Eden regions: 610->0(610)
[2025-12-18T09:35:21.964+0000][552161.048s] GC(37) Survivor regions: 4->4(77)
[2025-12-18T09:35:21.964+0000][552161.048s] GC(37) Old regions: 52->52
[2025-12-18T09:35:21.964+0000][552161.048s] GC(37) Archive regions: 2->2
[2025-12-18T09:35:21.964+0000][552161.048s] GC(37) Humongous regions: 4->4
[2025-12-18T09:35:21.964+0000][552161.048s] GC(37) Metaspace: 69751K(70528K)->69751K(70528K) NonClass: 61124K(61504K)->61124K(61504K) Class: 8626K(9024K)->8626K(9024K)
[2025-12-18T09:35:21.964+0000][552161.048s] GC(37) Pause Young (Normal) (G1 Evacuation Pause) 669M->59M(1024M) 70.365ms
[2025-12-18T09:35:21.964+0000][552161.048s] GC(37) User=0.38s Sys=0.00s Real=0.07s
[2025-12-18T17:25:26.964+0000][570021.176s] GC(38) Pause Young (Normal) (G1 Evacuation Pause)
[2025-12-18T17:25:26.971+0000][570021.183s] GC(38) Using 8 workers of 8 for evacuation
[2025-12-18T17:25:27.270+0000][570021.482s] GC(38) MMU target violated: 251.0ms (250.0ms/251.0ms)
[2025-12-18T17:25:27.272+0000][570021.484s] GC(38)   Pre Evacuate Collection Set: 21.1ms
[2025-12-18T17:25:27.272+0000][570021.484s] GC(38)   Merge Heap Roots: 5.3ms
[2025-12-18T17:25:27.273+0000][570021.484s] GC(38)   Evacuate Collection Set: 230.3ms
[2025-12-18T17:25:27.273+0000][570021.484s] GC(38)   Post Evacuate Collection Set: 29.7ms
[2025-12-18T17:25:27.273+0000][570021.485s] GC(38)   Other: 24.4ms
[2025-12-18T17:25:27.274+0000][570021.485s] GC(38) Eden regions: 610->0(610)
[2025-12-18T17:25:27.274+0000][570021.485s] GC(38) Survivor regions: 4->4(77)
[2025-12-18T17:25:27.274+0000][570021.485s] GC(38) Old regions: 52->52
[2025-12-18T17:25:27.274+0000][570021.485s] GC(38) Archive regions: 2->2
[2025-12-18T17:25:27.274+0000][570021.485s] GC(38) Humongous regions: 148->4
[2025-12-18T17:25:27.274+0000][570021.486s] GC(38) Metaspace: 70128K(70976K)->70128K(70976K) NonClass: 61468K(61888K)->61468K(61888K) Class: 8660K(9088K)->8660K(9088K)
[2025-12-18T17:25:27.275+0000][570021.486s] GC(38) Pause Young (Normal) (G1 Evacuation Pause) 813M->60M(1024M) 311.155ms
[2025-12-18T17:25:27.275+0000][570021.486s] GC(38) User=1.67s Sys=0.00s Real=0.31s
[2025-12-18T22:58:07.571+0000][589981.523s] GC(39) Pause Young (Normal) (G1 Evacuation Pause)
[2025-12-18T22:58:07.575+0000][589981.527s] GC(39) Using 8 workers of 8 for evacuation
[2025-12-18T22:58:07.761+0000][589981.713s] GC(39)   Pre Evacuate Collection Set: 10.9ms
[2025-12-18T22:58:07.761+0000][589981.713s] GC(39)   Merge Heap Roots: 3.5ms
[2025-12-18T22:58:07.761+0000][589981.713s] GC(39)   Evacuate Collection Set: 146.0ms
[2025-12-18T22:58:07.761+0000][589981.713s] GC(39)   Post Evacuate Collection Set: 14.5ms
[2025-12-18T22:58:07.762+0000][589981.713s] GC(39)   Other: 17.8ms
[2025-12-18T22:58:07.762+0000][589981.714s] GC(39) Eden regions: 610->0(610)
[2025-12-18T22:58:07.762+0000][589981.714s] GC(39) Survivor regions: 4->4(77)
[2025-12-18T22:58:07.762+0000][589981.714s] GC(39) Old regions: 52->52
[2025-12-18T22:58:07.762+0000][589981.714s] GC(39) Archive regions: 2->2
[2025-12-18T22:58:07.762+0000][589981.714s] GC(39) Humongous regions: 4->4
[2025-12-18T22:58:07.762+0000][589981.714s] GC(39) Metaspace: 70129K(70976K)->70129K(70976K) NonClass: 61469K(61888K)->61469K(61888K) Class: 8660K(9088K)->8660K(9088K)
[2025-12-18T22:58:07.763+0000][589981.715s] GC(39) Pause Young (Normal) (G1 Evacuation Pause) 670M->59M(1024M) 191.918ms
[2025-12-18T22:58:07.763+0000][589981.715s] GC(39) User=1.03s Sys=0.00s Real=0.19s
[2025-12-19T04:33:07.278+0000][610081.227s] GC(40) Pause Young (Normal) (G1 Evacuation Pause)
[2025-12-19T04:33:07.280+0000][610081.228s] GC(40) Using 8 workers of 8 for evacuation
[2025-12-19T04:33:07.432+0000][610081.381s] GC(40)   Pre Evacuate Collection Set: 6.3ms
[2025-12-19T04:33:07.432+0000][610081.381s] GC(40)   Merge Heap Roots: 2.9ms
[2025-12-19T04:33:07.432+0000][610081.381s] GC(40)   Evacuate Collection Set: 129.3ms
[2025-12-19T04:33:07.432+0000][610081.381s] GC(40)   Post Evacuate Collection Set: 9.8ms
[2025-12-19T04:33:07.432+0000][610081.381s] GC(40)   Other: 6.9ms
[2025-12-19T04:33:07.432+0000][610081.381s] GC(40) Eden regions: 610->0(610)
[2025-12-19T04:33:07.432+0000][610081.381s] GC(40) Survivor regions: 4->4(77)
[2025-12-19T04:33:07.433+0000][610081.381s] GC(40) Old regions: 52->52
[2025-12-19T04:33:07.433+0000][610081.381s] GC(40) Archive regions: 2->2
[2025-12-19T04:33:07.433+0000][610081.381s] GC(40) Humongous regions: 4->4
[2025-12-19T04:33:07.433+0000][610081.381s] GC(40) Metaspace: 70131K(70976K)->70131K(70976K) NonClass: 61471K(61888K)->61471K(61888K) Class: 8660K(9088K)->8660K(9088K)
[2025-12-19T04:33:07.433+0000][610081.381s] GC(40) Pause Young (Normal) (G1 Evacuation Pause) 669M->59M(1024M) 155.001ms
[2025-12-19T04:33:07.433+0000][610081.382s] GC(40) User=0.82s Sys=0.00s Real=0.16s
[2025-12-19T15:30:22.907+0000][630043.524s] GC(41) Pause Young (Normal) (G1 Evacuation Pause)
[2025-12-19T15:30:22.911+0000][630043.527s] GC(41) Using 8 workers of 8 for evacuation
[2025-12-19T15:30:23.104+0000][630043.720s] GC(41)   Pre Evacuate Collection Set: 7.9ms
[2025-12-19T15:30:23.104+0000][630043.721s] GC(41)   Merge Heap Roots: 3.6ms
[2025-12-19T15:30:23.105+0000][630043.721s] GC(41)   Evacuate Collection Set: 155.2ms
[2025-12-19T15:30:23.105+0000][630043.721s] GC(41)   Post Evacuate Collection Set: 17.4ms
[2025-12-19T15:30:23.105+0000][630043.721s] GC(41)   Other: 14.9ms
[2025-12-19T15:30:23.105+0000][630043.722s] GC(41) Eden regions: 610->0(610)
[2025-12-19T15:30:23.106+0000][630043.722s] GC(41) Survivor regions: 4->4(77)
[2025-12-19T15:30:23.106+0000][630043.722s] GC(41) Old regions: 52->52
[2025-12-19T15:30:23.106+0000][630043.722s] GC(41) Archive regions: 2->2
[2025-12-19T15:30:23.106+0000][630043.722s] GC(41) Humongous regions: 4->4
[2025-12-19T15:30:23.106+0000][630043.722s] GC(41) Metaspace: 70140K(70976K)->70140K(70976K) NonClass: 61480K(61888K)->61480K(61888K) Class: 8660K(9088K)->8660K(9088K)
[2025-12-19T15:30:23.106+0000][630043.722s] GC(41) Pause Young (Normal) (G1 Evacuation Pause) 669M->59M(1024M) 199.436ms
[2025-12-19T15:30:23.106+0000][630043.722s] GC(41) User=1.02s Sys=0.00s Real=0.20s
[2025-12-19T21:05:22.910+0000][650143.508s] GC(42) Pause Young (Normal) (G1 Evacuation Pause)
[2025-12-19T21:05:22.913+0000][650143.511s] GC(42) Using 8 workers of 8 for evacuation
[2025-12-19T21:05:23.052+0000][650143.650s] GC(42)   Pre Evacuate Collection Set: 5.2ms
[2025-12-19T21:05:23.052+0000][650143.651s] GC(42)   Merge Heap Roots: 1.5ms
[2025-12-19T21:05:23.052+0000][650143.651s] GC(42)   Evacuate Collection Set: 116.0ms
[2025-12-19T21:05:23.053+0000][650143.651s] GC(42)   Post Evacuate Collection Set: 12.4ms
[2025-12-19T21:05:23.053+0000][650143.651s] GC(42)   Other: 8.4ms
[2025-12-19T21:05:23.053+0000][650143.651s] GC(42) Eden regions: 610->0(610)
[2025-12-19T21:05:23.053+0000][650143.651s] GC(42) Survivor regions: 4->4(77)
[2025-12-19T21:05:23.053+0000][650143.651s] GC(42) Old regions: 52->52
[2025-12-19T21:05:23.053+0000][650143.652s] GC(42) Archive regions: 2->2
[2025-12-19T21:05:23.053+0000][650143.652s] GC(42) Humongous regions: 4->4
[2025-12-19T21:05:23.054+0000][650143.652s] GC(42) Metaspace: 70140K(70976K)->70140K(70976K) NonClass: 61480K(61888K)->61480K(61888K) Class: 8660K(9088K)->8660K(9088K)
[2025-12-19T21:05:23.054+0000][650143.652s] GC(42) Pause Young (Normal) (G1 Evacuation Pause) 669M->59M(1024M) 144.157ms
[2025-12-19T21:05:23.054+0000][650143.652s] GC(42) User=0.62s Sys=0.00s Real=0.14s
[2025-12-20T02:40:23.082+0000][670243.702s] GC(43) Pause Young (Normal) (G1 Evacuation Pause)
[2025-12-20T02:40:23.088+0000][670243.707s] GC(43) Using 8 workers of 8 for evacuation
[2025-12-20T02:40:23.231+0000][670243.851s] GC(43)   Pre Evacuate Collection Set: 4.6ms
[2025-12-20T02:40:23.232+0000][670243.851s] GC(43)   Merge Heap Roots: 1.8ms
[2025-12-20T02:40:23.232+0000][670243.852s] GC(43)   Evacuate Collection Set: 120.2ms
[2025-12-20T02:40:23.232+0000][670243.852s] GC(43)   Post Evacuate Collection Set: 12.8ms
[2025-12-20T02:40:23.232+0000][670243.852s] GC(43)   Other: 10.8ms
[2025-12-20T02:40:23.232+0000][670243.852s] GC(43) Eden regions: 610->0(610)
[2025-12-20T02:40:23.232+0000][670243.852s] GC(43) Survivor regions: 4->4(77)
[2025-12-20T02:40:23.232+0000][670243.852s] GC(43) Old regions: 52->52
[2025-12-20T02:40:23.232+0000][670243.852s] GC(43) Archive regions: 2->2
[2025-12-20T02:40:23.232+0000][670243.852s] GC(43) Humongous regions: 4->4
[2025-12-20T02:40:23.233+0000][670243.852s] GC(43) Metaspace: 70140K(70976K)->70140K(70976K) NonClass: 61480K(61888K)->61480K(61888K) Class: 8660K(9088K)->8660K(9088K)
[2025-12-20T02:40:23.233+0000][670243.852s] GC(43) Pause Young (Normal) (G1 Evacuation Pause) 669M->59M(1024M) 150.950ms
[2025-12-20T02:40:23.233+0000][670243.852s] GC(43) User=0.64s Sys=0.00s Real=0.15s
[2025-12-21T05:09:51.035+0000][690195.889s] GC(44) Pause Young (Normal) (G1 Evacuation Pause)
[2025-12-21T05:09:51.039+0000][690195.893s] GC(44) Using 8 workers of 8 for evacuation
[2025-12-21T05:09:51.221+0000][690196.074s] GC(44)   Pre Evacuate Collection Set: 6.2ms
[2025-12-21T05:09:51.221+0000][690196.075s] GC(44)   Merge Heap Roots: 6.0ms
[2025-12-21T05:09:51.221+0000][690196.075s] GC(44)   Evacuate Collection Set: 129.1ms
[2025-12-21T05:09:51.221+0000][690196.075s] GC(44)   Post Evacuate Collection Set: 32.9ms
[2025-12-21T05:09:51.222+0000][690196.075s] GC(44)   Other: 14.5ms
[2025-12-21T05:09:51.223+0000][690196.076s] GC(44) Eden regions: 610->0(610)
[2025-12-21T05:09:51.223+0000][690196.076s] GC(44) Survivor regions: 4->4(77)
[2025-12-21T05:09:51.223+0000][690196.076s] GC(44) Old regions: 52->52
[2025-12-21T05:09:51.223+0000][690196.076s] GC(44) Archive regions: 2->2
[2025-12-21T05:09:51.223+0000][690196.076s] GC(44) Humongous regions: 4->4
[2025-12-21T05:09:51.223+0000][690196.076s] GC(44) Metaspace: 70160K(70976K)->70160K(70976K) NonClass: 61500K(61888K)->61500K(61888K) Class: 8660K(9088K)->8660K(9088K)
[2025-12-21T05:09:51.223+0000][690196.077s] GC(44) Pause Young (Normal) (G1 Evacuation Pause) 669M->59M(1024M) 188.840ms
[2025-12-21T05:09:51.224+0000][690196.077s] GC(44) User=0.97s Sys=0.00s Real=0.18s
[2025-12-21T15:33:00.403+0000][710225.157s] GC(45) Pause Young (Normal) (G1 Evacuation Pause)
[2025-12-21T15:33:00.408+0000][710225.162s] GC(45) Using 8 workers of 8 for evacuation
[2025-12-21T15:33:00.663+0000][710225.417s] GC(45)   Pre Evacuate Collection Set: 9.7ms
[2025-12-21T15:33:00.664+0000][710225.417s] GC(45)   Merge Heap Roots: 6.3ms
[2025-12-21T15:33:00.664+0000][710225.417s] GC(45)   Evacuate Collection Set: 211.9ms
[2025-12-21T15:33:00.664+0000][710225.417s] GC(45)   Post Evacuate Collection Set: 17.8ms
[2025-12-21T15:33:00.664+0000][710225.418s] GC(45)   Other: 17.2ms
[2025-12-21T15:33:00.665+0000][710225.418s] GC(45) Eden regions: 610->0(610)
[2025-12-21T15:33:00.665+0000][710225.418s] GC(45) Survivor regions: 4->4(77)
[2025-12-21T15:33:00.665+0000][710225.419s] GC(45) Old regions: 52->52
[2025-12-21T15:33:00.665+0000][710225.419s] GC(45) Archive regions: 2->2
[2025-12-21T15:33:00.665+0000][710225.419s] GC(45) Humongous regions: 4->4
[2025-12-21T15:33:00.666+0000][710225.420s] GC(45) Metaspace: 70162K(70976K)->70162K(70976K) NonClass: 61502K(61888K)->61502K(61888K) Class: 8660K(9088K)->8660K(9088K)
[2025-12-21T15:33:00.667+0000][710225.420s] GC(45) Pause Young (Normal) (G1 Evacuation Pause) 669M->59M(1024M) 264.679ms
[2025-12-21T15:33:00.667+0000][710225.420s] GC(45) User=1.56s Sys=0.00s Real=0.27s
[2025-12-21T20:50:21.121+0000][729265.850s] GC(46) Pause Young (Normal) (G1 Evacuation Pause)
[2025-12-21T20:50:21.125+0000][729265.853s] GC(46) Using 8 workers of 8 for evacuation
[2025-12-21T20:50:21.337+0000][729266.065s] GC(46)   Pre Evacuate Collection Set: 9.9ms
[2025-12-21T20:50:21.337+0000][729266.065s] GC(46)   Merge Heap Roots: 5.6ms
[2025-12-21T20:50:21.337+0000][729266.065s] GC(46)   Evacuate Collection Set: 155.1ms
[2025-12-21T20:50:21.337+0000][729266.066s] GC(46)   Post Evacuate Collection Set: 31.7ms
[2025-12-21T20:50:21.337+0000][729266.066s] GC(46)   Other: 15.9ms
[2025-12-21T20:50:21.338+0000][729266.066s] GC(46) Eden regions: 610->0(612)
[2025-12-21T20:50:21.338+0000][729266.066s] GC(46) Survivor regions: 4->2(77)
[2025-12-21T20:50:21.338+0000][729266.066s] GC(46) Old regions: 52->54
[2025-12-21T20:50:21.338+0000][729266.067s] GC(46) Archive regions: 2->2
[2025-12-21T20:50:21.338+0000][729266.067s] GC(46) Humongous regions: 4->4
[2025-12-21T20:50:21.339+0000][729266.067s] GC(46) Metaspace: 70289K(71104K)->70289K(71104K) NonClass: 61621K(62016K)->61621K(62016K) Class: 8668K(9088K)->8668K(9088K)
[2025-12-21T20:50:21.339+0000][729266.068s] GC(46) Pause Young (Normal) (G1 Evacuation Pause) 669M->60M(1024M) 218.895ms
[2025-12-21T20:50:21.339+0000][729266.068s] GC(46) User=1.19s Sys=0.00s Real=0.22s
[2025-12-22T02:21:12.300+0000][749116.936s] GC(47) Pause Young (Normal) (G1 Evacuation Pause)
[2025-12-22T02:21:12.303+0000][749116.939s] GC(47) Using 8 workers of 8 for evacuation
[2025-12-22T02:21:12.521+0000][749117.157s] GC(47)   Pre Evacuate Collection Set: 12.6ms
[2025-12-22T02:21:12.522+0000][749117.157s] GC(47)   Merge Heap Roots: 3.3ms
[2025-12-22T02:21:12.522+0000][749117.157s] GC(47)   Evacuate Collection Set: 173.6ms
[2025-12-22T02:21:12.522+0000][749117.157s] GC(47)   Post Evacuate Collection Set: 21.6ms
[2025-12-22T02:21:12.522+0000][749117.158s] GC(47)   Other: 12.7ms
[2025-12-22T02:21:12.523+0000][749117.158s] GC(47) Eden regions: 612->0(612)
[2025-12-22T02:21:12.523+0000][749117.158s] GC(47) Survivor regions: 2->2(77)
[2025-12-22T02:21:12.523+0000][749117.158s] GC(47) Old regions: 54->54
[2025-12-22T02:21:12.523+0000][749117.158s] GC(47) Archive regions: 2->2
[2025-12-22T02:21:12.523+0000][749117.158s] GC(47) Humongous regions: 4->4
[2025-12-22T02:21:12.523+0000][749117.159s] GC(47) Metaspace: 70308K(71104K)->70308K(71104K) NonClass: 61640K(62016K)->61640K(62016K) Class: 8668K(9088K)->8668K(9088K)
[2025-12-22T02:21:12.524+0000][749117.159s] GC(47) Pause Young (Normal) (G1 Evacuation Pause) 672M->59M(1024M) 224.654ms
[2025-12-22T02:21:12.524+0000][749117.159s] GC(47) User=1.04s Sys=0.00s Real=0.23s
[2025-12-22T17:04:08.274+0000][763952.097s] Heap
[2025-12-22T17:04:08.284+0000][763952.107s]  garbage-first heap   total 1048576K, used 572792K [0x00000000c0000000, 0x0000000100000000)
[2025-12-22T17:04:08.330+0000][763952.153s]   region size 1024K, 502 young (514048K), 2 survivors (2048K)
[2025-12-22T17:04:08.363+0000][763952.186s]  Metaspace       used 70596K, committed 71360K, reserved 1114112K
[2025-12-22T17:04:08.389+0000][763952.212s]   class space    used 8708K, committed 9088K, reserved 1048576K
