[2025-12-07T21:43:44.820+0000][0.015s] Using G1
[2025-12-07T21:43:45.817+0000][1.012s] Version: 17.0.13+11 (release)
[2025-12-07T21:43:45.817+0000][1.013s] CPUs: 8 total, 8 available
[2025-12-07T21:43:45.818+0000][1.013s] Memory: 7837M
[2025-12-07T21:43:45.819+0000][1.014s] Large Page Support: Disabled
[2025-12-07T21:43:45.819+0000][1.014s] NUMA Support: Disabled
[2025-12-07T21:43:45.819+0000][1.014s] Compressed Oops: Enabled (32-bit)
[2025-12-07T21:43:45.819+0000][1.014s] Heap Region Size: 1M
[2025-12-07T21:43:45.819+0000][1.014s] Heap Min Capacity: 1G
[2025-12-07T21:43:45.819+0000][1.014s] Heap Initial Capacity: 1G
[2025-12-07T21:43:45.819+0000][1.015s] Heap Max Capacity: 1G
[2025-12-07T21:43:45.820+0000][1.015s] Pre-touch: Enabled
[2025-12-07T21:43:45.820+0000][1.015s] Parallel Workers: 8
[2025-12-07T21:43:45.820+0000][1.015s] Concurrent Workers: 2
[2025-12-07T21:43:45.820+0000][1.015s] Concurrent Refinement Workers: 8
[2025-12-07T21:43:45.821+0000][1.016s] Periodic GC: Disabled
[2025-12-07T21:43:45.904+0000][1.099s] CDS archive(s) mapped at: [0x0000007800000000-0x0000007800a70000-0x0000007800a70000), size 10944512, SharedBaseAddress: 0x0000007800000000, ArchiveRelocationMode: 1.
[2025-12-07T21:43:45.904+0000][1.099s] Compressed class space mapped at: 0x0000007801000000-0x0000007841000000, reserved size: 1073741824
[2025-12-07T21:43:45.904+0000][1.099s] Narrow klass base: 0x0000007800000000, Narrow klass shift: 0, Narrow klass range: 0x100000000
[2025-12-07T21:43:47.064+0000][2.260s] GC(0) Pause Young (Normal) (G1 Evacuation Pause)
[2025-12-07T21:43:47.065+0000][2.260s] GC(0) Using 8 workers of 8 for evacuation
[2025-12-07T21:43:47.070+0000][2.265s] GC(0)   Pre Evacuate Collection Set: 0.3ms
[2025-12-07T21:43:47.070+0000][2.265s] GC(0)   Merge Heap Roots: 0.3ms
[2025-12-07T21:43:47.070+0000][2.266s] GC(0)   Evacuate Collection Set: 4.0ms
[2025-12-07T21:43:47.070+0000][2.266s] GC(0)   Post Evacuate Collection Set: 0.7ms
[2025-12-07T21:43:47.071+0000][2.266s] GC(0)   Other: 0.5ms
[2025-12-07T21:43:47.071+0000][2.266s] GC(0) Eden regions: 51->0(52)
[2025-12-07T21:43:47.071+0000][2.266s] GC(0) Survivor regions: 0->7(7)
[2025-12-07T21:43:47.071+0000][2.266s] GC(0) Old regions: 0->5
[2025-12-07T21:43:47.071+0000][2.266s] GC(0) Archive regions: 2->2
[2025-12-07T21:43:47.071+0000][2.266s] GC(0) Humongous regions: 4->4
[2025-12-07T21:43:47.071+0000][2.266s] GC(0) Metaspace: 10389K(10624K)->10389K(10624K) NonClass: 9111K(9216K)->9111K(9216K) Class: 1278K(1408K)->1278K(1408K)
[2025-12-07T21:43:47.071+0000][2.266s] GC(0) Pause Young (Normal) (G1 Evacuation Pause) 55M->16M(1024M) 6.379ms
[2025-12-07T21:43:47.071+0000][2.266s] GC(0) User=0.02s Sys=0.00s Real=0.01s
[2025-12-07T21:43:47.580+0000][2.775s] GC(1) Pause Young (Normal) (G1 Evacuation Pause)
[2025-12-07T21:43:47.580+0000][2.775s] GC(1) Using 8 workers of 8 for evacuation
[2025-12-07T21:43:47.587+0000][2.782s] GC(1)   Pre Evacuate Collection Set: 0.2ms
[2025-12-07T21:43:47.587+0000][2.783s] GC(1)   Merge Heap Roots: 0.1ms
[2025-12-07T21:43:47.588+0000][2.783s] GC(1)   Evacuate Collection Set: 6.3ms
[2025-12-07T21:43:47.588+0000][2.783s] GC(1)   Post Evacuate Collection Set: 0.5ms
[2025-12-07T21:43:47.588+0000][2.783s] GC(1)   Other: 0.4ms
[2025-12-07T21:43:47.588+0000][2.783s] GC(1) Eden regions: 44->0(59)
[2025-12-07T21:43:47.588+0000][2.783s] GC(1) Survivor regions: 7->7(7)
[2025-12-07T21:43:47.588+0000][2.783s] GC(1) Old regions: 5->12
[2025-12-07T21:43:47.588+0000][2.783s] GC(1) Archive regions: 2->2
[2025-12-07T21:43:47.588+0000][2.783s] GC(1) Humongous regions: 4->4
[2025-12-07T21:43:47.588+0000][2.783s] GC(1) Metaspace: 18390K(18688K)->18390K(18688K) NonClass: 16126K(16256K)->16126K(16256K) Class: 2263K(2432K)->2263K(2432K)
[2025-12-07T21:43:47.588+0000][2.783s] GC(1) Pause Young (Normal) (G1 Evacuation Pause) 60M->23M(1024M) 8.256ms
[2025-12-07T21:43:47.588+0000][2.783s] GC(1) User=0.04s Sys=0.00s Real=0.01s
[2025-12-07T21:43:48.197+0000][3.392s] GC(2) Pause Young (Concurrent Start) (Metadata GC Threshold)
[2025-12-07T21:43:48.197+0000][3.392s] GC(2) Using 8 workers of 8 for evacuation
[2025-12-07T21:43:48.211+0000][3.407s] GC(2)   Pre Evacuate Collection Set: 0.5ms
[2025-12-07T21:43:48.212+0000][3.407s] GC(2)   Merge Heap Roots: 0.1ms
[2025-12-07T21:43:48.212+0000][3.407s] GC(2)   Evacuate Collection Set: 11.7ms
[2025-12-07T21:43:48.212+0000][3.407s] GC(2)   Post Evacuate Collection Set: 0.7ms
[2025-12-07T21:43:48.212+0000][3.407s] GC(2)   Other: 1.4ms
[2025-12-07T21:43:48.212+0000][3.407s] GC(2) Eden regions: 45->0(97)
[2025-12-07T21:43:48.212+0000][3.407s] GC(2) Survivor regions: 7->2(9)
[2025-12-07T21:43:48.212+0000][3.408s] GC(2) Old regions: 12->19
[2025-12-07T21:43:48.213+0000][3.408s] GC(2) Archive regions: 2->2
[2025-12-07T21:43:48.213+0000][3.408s] GC(2) Humongous regions: 4->4
[2025-12-07T21:43:48.213+0000][3.408s] GC(2) Metaspace: 21240K(21504K)->21240K(21504K) NonClass: 18638K(18752K)->18638K(18752K) Class: 2601K(2752K)->2601K(2752K)
[2025-12-07T21:43:48.213+0000][3.408s] GC(2) Pause Young (Concurrent Start) (Metadata GC Threshold) 67M->24M(1024M) 15.792ms
[2025-12-07T21:43:48.213+0000][3.408s] GC(2) User=0.06s Sys=0.00s Real=0.01s
[2025-12-07T21:43:48.213+0000][3.408s] GC(3) Concurrent Mark Cycle
[2025-12-07T21:43:48.213+0000][3.409s] GC(3) Concurrent Clear Claimed Marks
[2025-12-07T21:43:48.214+0000][3.409s] GC(3) Concurrent Clear Claimed Marks 0.226ms
[2025-12-07T21:43:48.214+0000][3.409s] GC(3) Concurrent Scan Root Regions
[2025-12-07T21:43:48.220+0000][3.416s] GC(3) Concurrent Scan Root Regions 6.484ms
[2025-12-07T21:43:48.221+0000][3.416s] GC(3) Concurrent Mark
[2025-12-07T21:43:48.221+0000][3.416s] GC(3) Concurrent Mark From Roots
[2025-12-07T21:43:48.221+0000][3.416s] GC(3) Using 2 workers of 2 for marking
[2025-12-07T21:43:48.227+0000][3.422s] GC(3) Concurrent Mark From Roots 6.033ms
[2025-12-07T21:43:48.227+0000][3.422s] GC(3) Concurrent Preclean
[2025-12-07T21:43:48.227+0000][3.423s] GC(3) Concurrent Preclean 0.275ms
[2025-12-07T21:43:48.228+0000][3.424s] GC(3) Pause Remark
[2025-12-07T21:43:48.232+0000][3.427s] GC(3) Pause Remark 25M->25M(1024M) 3.223ms
[2025-12-07T21:43:48.232+0000][3.427s] GC(3) User=0.01s Sys=0.00s Real=0.00s
[2025-12-07T21:43:48.233+0000][3.428s] GC(3) Concurrent Mark 11.949ms
[2025-12-07T21:43:48.233+0000][3.428s] GC(3) Concurrent Rebuild Remembered Sets
[2025-12-07T21:43:48.240+0000][3.435s] GC(3) Concurrent Rebuild Remembered Sets 7.510ms
[2025-12-07T21:43:48.241+0000][3.437s] GC(3) Pause Cleanup
[2025-12-07T21:43:48.242+0000][3.437s] GC(3) Pause Cleanup 25M->25M(1024M) 0.263ms
[2025-12-07T21:43:48.242+0000][3.437s] GC(3) User=0.00s Sys=0.00s Real=0.00s
[2025-12-07T21:43:48.242+0000][3.437s] GC(3) Concurrent Cleanup for Next Mark
[2025-12-07T21:43:48.242+0000][3.437s] GC(3) Concurrent Cleanup for Next Mark 0.432ms
[2025-12-07T21:43:48.242+0000][3.438s] GC(3) Concurrent Mark Cycle 29.186ms
[2025-12-07T21:43:51.998+0000][7.193s] GC(4) Pause Young (Prepare Mixed) (Metadata GC Threshold)
[2025-12-07T21:43:51.999+0000][7.195s] GC(4) Using 8 workers of 8 for evacuation
[2025-12-07T21:43:52.062+0000][7.257s] GC(4)   Pre Evacuate Collection Set: 10.0ms
[2025-12-07T21:43:52.065+0000][7.260s] GC(4)   Merge Heap Roots: 0.3ms
[2025-12-07T21:43:52.065+0000][7.260s] GC(4)   Evacuate Collection Set: 40.4ms
[2025-12-07T21:43:52.066+0000][7.261s] GC(4)   Post Evacuate Collection Set: 10.2ms
[2025-12-07T21:43:52.066+0000][7.261s] GC(4)   Other: 3.0ms
[2025-12-07T21:43:52.067+0000][7.262s] GC(4) Eden regions: 84->0(45)
[2025-12-07T21:43:52.067+0000][7.262s] GC(4) Survivor regions: 2->6(13)
[2025-12-07T21:43:52.067+0000][7.262s] GC(4) Old regions: 19->19
[2025-12-07T21:43:52.067+0000][7.262s] GC(4) Archive regions: 2->2
[2025-12-07T21:43:52.068+0000][7.263s] GC(4) Humongous regions: 4->4
[2025-12-07T21:43:52.068+0000][7.263s] GC(4) Metaspace: 35792K(36096K)->35792K(36096K) NonClass: 31348K(31488K)->31348K(31488K) Class: 4444K(4608K)->4444K(4608K)
[2025-12-07T21:43:52.068+0000][7.263s] GC(4) Pause Young (Prepare Mixed) (Metadata GC Threshold) 108M->28M(1024M) 70.010ms
[2025-12-07T21:43:52.068+0000][7.263s] GC(4) User=0.15s Sys=0.01s Real=0.07s
[2025-12-07T21:43:52.138+0000][7.333s] GC(5) Pause Young (Mixed) (Metadata GC Threshold)
[2025-12-07T21:43:52.141+0000][7.337s] GC(5) Using 8 workers of 8 for evacuation
[2025-12-07T21:43:52.163+0000][7.358s] GC(5)   Pre Evacuate Collection Set: 0.2ms
[2025-12-07T21:43:52.164+0000][7.359s] GC(5)   Merge Heap Roots: 0.1ms
[2025-12-07T21:43:52.164+0000][7.359s] GC(5)   Evacuate Collection Set: 19.1ms
[2025-12-07T21:43:52.164+0000][7.360s] GC(5)   Post Evacuate Collection Set: 2.0ms
[2025-12-07T21:43:52.165+0000][7.360s] GC(5)   Other: 4.1ms
[2025-12-07T21:43:52.165+0000][7.361s] GC(5) Eden regions: 2->0(613)
[2025-12-07T21:43:52.166+0000][7.361s] GC(5) Survivor regions: 6->1(7)
[2025-12-07T21:43:52.166+0000][7.361s] GC(5) Old regions: 19->24
[2025-12-07T21:43:52.166+0000][7.362s] GC(5) Archive regions: 2->2
[2025-12-07T21:43:52.167+0000][7.362s] GC(5) Humongous regions: 4->4
[2025-12-07T21:43:52.167+0000][7.362s] GC(5) Metaspace: 36018K(36416K)->36018K(36416K) NonClass: 31551K(31744K)->31551K(31744K) Class: 4467K(4672K)->4467K(4672K)
[2025-12-07T21:43:52.167+0000][7.362s] GC(5) Pause Young (Mixed) (Metadata GC Threshold) 29M->28M(1024M) 29.627ms
[2025-12-07T21:43:52.167+0000][7.363s] GC(5) User=0.06s Sys=0.01s Real=0.03s
[2025-12-07T21:43:52.233+0000][7.429s] GC(6) Pause Young (Concurrent Start) (Metadata GC Threshold)
[2025-12-07T21:43:52.234+0000][7.429s] GC(6) Using 8 workers of 8 for evacuation
[2025-12-07T21:43:52.247+0000][7.442s] GC(6)   Pre Evacuate Collection Set: 2.6ms
[2025-12-07T21:43:52.248+0000][7.444s] GC(6)   Merge Heap Roots: 0.2ms
[2025-12-07T21:43:52.249+0000][7.444s] GC(6)   Evacuate Collection Set: 7.9ms
[2025-12-07T21:43:52.250+0000][7.445s] GC(6)   Post Evacuate Collection Set: 1.8ms
[2025-12-07T21:43:52.250+0000][7.445s] GC(6)   Other: 1.3ms
[2025-12-07T21:43:52.250+0000][7.446s] GC(6) Eden regions: 3->0(613)
[2025-12-07T21:43:52.251+0000][7.446s] GC(6) Survivor regions: 1->1(77)
[2025-12-07T21:43:52.251+0000][7.446s] GC(6) Old regions: 24->24
[2025-12-07T21:43:52.251+0000][7.446s] GC(6) Archive regions: 2->2
[2025-12-07T21:43:52.252+0000][7.447s] GC(6) Humongous regions: 4->4
[2025-12-07T21:43:52.252+0000][7.447s] GC(6) Metaspace: 36385K(36736K)->36385K(36736K) NonClass: 31868K(32064K)->31868K(32064K) Class: 4517K(4672K)->4517K(4672K)
[2025-12-07T21:43:52.252+0000][7.447s] GC(6) Pause Young (Concurrent Start) (Metadata GC Threshold) 31M->28M(1024M) 18.857ms
[2025-12-07T21:43:52.253+0000][7.448s] GC(6) User=0.02s Sys=0.01s Real=0.02s
[2025-12-07T21:43:52.253+0000][7.448s] GC(7) Concurrent Mark Cycle
[2025-12-07T21:43:52.254+0000][7.449s] GC(7) Concurrent Clear Claimed Marks
[2025-12-07T21:43:52.254+0000][7.449s] GC(7) Concurrent Clear Claimed Marks 0.722ms
[2025-12-07T21:43:52.255+0000][7.450s] GC(7) Concurrent Scan Root Regions
[2025-12-07T21:43:52.270+0000][7.465s] GC(7) Concurrent Scan Root Regions 14.542ms
[2025-12-07T21:43:52.271+0000][7.466s] GC(7) Concurrent Mark
[2025-12-07T21:43:52.271+0000][7.466s] GC(7) Concurrent Mark From Roots
[2025-12-07T21:43:52.271+0000][7.467s] GC(7) Using 2 workers of 2 for marking
[2025-12-07T21:43:52.318+0000][7.513s] GC(7) Concurrent Mark From Roots 47.015ms
[2025-12-07T21:43:52.321+0000][7.516s] GC(7) Concurrent Preclean
[2025-12-07T21:43:52.322+0000][7.517s] GC(7) Concurrent Preclean 0.848ms
[2025-12-07T21:43:52.324+0000][7.519s] GC(7) Pause Remark
[2025-12-07T21:43:52.342+0000][7.537s] GC(7) Pause Remark 29M->29M(1024M) 18.006ms
[2025-12-07T21:43:52.342+0000][7.537s] GC(7) User=0.04s Sys=0.00s Real=0.02s
[2025-12-07T21:43:52.343+0000][7.538s] GC(7) Concurrent Mark 71.710ms
[2025-12-07T21:43:52.343+0000][7.538s] GC(7) Concurrent Rebuild Remembered Sets
[2025-12-07T21:43:52.370+0000][7.565s] GC(7) Concurrent Rebuild Remembered Sets 26.861ms
[2025-12-07T21:43:52.379+0000][7.574s] GC(7) Pause Cleanup
[2025-12-07T21:43:52.379+0000][7.574s] GC(7) Pause Cleanup 29M->29M(1024M) 0.506ms
[2025-12-07T21:43:52.379+0000][7.574s] GC(7) User=0.00s Sys=0.00s Real=0.00s
[2025-12-07T21:43:52.380+0000][7.575s] GC(7) Concurrent Cleanup for Next Mark
[2025-12-07T21:43:52.397+0000][7.592s] GC(7) Concurrent Cleanup for Next Mark 17.251ms
[2025-12-07T21:43:52.400+0000][7.595s] GC(7) Concurrent Mark Cycle 147.272ms
