[2025-12-07T21:43:27.787+0000][0.017s] Using G1
[2025-12-07T21:43:28.636+0000][0.867s] Version: 17.0.13+11 (release)
[2025-12-07T21:43:28.637+0000][0.868s] CPUs: 8 total, 8 available
[2025-12-07T21:43:28.640+0000][0.870s] Memory: 7837M
[2025-12-07T21:43:28.640+0000][0.870s] Large Page Support: Disabled
[2025-12-07T21:43:28.640+0000][0.870s] NUMA Support: Disabled
[2025-12-07T21:43:28.640+0000][0.870s] Compressed Oops: Enabled (32-bit)
[2025-12-07T21:43:28.640+0000][0.870s] Heap Region Size: 1M
[2025-12-07T21:43:28.640+0000][0.870s] Heap Min Capacity: 1G
[2025-12-07T21:43:28.640+0000][0.870s] Heap Initial Capacity: 1G
[2025-12-07T21:43:28.640+0000][0.870s] Heap Max Capacity: 1G
[2025-12-07T21:43:28.640+0000][0.871s] Pre-touch: Enabled
[2025-12-07T21:43:28.640+0000][0.871s] Parallel Workers: 8
[2025-12-07T21:43:28.640+0000][0.871s] Concurrent Workers: 2
[2025-12-07T21:43:28.640+0000][0.871s] Concurrent Refinement Workers: 8
[2025-12-07T21:43:28.641+0000][0.871s] Periodic GC: Disabled
[2025-12-07T21:43:28.775+0000][1.005s] CDS archive(s) mapped at: [0x000000c800000000-0x000000c800a70000-0x000000c800a70000), size 10944512, SharedBaseAddress: 0x000000c800000000, ArchiveRelocationMode: 1.
[2025-12-07T21:43:28.775+0000][1.005s] Compressed class space mapped at: 0x000000c801000000-0x000000c841000000, reserved size: 1073741824
[2025-12-07T21:43:28.775+0000][1.005s] Narrow klass base: 0x000000c800000000, Narrow klass shift: 0, Narrow klass range: 0x100000000
[2025-12-07T21:43:30.250+0000][2.480s] GC(0) Pause Young (Normal) (G1 Evacuation Pause)
[2025-12-07T21:43:30.250+0000][2.481s] GC(0) Using 8 workers of 8 for evacuation
[2025-12-07T21:43:30.261+0000][2.492s] GC(0)   Pre Evacuate Collection Set: 0.7ms
[2025-12-07T21:43:30.262+0000][2.492s] GC(0)   Merge Heap Roots: 0.4ms
[2025-12-07T21:43:30.262+0000][2.492s] GC(0)   Evacuate Collection Set: 9.0ms
[2025-12-07T21:43:30.262+0000][2.492s] GC(0)   Post Evacuate Collection Set: 0.7ms
[2025-12-07T21:43:30.262+0000][2.492s] GC(0)   Other: 0.4ms
[2025-12-07T21:43:30.262+0000][2.492s] GC(0) Eden regions: 51->0(51)
[2025-12-07T21:43:30.262+0000][2.493s] GC(0) Survivor regions: 0->7(7)
[2025-12-07T21:43:30.262+0000][2.493s] GC(0) Old regions: 0->5
[2025-12-07T21:43:30.262+0000][2.493s] GC(0) Archive regions: 2->2
[2025-12-07T21:43:30.262+0000][2.493s] GC(0) Humongous regions: 4->4
[2025-12-07T21:43:30.263+0000][2.493s] GC(0) Metaspace: 10423K(10688K)->10423K(10688K) NonClass: 9145K(9280K)->9145K(9280K) Class: 1278K(1408K)->1278K(1408K)
[2025-12-07T21:43:30.263+0000][2.493s] GC(0) Pause Young (Normal) (G1 Evacuation Pause) 55M->16M(1024M) 12.461ms
[2025-12-07T21:43:30.263+0000][2.493s] GC(0) User=0.07s Sys=0.00s Real=0.02s
[2025-12-07T21:43:31.706+0000][3.936s] GC(1) Pause Young (Normal) (G1 Evacuation Pause)
[2025-12-07T21:43:31.720+0000][3.950s] GC(1) Using 8 workers of 8 for evacuation
[2025-12-07T21:43:31.788+0000][4.018s] GC(1)   Pre Evacuate Collection Set: 15.9ms
[2025-12-07T21:43:31.789+0000][4.019s] GC(1)   Merge Heap Roots: 0.3ms
[2025-12-07T21:43:31.789+0000][4.019s] GC(1)   Evacuate Collection Set: 44.2ms
[2025-12-07T21:43:31.789+0000][4.019s] GC(1)   Post Evacuate Collection Set: 6.1ms
[2025-12-07T21:43:31.790+0000][4.020s] GC(1)   Other: 16.0ms
[2025-12-07T21:43:31.790+0000][4.020s] GC(1) Eden regions: 44->0(52)
[2025-12-07T21:43:31.791+0000][4.021s] GC(1) Survivor regions: 7->6(7)
[2025-12-07T21:43:31.791+0000][4.021s] GC(1) Old regions: 5->13
[2025-12-07T21:43:31.791+0000][4.021s] GC(1) Archive regions: 2->2
[2025-12-07T21:43:31.791+0000][4.022s] GC(1) Humongous regions: 4->4
[2025-12-07T21:43:31.792+0000][4.022s] GC(1) Metaspace: 18388K(18688K)->18388K(18688K) NonClass: 16124K(16256K)->16124K(16256K) Class: 2264K(2432K)->2264K(2432K)
[2025-12-07T21:43:31.792+0000][4.022s] GC(1) Pause Young (Normal) (G1 Evacuation Pause) 60M->23M(1024M) 86.248ms
[2025-12-07T21:43:31.792+0000][4.022s] GC(1) User=0.17s Sys=0.00s Real=0.09s
