[2025-12-07T21:44:44.873+0000][0.013s] Using G1
[2025-12-07T21:44:46.471+0000][1.611s] Version: 17.0.13+11 (release)
[2025-12-07T21:44:46.472+0000][1.611s] CPUs: 8 total, 8 available
[2025-12-07T21:44:46.473+0000][1.612s] Memory: 7837M
[2025-12-07T21:44:46.473+0000][1.612s] Large Page Support: Disabled
[2025-12-07T21:44:46.473+0000][1.612s] NUMA Support: Disabled
[2025-12-07T21:44:46.473+0000][1.612s] Compressed Oops: Enabled (32-bit)
[2025-12-07T21:44:46.473+0000][1.613s] Heap Region Size: 1M
[2025-12-07T21:44:46.473+0000][1.613s] Heap Min Capacity: 1G
[2025-12-07T21:44:46.473+0000][1.613s] Heap Initial Capacity: 1G
[2025-12-07T21:44:46.473+0000][1.613s] Heap Max Capacity: 1G
[2025-12-07T21:44:46.474+0000][1.613s] Pre-touch: Enabled
[2025-12-07T21:44:46.474+0000][1.613s] Parallel Workers: 8
[2025-12-07T21:44:46.474+0000][1.613s] Concurrent Workers: 2
[2025-12-07T21:44:46.474+0000][1.613s] Concurrent Refinement Workers: 8
[2025-12-07T21:44:46.474+0000][1.613s] Periodic GC: Disabled
[2025-12-07T21:44:46.509+0000][1.648s] CDS archive(s) mapped at: [0x000000e800000000-0x000000e800a70000-0x000000e800a70000), size 10944512, SharedBaseAddress: 0x000000e800000000, ArchiveRelocationMode: 1.
[2025-12-07T21:44:46.509+0000][1.648s] Compressed class space mapped at: 0x000000e801000000-0x000000e841000000, reserved size: 1073741824
[2025-12-07T21:44:46.509+0000][1.649s] Narrow klass base: 0x000000e800000000, Narrow klass shift: 0, Narrow klass range: 0x100000000
[2025-12-07T21:44:47.700+0000][2.839s] GC(0) Pause Young (Normal) (G1 Evacuation Pause)
[2025-12-07T21:44:47.700+0000][2.840s] GC(0) Using 8 workers of 8 for evacuation
[2025-12-07T21:44:47.708+0000][2.847s] GC(0)   Pre Evacuate Collection Set: 0.5ms
[2025-12-07T21:44:47.708+0000][2.848s] GC(0)   Merge Heap Roots: 0.3ms
[2025-12-07T21:44:47.708+0000][2.848s] GC(0)   Evacuate Collection Set: 6.0ms
[2025-12-07T21:44:47.708+0000][2.848s] GC(0)   Post Evacuate Collection Set: 0.5ms
[2025-12-07T21:44:47.709+0000][2.848s] GC(0)   Other: 0.6ms
[2025-12-07T21:44:47.709+0000][2.848s] GC(0) Eden regions: 51->0(52)
[2025-12-07T21:44:47.709+0000][2.848s] GC(0) Survivor regions: 0->7(7)
[2025-12-07T21:44:47.709+0000][2.848s] GC(0) Old regions: 0->5
[2025-12-07T21:44:47.709+0000][2.848s] GC(0) Archive regions: 2->2
[2025-12-07T21:44:47.709+0000][2.848s] GC(0) Humongous regions: 4->4
[2025-12-07T21:44:47.709+0000][2.849s] GC(0) Metaspace: 10434K(10688K)->10434K(10688K) NonClass: 9156K(9280K)->9156K(9280K) Class: 1278K(1408K)->1278K(1408K)
[2025-12-07T21:44:47.709+0000][2.849s] GC(0) Pause Young (Normal) (G1 Evacuation Pause) 55M->16M(1024M) 9.129ms
[2025-12-07T21:44:47.709+0000][2.849s] GC(0) User=0.05s Sys=0.00s Real=0.00s
[2025-12-07T21:44:48.154+0000][3.293s] GC(1) Pause Young (Normal) (G1 Evacuation Pause)
[2025-12-07T21:44:48.154+0000][3.294s] GC(1) Using 8 workers of 8 for evacuation
[2025-12-07T21:44:48.162+0000][3.302s] GC(1)   Pre Evacuate Collection Set: 0.2ms
[2025-12-07T21:44:48.163+0000][3.302s] GC(1)   Merge Heap Roots: 0.1ms
[2025-12-07T21:44:48.163+0000][3.302s] GC(1)   Evacuate Collection Set: 7.3ms
[2025-12-07T21:44:48.163+0000][3.302s] GC(1)   Post Evacuate Collection Set: 0.6ms
[2025-12-07T21:44:48.163+0000][3.302s] GC(1)   Other: 0.4ms
[2025-12-07T21:44:48.163+0000][3.302s] GC(1) Eden regions: 45->0(59)
[2025-12-07T21:44:48.163+0000][3.302s] GC(1) Survivor regions: 7->7(7)
[2025-12-07T21:44:48.163+0000][3.302s] GC(1) Old regions: 5->12
[2025-12-07T21:44:48.163+0000][3.302s] GC(1) Archive regions: 2->2
[2025-12-07T21:44:48.163+0000][3.303s] GC(1) Humongous regions: 4->4
[2025-12-07T21:44:48.163+0000][3.303s] GC(1) Metaspace: 18377K(18688K)->18377K(18688K) NonClass: 16113K(16256K)->16113K(16256K) Class: 2263K(2432K)->2263K(2432K)
[2025-12-07T21:44:48.163+0000][3.303s] GC(1) Pause Young (Normal) (G1 Evacuation Pause) 61M->23M(1024M) 9.321ms
[2025-12-07T21:44:48.163+0000][3.303s] GC(1) User=0.05s Sys=0.00s Real=0.01s
[2025-12-07T21:44:48.655+0000][3.794s] GC(2) Pause Young (Concurrent Start) (Metadata GC Threshold)
[2025-12-07T21:44:48.655+0000][3.794s] GC(2) Using 8 workers of 8 for evacuation
[2025-12-07T21:44:48.660+0000][3.800s] GC(2)   Pre Evacuate Collection Set: 0.2ms
[2025-12-07T21:44:48.661+0000][3.800s] GC(2)   Merge Heap Roots: 0.1ms
[2025-12-07T21:44:48.661+0000][3.800s] GC(2)   Evacuate Collection Set: 4.2ms
[2025-12-07T21:44:48.661+0000][3.800s] GC(2)   Post Evacuate Collection Set: 0.6ms
[2025-12-07T21:44:48.661+0000][3.800s] GC(2)   Other: 0.5ms
[2025-12-07T21:44:48.661+0000][3.800s] GC(2) Eden regions: 52->0(612)
[2025-12-07T21:44:48.661+0000][3.800s] GC(2) Survivor regions: 7->2(9)
[2025-12-07T21:44:48.661+0000][3.800s] GC(2) Old regions: 12->19
[2025-12-07T21:44:48.661+0000][3.800s] GC(2) Archive regions: 2->2
[2025-12-07T21:44:48.661+0000][3.800s] GC(2) Humongous regions: 4->4
[2025-12-07T21:44:48.661+0000][3.800s] GC(2) Metaspace: 21233K(21504K)->21233K(21504K) NonClass: 18633K(18752K)->18633K(18752K) Class: 2599K(2752K)->2599K(2752K)
[2025-12-07T21:44:48.661+0000][3.801s] GC(2) Pause Young (Concurrent Start) (Metadata GC Threshold) 74M->24M(1024M) 6.408ms
[2025-12-07T21:44:48.661+0000][3.801s] GC(2) User=0.02s Sys=0.00s Real=0.01s
[2025-12-07T21:44:48.661+0000][3.801s] GC(3) Concurrent Mark Cycle
[2025-12-07T21:44:48.661+0000][3.801s] GC(3) Concurrent Clear Claimed Marks
[2025-12-07T21:44:48.662+0000][3.801s] GC(3) Concurrent Clear Claimed Marks 0.225ms
[2025-12-07T21:44:48.662+0000][3.801s] GC(3) Concurrent Scan Root Regions
[2025-12-07T21:44:48.664+0000][3.803s] GC(3) Concurrent Scan Root Regions 2.213ms
[2025-12-07T21:44:48.664+0000][3.804s] GC(3) Concurrent Mark
[2025-12-07T21:44:48.664+0000][3.804s] GC(3) Concurrent Mark From Roots
[2025-12-07T21:44:48.664+0000][3.804s] GC(3) Using 2 workers of 2 for marking
[2025-12-07T21:44:48.672+0000][3.811s] GC(3) Concurrent Mark From Roots 7.237ms
[2025-12-07T21:44:48.672+0000][3.811s] GC(3) Concurrent Preclean
[2025-12-07T21:44:48.672+0000][3.811s] GC(3) Concurrent Preclean 0.145ms
[2025-12-07T21:44:48.673+0000][3.812s] GC(3) Pause Remark
[2025-12-07T21:44:48.675+0000][3.815s] GC(3) Pause Remark 25M->25M(1024M) 2.042ms
[2025-12-07T21:44:48.675+0000][3.815s] GC(3) User=0.01s Sys=0.00s Real=0.00s
[2025-12-07T21:44:48.676+0000][3.815s] GC(3) Concurrent Mark 11.339ms
[2025-12-07T21:44:48.676+0000][3.815s] GC(3) Concurrent Rebuild Remembered Sets
[2025-12-07T21:44:48.681+0000][3.821s] GC(3) Concurrent Rebuild Remembered Sets 5.593ms
[2025-12-07T21:44:48.682+0000][3.821s] GC(3) Pause Cleanup
[2025-12-07T21:44:48.682+0000][3.822s] GC(3) Pause Cleanup 25M->25M(1024M) 0.283ms
[2025-12-07T21:44:48.682+0000][3.822s] GC(3) User=0.00s Sys=0.00s Real=0.00s
[2025-12-07T21:44:48.683+0000][3.822s] GC(3) Concurrent Cleanup for Next Mark
[2025-12-07T21:44:48.684+0000][3.823s] GC(3) Concurrent Cleanup for Next Mark 1.349ms
[2025-12-07T21:44:48.684+0000][3.824s] GC(3) Concurrent Mark Cycle 22.818ms
[2025-12-07T21:45:15.127+0000][30.265s] GC(4) Pause Young (Concurrent Start) (Metadata GC Threshold)
[2025-12-07T21:45:15.127+0000][30.265s] GC(4) Using 8 workers of 8 for evacuation
[2025-12-07T21:45:15.173+0000][30.311s] GC(4)   Pre Evacuate Collection Set: 5.9ms
[2025-12-07T21:45:15.173+0000][30.311s] GC(4)   Merge Heap Roots: 0.5ms
[2025-12-07T21:45:15.173+0000][30.311s] GC(4)   Evacuate Collection Set: 34.1ms
[2025-12-07T21:45:15.173+0000][30.311s] GC(4)   Post Evacuate Collection Set: 1.3ms
[2025-12-07T21:45:15.173+0000][30.311s] GC(4)   Other: 4.3ms
[2025-12-07T21:45:15.173+0000][30.311s] GC(4) Eden regions: 90->0(412)
[2025-12-07T21:45:15.173+0000][30.311s] GC(4) Survivor regions: 2->6(77)
[2025-12-07T21:45:15.173+0000][30.312s] GC(4) Old regions: 19->19
[2025-12-07T21:45:15.173+0000][30.312s] GC(4) Archive regions: 2->2
[2025-12-07T21:45:15.173+0000][30.312s] GC(4) Humongous regions: 4->4
[2025-12-07T21:45:15.173+0000][30.312s] GC(4) Metaspace: 35727K(36096K)->35727K(36096K) NonClass: 31308K(31488K)->31308K(31488K) Class: 4418K(4608K)->4418K(4608K)
[2025-12-07T21:45:15.173+0000][30.312s] GC(4) Pause Young (Concurrent Start) (Metadata GC Threshold) 114M->28M(1024M) 46.786ms
[2025-12-07T21:45:15.173+0000][30.312s] GC(4) User=0.26s Sys=0.00s Real=0.05s
[2025-12-07T21:45:15.174+0000][30.312s] GC(5) Concurrent Mark Cycle
[2025-12-07T21:45:15.174+0000][30.312s] GC(5) Concurrent Clear Claimed Marks
[2025-12-07T21:45:15.175+0000][30.313s] GC(5) Concurrent Clear Claimed Marks 1.103ms
[2025-12-07T21:45:15.176+0000][30.314s] GC(5) Concurrent Scan Root Regions
[2025-12-07T21:45:15.181+0000][30.319s] GC(5) Concurrent Scan Root Regions 4.899ms
[2025-12-07T21:45:15.181+0000][30.319s] GC(5) Concurrent Mark
[2025-12-07T21:45:15.181+0000][30.319s] GC(5) Concurrent Mark From Roots
[2025-12-07T21:45:15.181+0000][30.319s] GC(5) Using 2 workers of 2 for marking
[2025-12-07T21:45:15.198+0000][30.336s] GC(5) Concurrent Mark From Roots 16.905ms
[2025-12-07T21:45:15.198+0000][30.336s] GC(5) Concurrent Preclean
[2025-12-07T21:45:15.199+0000][30.337s] GC(5) Concurrent Preclean 0.499ms
[2025-12-07T21:45:15.199+0000][30.337s] GC(5) Pause Remark
[2025-12-07T21:45:15.204+0000][30.343s] GC(5) Pause Remark 30M->30M(1024M) 5.206ms
[2025-12-07T21:45:15.205+0000][30.343s] GC(5) User=0.02s Sys=0.00s Real=0.01s
[2025-12-07T21:45:15.205+0000][30.343s] GC(5) Concurrent Mark 23.766ms
[2025-12-07T21:45:15.205+0000][30.343s] GC(5) Concurrent Rebuild Remembered Sets
[2025-12-07T21:45:15.213+0000][30.351s] GC(5) Concurrent Rebuild Remembered Sets 8.259ms
[2025-12-07T21:45:15.214+0000][30.352s] GC(5) Pause Cleanup
[2025-12-07T21:45:15.214+0000][30.353s] GC(5) Pause Cleanup 31M->31M(1024M) 0.302ms
[2025-12-07T21:45:15.215+0000][30.353s] GC(5) User=0.00s Sys=0.00s Real=0.00s
[2025-12-07T21:45:15.215+0000][30.353s] GC(5) Concurrent Cleanup for Next Mark
[2025-12-07T21:45:15.229+0000][30.367s] GC(5) Concurrent Cleanup for Next Mark 14.253ms
[2025-12-07T21:45:15.229+0000][30.367s] GC(5) Concurrent Mark Cycle 55.338ms
[2025-12-07T21:45:45.123+0000][60.260s] GC(6) Pause Young (Concurrent Start) (Metadata GC Threshold)
[2025-12-07T21:45:45.123+0000][60.261s] GC(6) Using 8 workers of 8 for evacuation
[2025-12-07T21:45:45.299+0000][60.437s] GC(6)   Pre Evacuate Collection Set: 2.6ms
[2025-12-07T21:45:45.300+0000][60.437s] GC(6)   Merge Heap Roots: 0.5ms
[2025-12-07T21:45:45.300+0000][60.438s] GC(6)   Evacuate Collection Set: 167.1ms
[2025-12-07T21:45:45.300+0000][60.438s] GC(6)   Post Evacuate Collection Set: 2.8ms
[2025-12-07T21:45:45.300+0000][60.438s] GC(6)   Other: 4.0ms
[2025-12-07T21:45:45.300+0000][60.438s] GC(6) Eden regions: 255->0(204)
[2025-12-07T21:45:45.300+0000][60.438s] GC(6) Survivor regions: 6->30(59)
[2025-12-07T21:45:45.303+0000][60.441s] GC(6) Old regions: 19->19
[2025-12-07T21:45:45.303+0000][60.441s] GC(6) Archive regions: 2->2
[2025-12-07T21:45:45.303+0000][60.441s] GC(6) Humongous regions: 4->4
[2025-12-07T21:45:45.303+0000][60.441s] GC(6) Metaspace: 60015K(60608K)->60015K(60608K) NonClass: 52270K(52544K)->52270K(52544K) Class: 7744K(8064K)->7744K(8064K)
[2025-12-07T21:45:45.303+0000][60.441s] GC(6) Pause Young (Concurrent Start) (Metadata GC Threshold) 283M->53M(1024M) 180.625ms
[2025-12-07T21:45:45.303+0000][60.441s] GC(6) User=1.02s Sys=0.03s Real=0.18s
[2025-12-07T21:45:45.304+0000][60.442s] GC(7) Concurrent Mark Cycle
[2025-12-07T21:45:45.304+0000][60.442s] GC(7) Concurrent Clear Claimed Marks
[2025-12-07T21:45:45.308+0000][60.446s] GC(7) Concurrent Clear Claimed Marks 3.839ms
[2025-12-07T21:45:45.309+0000][60.446s] GC(7) Concurrent Scan Root Regions
[2025-12-07T21:45:45.321+0000][60.459s] GC(7) Concurrent Scan Root Regions 12.228ms
[2025-12-07T21:45:45.321+0000][60.459s] GC(7) Concurrent Mark
[2025-12-07T21:45:45.322+0000][60.459s] GC(7) Concurrent Mark From Roots
[2025-12-07T21:45:45.322+0000][60.459s] GC(7) Using 2 workers of 2 for marking
[2025-12-07T21:45:45.337+0000][60.474s] GC(7) Concurrent Mark From Roots 15.084ms
[2025-12-07T21:45:45.337+0000][60.475s] GC(7) Concurrent Preclean
[2025-12-07T21:45:45.337+0000][60.475s] GC(7) Concurrent Preclean 0.187ms
[2025-12-07T21:45:45.337+0000][60.475s] GC(7) Pause Remark
[2025-12-07T21:45:45.352+0000][60.489s] GC(7) Pause Remark 57M->57M(1024M) 14.432ms
[2025-12-07T21:45:45.352+0000][60.490s] GC(7) User=0.05s Sys=0.00s Real=0.02s
[2025-12-07T21:45:45.352+0000][60.490s] GC(7) Concurrent Mark 30.801ms
[2025-12-07T21:45:45.353+0000][60.490s] GC(7) Concurrent Rebuild Remembered Sets
[2025-12-07T21:45:45.359+0000][60.497s] GC(7) Concurrent Rebuild Remembered Sets 6.712ms
[2025-12-07T21:45:45.363+0000][60.501s] GC(7) Pause Cleanup
[2025-12-07T21:45:45.363+0000][60.501s] GC(7) Pause Cleanup 57M->57M(1024M) 0.430ms
[2025-12-07T21:45:45.364+0000][60.501s] GC(7) User=0.00s Sys=0.00s Real=0.00s
[2025-12-07T21:45:45.364+0000][60.502s] GC(7) Concurrent Cleanup for Next Mark
[2025-12-07T21:45:45.381+0000][60.518s] GC(7) Concurrent Cleanup for Next Mark 16.660ms
[2025-12-07T21:45:45.381+0000][60.519s] GC(7) Concurrent Mark Cycle 77.422ms
[2025-12-07T22:45:27.508+0000][3642.619s] GC(8) Pause Young (Normal) (G1 Evacuation Pause)
[2025-12-07T22:45:27.511+0000][3642.622s] GC(8) Using 8 workers of 8 for evacuation
[2025-12-07T22:45:27.761+0000][3642.872s] GC(8)   Pre Evacuate Collection Set: 9.2ms
[2025-12-07T22:45:27.761+0000][3642.872s] GC(8)   Merge Heap Roots: 2.2ms
[2025-12-07T22:45:27.762+0000][3642.872s] GC(8)   Evacuate Collection Set: 217.9ms
[2025-12-07T22:45:27.762+0000][3642.873s] GC(8)   Post Evacuate Collection Set: 15.8ms
[2025-12-07T22:45:27.762+0000][3642.873s] GC(8)   Other: 9.1ms
[2025-12-07T22:45:27.762+0000][3642.873s] GC(8) Eden regions: 226->0(295)
[2025-12-07T22:45:27.762+0000][3642.873s] GC(8) Survivor regions: 30->5(32)
[2025-12-07T22:45:27.762+0000][3642.873s] GC(8) Old regions: 19->48
[2025-12-07T22:45:27.762+0000][3642.873s] GC(8) Archive regions: 2->2
[2025-12-07T22:45:27.762+0000][3642.873s] GC(8) Humongous regions: 4->4
[2025-12-07T22:45:27.762+0000][3642.873s] GC(8) Metaspace: 67133K(67904K)->67133K(67904K) NonClass: 58711K(59136K)->58711K(59136K) Class: 8422K(8768K)->8422K(8768K)
[2025-12-07T22:45:27.762+0000][3642.873s] GC(8) Pause Young (Normal) (G1 Evacuation Pause) 279M->57M(1024M) 254.152ms
[2025-12-07T22:45:27.762+0000][3642.873s] GC(8) User=1.85s Sys=0.00s Real=0.26s
[2025-12-08T01:06:46.160+0000][12121.265s] GC(9) Pause Young (Normal) (G1 Evacuation Pause)
[2025-12-08T01:06:46.163+0000][12121.268s] GC(9) Using 8 workers of 8 for evacuation
[2025-12-08T01:06:46.256+0000][12121.361s] GC(9)   Pre Evacuate Collection Set: 5.1ms
[2025-12-08T01:06:46.256+0000][12121.361s] GC(9)   Merge Heap Roots: 1.6ms
[2025-12-08T01:06:46.256+0000][12121.361s] GC(9)   Evacuate Collection Set: 68.3ms
[2025-12-08T01:06:46.256+0000][12121.361s] GC(9)   Post Evacuate Collection Set: 5.0ms
[2025-12-08T01:06:46.256+0000][12121.361s] GC(9)   Other: 17.8ms
[2025-12-08T01:06:46.256+0000][12121.361s] GC(9) Eden regions: 295->0(610)
[2025-12-08T01:06:46.256+0000][12121.361s] GC(9) Survivor regions: 5->4(38)
[2025-12-08T01:06:46.256+0000][12121.361s] GC(9) Old regions: 48->48
[2025-12-08T01:06:46.256+0000][12121.361s] GC(9) Archive regions: 2->2
[2025-12-08T01:06:46.256+0000][12121.361s] GC(9) Humongous regions: 4->4
[2025-12-08T01:06:46.256+0000][12121.361s] GC(9) Metaspace: 67224K(67968K)->67224K(67968K) NonClass: 58801K(59200K)->58801K(59200K) Class: 8423K(8768K)->8423K(8768K)
[2025-12-08T01:06:46.256+0000][12121.361s] GC(9) Pause Young (Normal) (G1 Evacuation Pause) 352M->56M(1024M) 98.100ms
[2025-12-08T01:06:46.257+0000][12121.361s] GC(9) User=0.58s Sys=0.00s Real=0.10s
[2025-12-08T06:03:28.116+0000][29923.527s] GC(10) Pause Young (Normal) (G1 Evacuation Pause)
[2025-12-08T06:03:28.118+0000][29923.529s] GC(10) Using 8 workers of 8 for evacuation
[2025-12-08T06:03:28.179+0000][29923.590s] GC(10)   Pre Evacuate Collection Set: 2.0ms
[2025-12-08T06:03:28.179+0000][29923.590s] GC(10)   Merge Heap Roots: 1.4ms
[2025-12-08T06:03:28.179+0000][29923.590s] GC(10)   Evacuate Collection Set: 47.7ms
[2025-12-08T06:03:28.180+0000][29923.590s] GC(10)   Post Evacuate Collection Set: 7.5ms
[2025-12-08T06:03:28.180+0000][29923.590s] GC(10)   Other: 4.7ms
[2025-12-08T06:03:28.180+0000][29923.590s] GC(10) Eden regions: 610->0(611)
[2025-12-08T06:03:28.180+0000][29923.590s] GC(10) Survivor regions: 4->3(77)
[2025-12-08T06:03:28.180+0000][29923.591s] GC(10) Old regions: 48->48
[2025-12-08T06:03:28.180+0000][29923.591s] GC(10) Archive regions: 2->2
[2025-12-08T06:03:28.180+0000][29923.591s] GC(10) Humongous regions: 4->4
[2025-12-08T06:03:28.180+0000][29923.591s] GC(10) Metaspace: 67242K(67968K)->67242K(67968K) NonClass: 58818K(59200K)->58818K(59200K) Class: 8423K(8768K)->8423K(8768K)
[2025-12-08T06:03:28.180+0000][29923.591s] GC(10) Pause Young (Normal) (G1 Evacuation Pause) 666M->55M(1024M) 64.034ms
[2025-12-08T06:03:28.180+0000][29923.591s] GC(10) User=0.39s Sys=0.00s Real=0.07s
[2025-12-08T11:01:31.316+0000][47806.377s] GC(11) Pause Young (Normal) (G1 Evacuation Pause)
[2025-12-08T11:01:31.317+0000][47806.378s] GC(11) Using 8 workers of 8 for evacuation
[2025-12-08T11:01:31.367+0000][47806.428s] GC(11)   Pre Evacuate Collection Set: 5.4ms
[2025-12-08T11:01:31.367+0000][47806.428s] GC(11)   Merge Heap Roots: 2.0ms
[2025-12-08T11:01:31.367+0000][47806.428s] GC(11)   Evacuate Collection Set: 34.5ms
[2025-12-08T11:01:31.367+0000][47806.428s] GC(11)   Post Evacuate Collection Set: 6.4ms
[2025-12-08T11:01:31.367+0000][47806.428s] GC(11)   Other: 3.0ms
[2025-12-08T11:01:31.367+0000][47806.428s] GC(11) Eden regions: 611->0(611)
[2025-12-08T11:01:31.367+0000][47806.428s] GC(11) Survivor regions: 3->3(77)
[2025-12-08T11:01:31.367+0000][47806.428s] GC(11) Old regions: 48->48
[2025-12-08T11:01:31.367+0000][47806.428s] GC(11) Archive regions: 2->2
[2025-12-08T11:01:31.368+0000][47806.428s] GC(11) Humongous regions: 4->4
[2025-12-08T11:01:31.368+0000][47806.429s] GC(11) Metaspace: 67242K(67968K)->67242K(67968K) NonClass: 58819K(59200K)->58819K(59200K) Class: 8423K(8768K)->8423K(8768K)
[2025-12-08T11:01:31.368+0000][47806.429s] GC(11) Pause Young (Normal) (G1 Evacuation Pause) 666M->55M(1024M) 51.835ms
[2025-12-08T11:01:31.368+0000][47806.429s] GC(11) User=0.30s Sys=0.00s Real=0.05s
[2025-12-08T16:31:22.043+0000][65691.466s] GC(12) Pause Young (Normal) (G1 Evacuation Pause)
[2025-12-08T16:31:22.047+0000][65691.469s] GC(12) Using 8 workers of 8 for evacuation
[2025-12-08T16:31:22.187+0000][65691.609s] GC(12)   Pre Evacuate Collection Set: 9.9ms
[2025-12-08T16:31:22.187+0000][65691.609s] GC(12)   Merge Heap Roots: 4.4ms
[2025-12-08T16:31:22.187+0000][65691.610s] GC(12)   Evacuate Collection Set: 98.0ms
[2025-12-08T16:31:22.187+0000][65691.610s] GC(12)   Post Evacuate Collection Set: 24.4ms
[2025-12-08T16:31:22.187+0000][65691.610s] GC(12)   Other: 8.1ms
[2025-12-08T16:31:22.188+0000][65691.610s] GC(12) Eden regions: 611->0(611)
[2025-12-08T16:31:22.188+0000][65691.610s] GC(12) Survivor regions: 3->3(77)
[2025-12-08T16:31:22.188+0000][65691.610s] GC(12) Old regions: 48->48
[2025-12-08T16:31:22.188+0000][65691.610s] GC(12) Archive regions: 2->2
[2025-12-08T16:31:22.188+0000][65691.610s] GC(12) Humongous regions: 4->4
[2025-12-08T16:31:22.188+0000][65691.610s] GC(12) Metaspace: 67243K(67968K)->67243K(67968K) NonClass: 58819K(59200K)->58819K(59200K) Class: 8423K(8768K)->8423K(8768K)
[2025-12-08T16:31:22.188+0000][65691.610s] GC(12) Pause Young (Normal) (G1 Evacuation Pause) 666M->55M(1024M) 144.610ms
[2025-12-08T16:31:22.188+0000][65691.610s] GC(12) User=0.72s Sys=0.00s Real=0.15s
[2025-12-09T00:16:52.138+0000][83577.593s] GC(13) Pause Young (Normal) (G1 Evacuation Pause)
[2025-12-09T00:16:52.141+0000][83577.596s] GC(13) Using 8 workers of 8 for evacuation
[2025-12-09T00:16:52.269+0000][83577.724s] GC(13)   Pre Evacuate Collection Set: 9.0ms
[2025-12-09T00:16:52.269+0000][83577.724s] GC(13)   Merge Heap Roots: 3.0ms
[2025-12-09T00:16:52.269+0000][83577.724s] GC(13)   Evacuate Collection Set: 92.6ms
[2025-12-09T00:16:52.269+0000][83577.724s] GC(13)   Post Evacuate Collection Set: 20.8ms
[2025-12-09T00:16:52.269+0000][83577.724s] GC(13)   Other: 6.9ms
[2025-12-09T00:16:52.270+0000][83577.725s] GC(13) Eden regions: 611->0(611)
[2025-12-09T00:16:52.270+0000][83577.725s] GC(13) Survivor regions: 3->3(77)
[2025-12-09T00:16:52.270+0000][83577.725s] GC(13) Old regions: 48->48
[2025-12-09T00:16:52.270+0000][83577.725s] GC(13) Archive regions: 2->2
[2025-12-09T00:16:52.270+0000][83577.725s] GC(13) Humongous regions: 4->4
[2025-12-09T00:16:52.270+0000][83577.725s] GC(13) Metaspace: 67245K(67968K)->67245K(67968K) NonClass: 58822K(59200K)->58822K(59200K) Class: 8423K(8768K)->8423K(8768K)
[2025-12-09T00:16:52.270+0000][83577.725s] GC(13) Pause Young (Normal) (G1 Evacuation Pause) 666M->55M(1024M) 131.732ms
[2025-12-09T00:16:52.270+0000][83577.725s] GC(13) User=0.67s Sys=0.00s Real=0.13s
[2025-12-09T05:14:57.453+0000][101462.887s] GC(14) Pause Young (Normal) (G1 Evacuation Pause)
[2025-12-09T05:14:57.456+0000][101462.890s] GC(14) Using 8 workers of 8 for evacuation
[2025-12-09T05:14:57.549+0000][101462.983s] GC(14)   Pre Evacuate Collection Set: 6.2ms
[2025-12-09T05:14:57.549+0000][101462.983s] GC(14)   Merge Heap Roots: 2.0ms
[2025-12-09T05:14:57.549+0000][101462.983s] GC(14)   Evacuate Collection Set: 69.2ms
[2025-12-09T05:14:57.549+0000][101462.983s] GC(14)   Post Evacuate Collection Set: 11.3ms
[2025-12-09T05:14:57.549+0000][101462.983s] GC(14)   Other: 8.5ms
[2025-12-09T05:14:57.549+0000][101462.983s] GC(14) Eden regions: 611->0(611)
[2025-12-09T05:14:57.549+0000][101462.983s] GC(14) Survivor regions: 3->3(77)
[2025-12-09T05:14:57.549+0000][101462.983s] GC(14) Old regions: 48->48
[2025-12-09T05:14:57.549+0000][101462.983s] GC(14) Archive regions: 2->2
[2025-12-09T05:14:57.549+0000][101462.983s] GC(14) Humongous regions: 4->4
[2025-12-09T05:14:57.549+0000][101462.983s] GC(14) Metaspace: 67247K(67968K)->67247K(67968K) NonClass: 58823K(59200K)->58823K(59200K) Class: 8423K(8768K)->8423K(8768K)
[2025-12-09T05:14:57.550+0000][101462.983s] GC(14) Pause Young (Normal) (G1 Evacuation Pause) 666M->55M(1024M) 97.316ms
[2025-12-09T05:14:57.550+0000][101462.984s] GC(14) User=0.52s Sys=0.00s Real=0.10s
[2025-12-09T10:13:31.915+0000][119377.387s] GC(15) Pause Young (Normal) (G1 Evacuation Pause)
[2025-12-09T10:13:31.917+0000][119377.389s] GC(15) Using 8 workers of 8 for evacuation
[2025-12-09T10:13:31.954+0000][119377.426s] GC(15)   Pre Evacuate Collection Set: 2.3ms
[2025-12-09T10:13:31.954+0000][119377.426s] GC(15)   Merge Heap Roots: 1.0ms
[2025-12-09T10:13:31.954+0000][119377.426s] GC(15)   Evacuate Collection Set: 27.0ms
[2025-12-09T10:13:31.954+0000][119377.426s] GC(15)   Post Evacuate Collection Set: 5.6ms
[2025-12-09T10:13:31.954+0000][119377.426s] GC(15)   Other: 3.8ms
[2025-12-09T10:13:31.954+0000][119377.426s] GC(15) Eden regions: 611->0(611)
[2025-12-09T10:13:31.954+0000][119377.426s] GC(15) Survivor regions: 3->3(77)
[2025-12-09T10:13:31.954+0000][119377.426s] GC(15) Old regions: 48->48
[2025-12-09T10:13:31.954+0000][119377.426s] GC(15) Archive regions: 2->2
[2025-12-09T10:13:31.954+0000][119377.426s] GC(15) Humongous regions: 4->4
[2025-12-09T10:13:31.954+0000][119377.426s] GC(15) Metaspace: 67247K(67968K)->67247K(67968K) NonClass: 58823K(59200K)->58823K(59200K) Class: 8423K(8768K)->8423K(8768K)
[2025-12-09T10:13:31.954+0000][119377.426s] GC(15) Pause Young (Normal) (G1 Evacuation Pause) 666M->55M(1024M) 39.838ms
[2025-12-09T10:13:31.954+0000][119377.426s] GC(15) User=0.22s Sys=0.00s Real=0.04s
[2025-12-09T15:32:31.597+0000][137299.069s] GC(16) Pause Young (Normal) (G1 Evacuation Pause)
[2025-12-09T15:32:31.602+0000][137299.074s] GC(16) Using 8 workers of 8 for evacuation
[2025-12-09T15:32:31.760+0000][137299.232s] GC(16)   Pre Evacuate Collection Set: 10.5ms
[2025-12-09T15:32:31.761+0000][137299.232s] GC(16)   Merge Heap Roots: 3.8ms
[2025-12-09T15:32:31.761+0000][137299.233s] GC(16)   Evacuate Collection Set: 111.3ms
[2025-12-09T15:32:31.761+0000][137299.233s] GC(16)   Post Evacuate Collection Set: 27.8ms
[2025-12-09T15:32:31.761+0000][137299.233s] GC(16)   Other: 11.3ms
[2025-12-09T15:32:31.762+0000][137299.234s] GC(16) Eden regions: 611->0(611)
[2025-12-09T15:32:31.762+0000][137299.234s] GC(16) Survivor regions: 3->3(77)
[2025-12-09T15:32:31.762+0000][137299.234s] GC(16) Old regions: 48->48
[2025-12-09T15:32:31.762+0000][137299.234s] GC(16) Archive regions: 2->2
[2025-12-09T15:32:31.762+0000][137299.234s] GC(16) Humongous regions: 4->4
[2025-12-09T15:32:31.762+0000][137299.234s] GC(16) Metaspace: 67265K(67968K)->67265K(67968K) NonClass: 58842K(59200K)->58842K(59200K) Class: 8423K(8768K)->8423K(8768K)
[2025-12-09T15:32:31.763+0000][137299.235s] GC(16) Pause Young (Normal) (G1 Evacuation Pause) 666M->55M(1024M) 166.280ms
[2025-12-09T15:32:31.763+0000][137299.235s] GC(16) User=0.86s Sys=0.00s Real=0.17s
[2025-12-09T20:31:33.599+0000][155241.063s] GC(17) Pause Young (Normal) (G1 Evacuation Pause)
[2025-12-09T20:31:33.604+0000][155241.068s] GC(17) Using 8 workers of 8 for evacuation
[2025-12-09T20:31:33.742+0000][155241.206s] GC(17)   Pre Evacuate Collection Set: 9.9ms
[2025-12-09T20:31:33.742+0000][155241.206s] GC(17)   Merge Heap Roots: 4.4ms
[2025-12-09T20:31:33.742+0000][155241.206s] GC(17)   Evacuate Collection Set: 88.5ms
[2025-12-09T20:31:33.742+0000][155241.206s] GC(17)   Post Evacuate Collection Set: 28.1ms
[2025-12-09T20:31:33.742+0000][155241.206s] GC(17)   Other: 13.4ms
[2025-12-09T20:31:33.743+0000][155241.207s] GC(17) Eden regions: 611->0(611)
[2025-12-09T20:31:33.743+0000][155241.207s] GC(17) Survivor regions: 3->3(77)
[2025-12-09T20:31:33.743+0000][155241.207s] GC(17) Old regions: 48->48
[2025-12-09T20:31:33.743+0000][155241.207s] GC(17) Archive regions: 2->2
[2025-12-09T20:31:33.743+0000][155241.207s] GC(17) Humongous regions: 4->4
[2025-12-09T20:31:33.743+0000][155241.207s] GC(17) Metaspace: 67272K(67968K)->67272K(67968K) NonClass: 58849K(59200K)->58849K(59200K) Class: 8423K(8768K)->8423K(8768K)
[2025-12-09T20:31:33.743+0000][155241.207s] GC(17) Pause Young (Normal) (G1 Evacuation Pause) 666M->55M(1024M) 144.169ms
[2025-12-09T20:31:33.743+0000][155241.207s] GC(17) User=0.68s Sys=0.00s Real=0.14s
[2025-12-10T16:57:30.781+0000][173163.650s] GC(18) Pause Young (Normal) (G1 Evacuation Pause)
[2025-12-10T16:57:30.784+0000][173163.653s] GC(18) Using 8 workers of 8 for evacuation
[2025-12-10T16:57:30.996+0000][173163.865s] GC(18)   Pre Evacuate Collection Set: 12.5ms
[2025-12-10T16:57:30.996+0000][173163.865s] GC(18)   Merge Heap Roots: 6.2ms
[2025-12-10T16:57:30.996+0000][173163.865s] GC(18)   Evacuate Collection Set: 137.9ms
[2025-12-10T16:57:30.996+0000][173163.865s] GC(18)   Post Evacuate Collection Set: 47.2ms
[2025-12-10T16:57:30.997+0000][173163.865s] GC(18)   Other: 13.5ms
[2025-12-10T16:57:30.997+0000][173163.866s] GC(18) Eden regions: 611->0(611)
[2025-12-10T16:57:30.997+0000][173163.866s] GC(18) Survivor regions: 3->3(77)
[2025-12-10T16:57:30.997+0000][173163.866s] GC(18) Old regions: 48->48
[2025-12-10T16:57:30.997+0000][173163.866s] GC(18) Archive regions: 2->2
[2025-12-10T16:57:30.997+0000][173163.866s] GC(18) Humongous regions: 4->4
[2025-12-10T16:57:30.998+0000][173163.867s] GC(18) Metaspace: 67273K(67968K)->67273K(67968K) NonClass: 58849K(59200K)->58849K(59200K) Class: 8423K(8768K)->8423K(8768K)
[2025-12-10T16:57:30.999+0000][173163.868s] GC(18) Pause Young (Normal) (G1 Evacuation Pause) 666M->55M(1024M) 218.667ms
[2025-12-10T16:57:30.999+0000][173163.868s] GC(18) User=0.98s Sys=0.00s Real=0.22s
[2025-12-11T02:05:03.621+0000][191110.412s] GC(19) Pause Young (Normal) (G1 Evacuation Pause)
[2025-12-11T02:05:03.625+0000][191110.416s] GC(19) Using 8 workers of 8 for evacuation
[2025-12-11T02:05:03.796+0000][191110.587s] GC(19)   Pre Evacuate Collection Set: 14.8ms
[2025-12-11T02:05:03.796+0000][191110.587s] GC(19)   Merge Heap Roots: 9.0ms
[2025-12-11T02:05:03.796+0000][191110.587s] GC(19)   Evacuate Collection Set: 120.1ms
[2025-12-11T02:05:03.796+0000][191110.587s] GC(19)   Post Evacuate Collection Set: 23.3ms
[2025-12-11T02:05:03.796+0000][191110.587s] GC(19)   Other: 9.3ms
[2025-12-11T02:05:03.797+0000][191110.588s] GC(19) Eden regions: 611->0(611)
[2025-12-11T02:05:03.797+0000][191110.588s] GC(19) Survivor regions: 3->3(77)
[2025-12-11T02:05:03.797+0000][191110.588s] GC(19) Old regions: 48->48
[2025-12-11T02:05:03.797+0000][191110.588s] GC(19) Archive regions: 2->2
[2025-12-11T02:05:03.797+0000][191110.588s] GC(19) Humongous regions: 4->4
[2025-12-11T02:05:03.797+0000][191110.588s] GC(19) Metaspace: 67292K(68032K)->67292K(68032K) NonClass: 58869K(59264K)->58869K(59264K) Class: 8423K(8768K)->8423K(8768K)
[2025-12-11T02:05:03.797+0000][191110.588s] GC(19) Pause Young (Normal) (G1 Evacuation Pause) 666M->55M(1024M) 176.506ms
[2025-12-11T02:05:03.797+0000][191110.588s] GC(19) User=0.89s Sys=0.00s Real=0.17s
[2025-12-11T15:55:21.195+0000][209027.294s] GC(20) Pause Young (Normal) (G1 Evacuation Pause)
[2025-12-11T15:55:21.199+0000][209027.297s] GC(20) Using 8 workers of 8 for evacuation
[2025-12-11T15:55:21.321+0000][209027.420s] GC(20)   Pre Evacuate Collection Set: 8.4ms
[2025-12-11T15:55:21.321+0000][209027.420s] GC(20)   Merge Heap Roots: 2.4ms
[2025-12-11T15:55:21.321+0000][209027.420s] GC(20)   Evacuate Collection Set: 87.5ms
[2025-12-11T15:55:21.321+0000][209027.420s] GC(20)   Post Evacuate Collection Set: 22.4ms
[2025-12-11T15:55:21.322+0000][209027.420s] GC(20)   Other: 6.4ms
[2025-12-11T15:55:21.322+0000][209027.420s] GC(20) Eden regions: 611->0(611)
[2025-12-11T15:55:21.322+0000][209027.420s] GC(20) Survivor regions: 3->3(77)
[2025-12-11T15:55:21.322+0000][209027.420s] GC(20) Old regions: 48->48
[2025-12-11T15:55:21.322+0000][209027.420s] GC(20) Archive regions: 2->2
[2025-12-11T15:55:21.322+0000][209027.420s] GC(20) Humongous regions: 4->4
[2025-12-11T15:55:21.322+0000][209027.420s] GC(20) Metaspace: 67292K(68032K)->67292K(68032K) NonClass: 58869K(59264K)->58869K(59264K) Class: 8423K(8768K)->8423K(8768K)
[2025-12-11T15:55:21.322+0000][209027.420s] GC(20) Pause Young (Normal) (G1 Evacuation Pause) 666M->55M(1024M) 126.646ms
[2025-12-11T15:55:21.322+0000][209027.421s] GC(20) User=0.65s Sys=0.00s Real=0.13s
[2025-12-12T05:53:13.476+0000][226944.182s] GC(21) Pause Young (Normal) (G1 Evacuation Pause)
[2025-12-12T05:53:13.478+0000][226944.184s] GC(21) Using 8 workers of 8 for evacuation
[2025-12-12T05:53:13.602+0000][226944.308s] GC(21)   Pre Evacuate Collection Set: 6.8ms
[2025-12-12T05:53:13.603+0000][226944.308s] GC(21)   Merge Heap Roots: 2.3ms
[2025-12-12T05:53:13.603+0000][226944.308s] GC(21)   Evacuate Collection Set: 97.9ms
[2025-12-12T05:53:13.603+0000][226944.308s] GC(21)   Post Evacuate Collection Set: 15.3ms
[2025-12-12T05:53:13.603+0000][226944.308s] GC(21)   Other: 4.7ms
[2025-12-12T05:53:13.603+0000][226944.308s] GC(21) Eden regions: 611->0(611)
[2025-12-12T05:53:13.603+0000][226944.308s] GC(21) Survivor regions: 3->3(77)
[2025-12-12T05:53:13.603+0000][226944.309s] GC(21) Old regions: 48->48
[2025-12-12T05:53:13.603+0000][226944.309s] GC(21) Archive regions: 2->2
[2025-12-12T05:53:13.603+0000][226944.309s] GC(21) Humongous regions: 4->4
[2025-12-12T05:53:13.603+0000][226944.309s] GC(21) Metaspace: 67292K(68032K)->67292K(68032K) NonClass: 58869K(59264K)->58869K(59264K) Class: 8423K(8768K)->8423K(8768K)
[2025-12-12T05:53:13.603+0000][226944.309s] GC(21) Pause Young (Normal) (G1 Evacuation Pause) 666M->55M(1024M) 127.098ms
[2025-12-12T05:53:13.603+0000][226944.309s] GC(21) User=0.71s Sys=0.00s Real=0.12s
[2025-12-12T10:52:19.645+0000][244890.584s] GC(22) Pause Young (Normal) (G1 Evacuation Pause)
[2025-12-12T10:52:19.647+0000][244890.586s] GC(22) Using 8 workers of 8 for evacuation
[2025-12-12T10:52:19.769+0000][244890.708s] GC(22)   Pre Evacuate Collection Set: 8.7ms
[2025-12-12T10:52:19.769+0000][244890.708s] GC(22)   Merge Heap Roots: 2.6ms
[2025-12-12T10:52:19.769+0000][244890.708s] GC(22)   Evacuate Collection Set: 90.8ms
[2025-12-12T10:52:19.769+0000][244890.708s] GC(22)   Post Evacuate Collection Set: 16.8ms
[2025-12-12T10:52:19.769+0000][244890.708s] GC(22)   Other: 6.5ms
[2025-12-12T10:52:19.769+0000][244890.708s] GC(22) Eden regions: 611->0(611)
[2025-12-12T10:52:19.770+0000][244890.708s] GC(22) Survivor regions: 3->3(77)
[2025-12-12T10:52:19.770+0000][244890.709s] GC(22) Old regions: 48->48
[2025-12-12T10:52:19.770+0000][244890.709s] GC(22) Archive regions: 2->2
[2025-12-12T10:52:19.770+0000][244890.709s] GC(22) Humongous regions: 4->4
[2025-12-12T10:52:19.770+0000][244890.709s] GC(22) Metaspace: 67293K(68032K)->67293K(68032K) NonClass: 58870K(59264K)->58870K(59264K) Class: 8423K(8768K)->8423K(8768K)
[2025-12-12T10:52:19.770+0000][244890.709s] GC(22) Pause Young (Normal) (G1 Evacuation Pause) 666M->55M(1024M) 125.574ms
[2025-12-12T10:52:19.770+0000][244890.709s] GC(22) User=0.60s Sys=0.00s Real=0.12s
[2025-12-12T16:28:26.258+0000][262837.140s] GC(23) Pause Young (Normal) (G1 Evacuation Pause)
[2025-12-12T16:28:26.264+0000][262837.146s] GC(23) Using 8 workers of 8 for evacuation
[2025-12-12T16:28:26.416+0000][262837.298s] GC(23)   Pre Evacuate Collection Set: 7.7ms
[2025-12-12T16:28:26.417+0000][262837.298s] GC(23)   Merge Heap Roots: 2.3ms
[2025-12-12T16:28:26.417+0000][262837.298s] GC(23)   Evacuate Collection Set: 98.9ms
[2025-12-12T16:28:26.417+0000][262837.298s] GC(23)   Post Evacuate Collection Set: 36.2ms
[2025-12-12T16:28:26.417+0000][262837.298s] GC(23)   Other: 14.2ms
[2025-12-12T16:28:26.417+0000][262837.298s] GC(23) Eden regions: 611->0(613)
[2025-12-12T16:28:26.417+0000][262837.299s] GC(23) Survivor regions: 3->1(77)
[2025-12-12T16:28:26.417+0000][262837.299s] GC(23) Old regions: 48->51
[2025-12-12T16:28:26.417+0000][262837.299s] GC(23) Archive regions: 2->2
[2025-12-12T16:28:26.417+0000][262837.299s] GC(23) Humongous regions: 4->4
[2025-12-12T16:28:26.418+0000][262837.299s] GC(23) Metaspace: 67293K(68032K)->67293K(68032K) NonClass: 58870K(59264K)->58870K(59264K) Class: 8423K(8768K)->8423K(8768K)
[2025-12-12T16:28:26.418+0000][262837.299s] GC(23) Pause Young (Normal) (G1 Evacuation Pause) 666M->55M(1024M) 159.835ms
[2025-12-12T16:28:26.418+0000][262837.299s] GC(23) User=0.73s Sys=0.00s Real=0.16s
[2025-12-14T01:20:15.651+0000][279852.233s] GC(24) Pause Young (Normal) (G1 Evacuation Pause)
[2025-12-14T01:20:15.653+0000][279852.236s] GC(24) Using 8 workers of 8 for evacuation
[2025-12-14T01:20:15.753+0000][279852.335s] GC(24)   Pre Evacuate Collection Set: 5.7ms
[2025-12-14T01:20:15.753+0000][279852.335s] GC(24)   Merge Heap Roots: 1.6ms
[2025-12-14T01:20:15.753+0000][279852.335s] GC(24)   Evacuate Collection Set: 39.4ms
[2025-12-14T01:20:15.753+0000][279852.335s] GC(24)   Post Evacuate Collection Set: 46.3ms
[2025-12-14T01:20:15.753+0000][279852.336s] GC(24)   Other: 8.6ms
[2025-12-14T01:20:15.753+0000][279852.336s] GC(24) Eden regions: 613->0(613)
[2025-12-14T01:20:15.753+0000][279852.336s] GC(24) Survivor regions: 1->1(77)
[2025-12-14T01:20:15.754+0000][279852.336s] GC(24) Old regions: 51->51
[2025-12-14T01:20:15.754+0000][279852.336s] GC(24) Archive regions: 2->2
[2025-12-14T01:20:15.754+0000][279852.336s] GC(24) Humongous regions: 4->4
[2025-12-14T01:20:15.754+0000][279852.336s] GC(24) Metaspace: 67591K(68352K)->67591K(68352K) NonClass: 59160K(59584K)->59160K(59584K) Class: 8431K(8768K)->8431K(8768K)
[2025-12-14T01:20:15.754+0000][279852.336s] GC(24) Pause Young (Normal) (G1 Evacuation Pause) 668M->55M(1024M) 102.990ms
[2025-12-14T01:20:15.754+0000][279852.336s] GC(24) User=0.44s Sys=0.00s Real=0.10s
[2025-12-14T18:31:58.602+0000][297770.338s] GC(25) Pause Young (Normal) (G1 Evacuation Pause)
[2025-12-14T18:31:58.605+0000][297770.341s] GC(25) Using 8 workers of 8 for evacuation
[2025-12-14T18:31:58.711+0000][297770.447s] GC(25)   Pre Evacuate Collection Set: 12.8ms
[2025-12-14T18:31:58.711+0000][297770.447s] GC(25)   Merge Heap Roots: 10.6ms
[2025-12-14T18:31:58.711+0000][297770.447s] GC(25)   Evacuate Collection Set: 62.0ms
[2025-12-14T18:31:58.711+0000][297770.447s] GC(25)   Post Evacuate Collection Set: 16.9ms
[2025-12-14T18:31:58.711+0000][297770.447s] GC(25)   Other: 8.3ms
[2025-12-14T18:31:58.711+0000][297770.447s] GC(25) Eden regions: 613->0(613)
[2025-12-14T18:31:58.711+0000][297770.447s] GC(25) Survivor regions: 1->1(77)
[2025-12-14T18:31:58.711+0000][297770.447s] GC(25) Old regions: 51->51
[2025-12-14T18:31:58.711+0000][297770.447s] GC(25) Archive regions: 2->2
[2025-12-14T18:31:58.711+0000][297770.447s] GC(25) Humongous regions: 4->4
[2025-12-14T18:31:58.711+0000][297770.448s] GC(25) Metaspace: 67592K(68352K)->67592K(68352K) NonClass: 59160K(59584K)->59160K(59584K) Class: 8431K(8768K)->8431K(8768K)
[2025-12-14T18:31:58.712+0000][297770.448s] GC(25) Pause Young (Normal) (G1 Evacuation Pause) 668M->55M(1024M) 110.399ms
[2025-12-14T18:31:58.712+0000][297770.448s] GC(25) User=0.42s Sys=0.00s Real=0.11s
[2025-12-14T23:31:06.816+0000][315718.600s] GC(26) Pause Young (Normal) (G1 Evacuation Pause)
[2025-12-14T23:31:06.819+0000][315718.603s] GC(26) Using 8 workers of 8 for evacuation
[2025-12-14T23:31:06.902+0000][315718.686s] GC(26)   Pre Evacuate Collection Set: 5.5ms
[2025-12-14T23:31:06.902+0000][315718.686s] GC(26)   Merge Heap Roots: 2.5ms
[2025-12-14T23:31:06.902+0000][315718.686s] GC(26)   Evacuate Collection Set: 58.5ms
[2025-12-14T23:31:06.902+0000][315718.686s] GC(26)   Post Evacuate Collection Set: 13.2ms
[2025-12-14T23:31:06.902+0000][315718.686s] GC(26)   Other: 7.3ms
[2025-12-14T23:31:06.902+0000][315718.687s] GC(26) Eden regions: 613->0(613)
[2025-12-14T23:31:06.902+0000][315718.687s] GC(26) Survivor regions: 1->1(77)
[2025-12-14T23:31:06.902+0000][315718.687s] GC(26) Old regions: 51->51
[2025-12-14T23:31:06.902+0000][315718.687s] GC(26) Archive regions: 2->2
[2025-12-14T23:31:06.902+0000][315718.687s] GC(26) Humongous regions: 4->4
[2025-12-14T23:31:06.902+0000][315718.687s] GC(26) Metaspace: 67601K(68352K)->67601K(68352K) NonClass: 59170K(59584K)->59170K(59584K) Class: 8431K(8768K)->8431K(8768K)
[2025-12-14T23:31:06.902+0000][315718.687s] GC(26) Pause Young (Normal) (G1 Evacuation Pause) 668M->55M(1024M) 87.007ms
[2025-12-14T23:31:06.903+0000][315718.687s] GC(26) User=0.41s Sys=0.00s Real=0.08s
[2025-12-15T15:35:43.822+0000][333599.100s] GC(27) Pause Young (Normal) (G1 Evacuation Pause)
[2025-12-15T15:35:43.825+0000][333599.103s] GC(27) Using 8 workers of 8 for evacuation
[2025-12-15T15:35:44.042+0000][333599.321s] GC(27)   Pre Evacuate Collection Set: 9.9ms
[2025-12-15T15:35:44.043+0000][333599.321s] GC(27)   Merge Heap Roots: 7.7ms
[2025-12-15T15:35:44.043+0000][333599.321s] GC(27)   Evacuate Collection Set: 143.8ms
[2025-12-15T15:35:44.043+0000][333599.321s] GC(27)   Post Evacuate Collection Set: 51.2ms
[2025-12-15T15:35:44.043+0000][333599.321s] GC(27)   Other: 11.6ms
[2025-12-15T15:35:44.043+0000][333599.321s] GC(27) Eden regions: 613->0(613)
[2025-12-15T15:35:44.043+0000][333599.321s] GC(27) Survivor regions: 1->1(77)
[2025-12-15T15:35:44.043+0000][333599.321s] GC(27) Old regions: 51->51
[2025-12-15T15:35:44.043+0000][333599.322s] GC(27) Archive regions: 2->2
[2025-12-15T15:35:44.043+0000][333599.322s] GC(27) Humongous regions: 4->4
[2025-12-15T15:35:44.044+0000][333599.322s] GC(27) Metaspace: 67782K(68480K)->67782K(68480K) NonClass: 59339K(59712K)->59339K(59712K) Class: 8442K(8768K)->8442K(8768K)
[2025-12-15T15:35:44.044+0000][333599.322s] GC(27) Pause Young (Normal) (G1 Evacuation Pause) 668M->55M(1024M) 223.020ms
[2025-12-15T15:35:44.044+0000][333599.322s] GC(27) User=1.18s Sys=0.00s Real=0.23s
[2025-12-15T21:08:42.082+0000][353577.313s] GC(28) Pause Young (Normal) (G1 Evacuation Pause)
[2025-12-15T21:08:42.086+0000][353577.317s] GC(28) Using 8 workers of 8 for evacuation
[2025-12-15T21:08:42.244+0000][353577.474s] GC(28)   Pre Evacuate Collection Set: 9.2ms
[2025-12-15T21:08:42.244+0000][353577.475s] GC(28)   Merge Heap Roots: 2.2ms
[2025-12-15T21:08:42.244+0000][353577.475s] GC(28)   Evacuate Collection Set: 97.8ms
[2025-12-15T21:08:42.244+0000][353577.475s] GC(28)   Post Evacuate Collection Set: 42.2ms
[2025-12-15T21:08:42.244+0000][353577.475s] GC(28)   Other: 12.1ms
[2025-12-15T21:08:42.245+0000][353577.476s] GC(28) Eden regions: 613->0(613)
[2025-12-15T21:08:42.245+0000][353577.476s] GC(28) Survivor regions: 1->1(77)
[2025-12-15T21:08:42.245+0000][353577.476s] GC(28) Old regions: 51->51
[2025-12-15T21:08:42.245+0000][353577.476s] GC(28) Archive regions: 2->2
[2025-12-15T21:08:42.245+0000][353577.476s] GC(28) Humongous regions: 4->4
[2025-12-15T21:08:42.245+0000][353577.476s] GC(28) Metaspace: 67823K(68480K)->67823K(68480K) NonClass: 59380K(59712K)->59380K(59712K) Class: 8442K(8768K)->8442K(8768K)
[2025-12-15T21:08:42.246+0000][353577.476s] GC(28) Pause Young (Normal) (G1 Evacuation Pause) 668M->56M(1024M) 164.012ms
[2025-12-15T21:08:42.246+0000][353577.476s] GC(28) User=0.65s Sys=0.00s Real=0.16s
[2025-12-16T02:15:55.571+0000][372010.765s] GC(29) Pause Young (Normal) (G1 Evacuation Pause)
[2025-12-16T02:15:55.575+0000][372010.769s] GC(29) Using 8 workers of 8 for evacuation
[2025-12-16T02:15:55.690+0000][372010.884s] GC(29)   Pre Evacuate Collection Set: 11.3ms
[2025-12-16T02:15:55.690+0000][372010.884s] GC(29)   Merge Heap Roots: 3.4ms
[2025-12-16T02:15:55.690+0000][372010.884s] GC(29)   Evacuate Collection Set: 75.7ms
[2025-12-16T02:15:55.690+0000][372010.884s] GC(29)   Post Evacuate Collection Set: 19.5ms
[2025-12-16T02:15:55.690+0000][372010.885s] GC(29)   Other: 11.0ms
[2025-12-16T02:15:55.690+0000][372010.885s] GC(29) Eden regions: 613->0(612)
[2025-12-16T02:15:55.690+0000][372010.885s] GC(29) Survivor regions: 1->2(77)
[2025-12-16T02:15:55.691+0000][372010.885s] GC(29) Old regions: 51->51
[2025-12-16T02:15:55.691+0000][372010.885s] GC(29) Archive regions: 2->2
[2025-12-16T02:15:55.691+0000][372010.885s] GC(29) Humongous regions: 4->4
[2025-12-16T02:15:55.691+0000][372010.885s] GC(29) Metaspace: 68142K(68864K)->68142K(68864K) NonClass: 59698K(60096K)->59698K(60096K) Class: 8443K(8768K)->8443K(8768K)
[2025-12-16T02:15:55.691+0000][372010.885s] GC(29) Pause Young (Normal) (G1 Evacuation Pause) 669M->56M(1024M) 120.900ms
[2025-12-16T02:15:55.691+0000][372010.885s] GC(29) User=0.56s Sys=0.00s Real=0.12s
[2025-12-16T07:51:57.573+0000][392172.707s] GC(30) Pause Young (Normal) (G1 Evacuation Pause)
[2025-12-16T07:51:57.577+0000][392172.711s] GC(30) Using 8 workers of 8 for evacuation
[2025-12-16T07:51:57.707+0000][392172.837s] GC(30)   Pre Evacuate Collection Set: 19.9ms
[2025-12-16T07:51:57.708+0000][392172.839s] GC(30)   Merge Heap Roots: 17.5ms
[2025-12-16T07:51:57.709+0000][392172.840s] GC(30)   Evacuate Collection Set: 67.8ms
[2025-12-16T07:51:57.711+0000][392172.842s] GC(30)   Post Evacuate Collection Set: 16.8ms
[2025-12-16T07:51:57.712+0000][392172.842s] GC(30)   Other: 14.3ms
[2025-12-16T07:51:57.712+0000][392172.843s] GC(30) Eden regions: 612->0(613)
[2025-12-16T07:51:57.712+0000][392172.843s] GC(30) Survivor regions: 2->1(77)
[2025-12-16T07:51:57.712+0000][392172.843s] GC(30) Old regions: 51->51
[2025-12-16T07:51:57.713+0000][392172.844s] GC(30) Archive regions: 2->2
[2025-12-16T07:51:57.713+0000][392172.844s] GC(30) Humongous regions: 4->4
[2025-12-16T07:51:57.714+0000][392172.845s] GC(30) Metaspace: 68147K(68864K)->68147K(68864K) NonClass: 59703K(60096K)->59703K(60096K) Class: 8443K(8768K)->8443K(8768K)
[2025-12-16T07:51:57.716+0000][392172.847s] GC(30) Pause Young (Normal) (G1 Evacuation Pause) 668M->56M(1024M) 139.930ms
[2025-12-16T07:51:57.718+0000][392172.848s] GC(30) User=0.53s Sys=0.00s Real=0.14s
[2025-12-16T13:28:35.916+0000][412371.119s] GC(31) Pause Young (Normal) (G1 Evacuation Pause)
[2025-12-16T13:28:35.920+0000][412371.123s] GC(31) Using 8 workers of 8 for evacuation
[2025-12-16T13:28:35.992+0000][412371.195s] GC(31)   Pre Evacuate Collection Set: 6.6ms
[2025-12-16T13:28:35.992+0000][412371.195s] GC(31)   Merge Heap Roots: 1.0ms
[2025-12-16T13:28:35.992+0000][412371.195s] GC(31)   Evacuate Collection Set: 44.8ms
[2025-12-16T13:28:35.992+0000][412371.195s] GC(31)   Post Evacuate Collection Set: 14.8ms
[2025-12-16T13:28:35.993+0000][412371.196s] GC(31)   Other: 10.4ms
[2025-12-16T13:28:35.993+0000][412371.196s] GC(31) Eden regions: 613->0(613)
[2025-12-16T13:28:35.993+0000][412371.196s] GC(31) Survivor regions: 1->1(77)
[2025-12-16T13:28:35.993+0000][412371.196s] GC(31) Old regions: 51->51
[2025-12-16T13:28:35.993+0000][412371.196s] GC(31) Archive regions: 2->2
[2025-12-16T13:28:35.993+0000][412371.196s] GC(31) Humongous regions: 4->4
[2025-12-16T13:28:35.993+0000][412371.196s] GC(31) Metaspace: 68147K(68864K)->68147K(68864K) NonClass: 59703K(60096K)->59703K(60096K) Class: 8443K(8768K)->8443K(8768K)
[2025-12-16T13:28:35.993+0000][412371.196s] GC(31) Pause Young (Normal) (G1 Evacuation Pause) 669M->56M(1024M) 78.280ms
[2025-12-16T13:28:35.994+0000][412371.196s] GC(31) User=0.30s Sys=0.00s Real=0.08s
[2025-12-17T00:07:35.642+0000][431748.428s] GC(32) Pause Young (Normal) (G1 Evacuation Pause)
[2025-12-17T00:07:35.643+0000][431748.429s] GC(32) Using 8 workers of 8 for evacuation
[2025-12-17T00:07:35.808+0000][431748.594s] GC(32)   Pre Evacuate Collection Set: 11.2ms
[2025-12-17T00:07:35.808+0000][431748.595s] GC(32)   Merge Heap Roots: 2.0ms
[2025-12-17T00:07:35.808+0000][431748.595s] GC(32)   Evacuate Collection Set: 124.2ms
[2025-12-17T00:07:35.809+0000][431748.595s] GC(32)   Post Evacuate Collection Set: 26.2ms
[2025-12-17T00:07:35.809+0000][431748.595s] GC(32)   Other: 3.7ms
[2025-12-17T00:07:35.809+0000][431748.595s] GC(32) Eden regions: 613->0(613)
[2025-12-17T00:07:35.809+0000][431748.595s] GC(32) Survivor regions: 1->1(77)
[2025-12-17T00:07:35.809+0000][431748.595s] GC(32) Old regions: 51->51
[2025-12-17T00:07:35.809+0000][431748.595s] GC(32) Archive regions: 2->2
[2025-12-17T00:07:35.809+0000][431748.595s] GC(32) Humongous regions: 4->4
[2025-12-17T00:07:35.809+0000][431748.595s] GC(32) Metaspace: 68370K(69120K)->68370K(69120K) NonClass: 59923K(60352K)->59923K(60352K) Class: 8446K(8768K)->8446K(8768K)
[2025-12-17T00:07:35.809+0000][431748.595s] GC(32) Pause Young (Normal) (G1 Evacuation Pause) 669M->56M(1024M) 167.449ms
[2025-12-17T00:07:35.809+0000][431748.595s] GC(32) User=0.81s Sys=0.00s Real=0.17s
[2025-12-17T02:40:38.492+0000][440931.106s] GC(33) Pause Young (Normal) (G1 Evacuation Pause)
[2025-12-17T02:40:38.495+0000][440931.108s] GC(33) Using 8 workers of 8 for evacuation
[2025-12-17T02:40:38.613+0000][440931.226s] GC(33)   Pre Evacuate Collection Set: 4.9ms
[2025-12-17T02:40:38.613+0000][440931.226s] GC(33)   Merge Heap Roots: 1.7ms
[2025-12-17T02:40:38.613+0000][440931.227s] GC(33)   Evacuate Collection Set: 91.3ms
[2025-12-17T02:40:38.613+0000][440931.227s] GC(33)   Post Evacuate Collection Set: 14.4ms
[2025-12-17T02:40:38.613+0000][440931.227s] GC(33)   Other: 9.2ms
[2025-12-17T02:40:38.613+0000][440931.227s] GC(33) Eden regions: 613->0(609)
[2025-12-17T02:40:38.613+0000][440931.227s] GC(33) Survivor regions: 1->5(77)
[2025-12-17T02:40:38.613+0000][440931.227s] GC(33) Old regions: 51->51
[2025-12-17T02:40:38.613+0000][440931.227s] GC(33) Archive regions: 2->2
[2025-12-17T02:40:38.613+0000][440931.227s] GC(33) Humongous regions: 5->5
[2025-12-17T02:40:38.613+0000][440931.227s] GC(33) Metaspace: 70304K(70976K)->70304K(70976K) NonClass: 61816K(62144K)->61816K(62144K) Class: 8487K(8832K)->8487K(8832K)
[2025-12-17T02:40:38.614+0000][440931.227s] GC(33) Pause Young (Normal) (G1 Evacuation Pause) 670M->60M(1024M) 121.581ms
[2025-12-17T02:40:38.614+0000][440931.227s] GC(33) User=0.76s Sys=0.00s Real=0.12s
[2025-12-17T07:06:06.691+0000][456859.244s] GC(34) Pause Young (Normal) (G1 Evacuation Pause)
[2025-12-17T07:06:06.694+0000][456859.247s] GC(34) Using 8 workers of 8 for evacuation
[2025-12-17T07:06:06.910+0000][456859.463s] GC(34)   Pre Evacuate Collection Set: 13.3ms
[2025-12-17T07:06:06.910+0000][456859.463s] GC(34)   Merge Heap Roots: 3.1ms
[2025-12-17T07:06:06.910+0000][456859.463s] GC(34)   Evacuate Collection Set: 175.1ms
[2025-12-17T07:06:06.911+0000][456859.464s] GC(34)   Post Evacuate Collection Set: 20.5ms
[2025-12-17T07:06:06.911+0000][456859.464s] GC(34)   Other: 10.3ms
[2025-12-17T07:06:06.911+0000][456859.464s] GC(34) Eden regions: 609->0(608)
[2025-12-17T07:06:06.911+0000][456859.464s] GC(34) Survivor regions: 5->6(77)
[2025-12-17T07:06:06.911+0000][456859.464s] GC(34) Old regions: 51->51
[2025-12-17T07:06:06.911+0000][456859.464s] GC(34) Archive regions: 2->2
[2025-12-17T07:06:06.911+0000][456859.464s] GC(34) Humongous regions: 5->5
[2025-12-17T07:06:06.911+0000][456859.464s] GC(34) Metaspace: 72156K(72832K)->72156K(72832K) NonClass: 63454K(63808K)->63454K(63808K) Class: 8702K(9024K)->8702K(9024K)
[2025-12-17T07:06:06.911+0000][456859.464s] GC(34) Pause Young (Normal) (G1 Evacuation Pause) 669M->62M(1024M) 220.906ms
[2025-12-17T07:06:06.911+0000][456859.464s] GC(34) User=1.29s Sys=0.00s Real=0.22s
[2025-12-17T12:39:34.929+0000][476867.592s] GC(35) Pause Young (Normal) (G1 Evacuation Pause)
[2025-12-17T12:39:34.932+0000][476867.595s] GC(35) Using 8 workers of 8 for evacuation
[2025-12-17T12:39:35.006+0000][476867.669s] GC(35)   Pre Evacuate Collection Set: 6.5ms
[2025-12-17T12:39:35.007+0000][476867.670s] GC(35)   Merge Heap Roots: 1.4ms
[2025-12-17T12:39:35.007+0000][476867.670s] GC(35)   Evacuate Collection Set: 56.8ms
[2025-12-17T12:39:35.007+0000][476867.670s] GC(35)   Post Evacuate Collection Set: 7.9ms
[2025-12-17T12:39:35.007+0000][476867.670s] GC(35)   Other: 4.9ms
[2025-12-17T12:39:35.007+0000][476867.670s] GC(35) Eden regions: 608->0(608)
[2025-12-17T12:39:35.007+0000][476867.670s] GC(35) Survivor regions: 6->6(77)
[2025-12-17T12:39:35.007+0000][476867.670s] GC(35) Old regions: 51->51
[2025-12-17T12:39:35.007+0000][476867.670s] GC(35) Archive regions: 2->2
[2025-12-17T12:39:35.007+0000][476867.670s] GC(35) Humongous regions: 5->5
[2025-12-17T12:39:35.007+0000][476867.670s] GC(35) Metaspace: 72158K(72832K)->72158K(72832K) NonClass: 63455K(63808K)->63455K(63808K) Class: 8702K(9024K)->8702K(9024K)
[2025-12-17T12:39:35.007+0000][476867.670s] GC(35) Pause Young (Normal) (G1 Evacuation Pause) 670M->61M(1024M) 78.129ms
[2025-12-17T12:39:35.007+0000][476867.670s] GC(35) User=0.48s Sys=0.00s Real=0.08s
[2025-12-17T18:13:33.747+0000][496906.347s] GC(36) Pause Young (Normal) (G1 Evacuation Pause)
[2025-12-17T18:13:33.750+0000][496906.350s] GC(36) Using 8 workers of 8 for evacuation
[2025-12-17T18:13:33.883+0000][496906.483s] GC(36)   Pre Evacuate Collection Set: 7.8ms
[2025-12-17T18:13:33.884+0000][496906.484s] GC(36)   Merge Heap Roots: 2.6ms
[2025-12-17T18:13:33.884+0000][496906.484s] GC(36)   Evacuate Collection Set: 91.6ms
[2025-12-17T18:13:33.884+0000][496906.484s] GC(36)   Post Evacuate Collection Set: 24.7ms
[2025-12-17T18:13:33.884+0000][496906.484s] GC(36)   Other: 12.6ms
[2025-12-17T18:13:33.884+0000][496906.484s] GC(36) Eden regions: 608->0(608)
[2025-12-17T18:13:33.884+0000][496906.484s] GC(36) Survivor regions: 6->6(77)
[2025-12-17T18:13:33.884+0000][496906.484s] GC(36) Old regions: 51->51
[2025-12-17T18:13:33.884+0000][496906.484s] GC(36) Archive regions: 2->2
[2025-12-17T18:13:33.884+0000][496906.484s] GC(36) Humongous regions: 5->5
[2025-12-17T18:13:33.885+0000][496906.485s] GC(36) Metaspace: 72158K(72832K)->72158K(72832K) NonClass: 63455K(63808K)->63455K(63808K) Class: 8702K(9024K)->8702K(9024K)
[2025-12-17T18:13:33.885+0000][496906.485s] GC(36) Pause Young (Normal) (G1 Evacuation Pause) 669M->61M(1024M) 138.125ms
[2025-12-17T18:13:33.885+0000][496906.485s] GC(36) User=0.72s Sys=0.00s Real=0.14s
[2025-12-17T23:35:37.582+0000][516230.128s] GC(37) Pause Young (Normal) (G1 Evacuation Pause)
[2025-12-17T23:35:37.586+0000][516230.132s] GC(37) Using 8 workers of 8 for evacuation
[2025-12-17T23:35:37.781+0000][516230.327s] GC(37)   Pre Evacuate Collection Set: 13.8ms
[2025-12-17T23:35:37.782+0000][516230.327s] GC(37)   Merge Heap Roots: 13.0ms
[2025-12-17T23:35:37.782+0000][516230.327s] GC(37)   Evacuate Collection Set: 137.5ms
[2025-12-17T23:35:37.782+0000][516230.328s] GC(37)   Post Evacuate Collection Set: 25.8ms
[2025-12-17T23:35:37.782+0000][516230.328s] GC(37)   Other: 11.3ms
[2025-12-17T23:35:37.782+0000][516230.328s] GC(37) Eden regions: 608->0(607)
[2025-12-17T23:35:37.782+0000][516230.328s] GC(37) Survivor regions: 6->7(77)
[2025-12-17T23:35:37.782+0000][516230.328s] GC(37) Old regions: 51->51
[2025-12-17T23:35:37.782+0000][516230.328s] GC(37) Archive regions: 2->2
[2025-12-17T23:35:37.782+0000][516230.328s] GC(37) Humongous regions: 5->5
[2025-12-17T23:35:37.782+0000][516230.328s] GC(37) Metaspace: 72433K(73152K)->72433K(73152K) NonClass: 63702K(64064K)->63702K(64064K) Class: 8730K(9088K)->8730K(9088K)
[2025-12-17T23:35:37.783+0000][516230.328s] GC(37) Pause Young (Normal) (G1 Evacuation Pause) 669M->62M(1024M) 201.152ms
[2025-12-17T23:35:37.783+0000][516230.328s] GC(37) User=1.19s Sys=0.00s Real=0.20s
[2025-12-18T05:09:06.188+0000][536238.679s] GC(38) Pause Young (Normal) (G1 Evacuation Pause)
[2025-12-18T05:09:06.189+0000][536238.680s] GC(38) Using 8 workers of 8 for evacuation
[2025-12-18T05:09:06.306+0000][536238.796s] GC(38)   Pre Evacuate Collection Set: 5.3ms
[2025-12-18T05:09:06.306+0000][536238.796s] GC(38)   Merge Heap Roots: 0.9ms
[2025-12-18T05:09:06.306+0000][536238.797s] GC(38)   Evacuate Collection Set: 88.6ms
[2025-12-18T05:09:06.306+0000][536238.797s] GC(38)   Post Evacuate Collection Set: 20.5ms
[2025-12-18T05:09:06.306+0000][536238.797s] GC(38)   Other: 2.8ms
[2025-12-18T05:09:06.307+0000][536238.797s] GC(38) Eden regions: 607->0(608)
[2025-12-18T05:09:06.307+0000][536238.797s] GC(38) Survivor regions: 7->6(77)
[2025-12-18T05:09:06.307+0000][536238.797s] GC(38) Old regions: 51->51
[2025-12-18T05:09:06.307+0000][536238.797s] GC(38) Archive regions: 2->2
[2025-12-18T05:09:06.307+0000][536238.797s] GC(38) Humongous regions: 5->5
[2025-12-18T05:09:06.307+0000][536238.797s] GC(38) Metaspace: 72433K(73152K)->72433K(73152K) NonClass: 63703K(64064K)->63703K(64064K) Class: 8730K(9088K)->8730K(9088K)
[2025-12-18T05:09:06.307+0000][536238.797s] GC(38) Pause Young (Normal) (G1 Evacuation Pause) 669M->62M(1024M) 118.763ms
[2025-12-18T05:09:06.307+0000][536238.797s] GC(38) User=0.60s Sys=0.00s Real=0.12s
[2025-12-18T10:42:40.460+0000][556252.909s] GC(39) Pause Young (Normal) (G1 Evacuation Pause)
[2025-12-18T10:42:40.462+0000][556252.911s] GC(39) Using 8 workers of 8 for evacuation
[2025-12-18T10:42:40.565+0000][556253.015s] GC(39)   Pre Evacuate Collection Set: 7.6ms
[2025-12-18T10:42:40.565+0000][556253.015s] GC(39)   Merge Heap Roots: 1.7ms
[2025-12-18T10:42:40.565+0000][556253.015s] GC(39)   Evacuate Collection Set: 66.2ms
[2025-12-18T10:42:40.566+0000][556253.015s] GC(39)   Post Evacuate Collection Set: 25.4ms
[2025-12-18T10:42:40.566+0000][556253.015s] GC(39)   Other: 5.9ms
[2025-12-18T10:42:40.566+0000][556253.015s] GC(39) Eden regions: 608->0(608)
[2025-12-18T10:42:40.566+0000][556253.015s] GC(39) Survivor regions: 6->6(77)
[2025-12-18T10:42:40.566+0000][556253.016s] GC(39) Old regions: 51->51
[2025-12-18T10:42:40.566+0000][556253.016s] GC(39) Archive regions: 2->2
[2025-12-18T10:42:40.566+0000][556253.016s] GC(39) Humongous regions: 5->5
[2025-12-18T10:42:40.566+0000][556253.016s] GC(39) Metaspace: 72433K(73152K)->72433K(73152K) NonClass: 63703K(64064K)->63703K(64064K) Class: 8730K(9088K)->8730K(9088K)
[2025-12-18T10:42:40.566+0000][556253.016s] GC(39) Pause Young (Normal) (G1 Evacuation Pause) 670M->61M(1024M) 106.642ms
[2025-12-18T10:42:40.567+0000][556253.016s] GC(39) User=0.54s Sys=0.00s Real=0.11s
[2025-12-18T18:07:19.954+0000][572587.385s] GC(40) Pause Young (Normal) (G1 Evacuation Pause)
[2025-12-18T18:07:19.957+0000][572587.387s] GC(40) Using 8 workers of 8 for evacuation
[2025-12-18T18:07:20.311+0000][572587.741s] GC(40) MMU target violated: 251.0ms (250.0ms/251.0ms)
[2025-12-18T18:07:20.312+0000][572587.742s] GC(40)   Pre Evacuate Collection Set: 15.7ms
[2025-12-18T18:07:20.312+0000][572587.742s] GC(40)   Merge Heap Roots: 5.5ms
[2025-12-18T18:07:20.312+0000][572587.743s] GC(40)   Evacuate Collection Set: 282.5ms
[2025-12-18T18:07:20.312+0000][572587.743s] GC(40)   Post Evacuate Collection Set: 46.0ms
[2025-12-18T18:07:20.312+0000][572587.743s] GC(40)   Other: 10.5ms
[2025-12-18T18:07:20.313+0000][572587.743s] GC(40) Eden regions: 608->0(607)
[2025-12-18T18:07:20.313+0000][572587.743s] GC(40) Survivor regions: 6->7(77)
[2025-12-18T18:07:20.313+0000][572587.744s] GC(40) Old regions: 51->51
[2025-12-18T18:07:20.313+0000][572587.744s] GC(40) Archive regions: 2->2
[2025-12-18T18:07:20.313+0000][572587.744s] GC(40) Humongous regions: 5->5
[2025-12-18T18:07:20.313+0000][572587.744s] GC(40) Metaspace: 73098K(73856K)->73098K(73856K) NonClass: 64311K(64704K)->64311K(64704K) Class: 8786K(9152K)->8786K(9152K)
[2025-12-18T18:07:20.313+0000][572587.744s] GC(40) Pause Young (Normal) (G1 Evacuation Pause) 669M->62M(1024M) 359.467ms
[2025-12-18T18:07:20.313+0000][572587.744s] GC(40) User=2.03s Sys=0.00s Real=0.36s
[2025-12-18T23:01:39.353+0000][590246.667s] GC(41) Pause Young (Normal) (G1 Evacuation Pause)
[2025-12-18T23:01:39.355+0000][590246.670s] GC(41) Using 8 workers of 8 for evacuation
[2025-12-18T23:01:39.544+0000][590246.858s] GC(41)   Pre Evacuate Collection Set: 9.7ms
[2025-12-18T23:01:39.544+0000][590246.858s] GC(41)   Merge Heap Roots: 2.4ms
[2025-12-18T23:01:39.544+0000][590246.859s] GC(41)   Evacuate Collection Set: 137.0ms
[2025-12-18T23:01:39.544+0000][590246.859s] GC(41)   Post Evacuate Collection Set: 35.9ms
[2025-12-18T23:01:39.545+0000][590246.859s] GC(41)   Other: 6.3ms
[2025-12-18T23:01:39.545+0000][590246.859s] GC(41) Eden regions: 607->0(607)
[2025-12-18T23:01:39.545+0000][590246.859s] GC(41) Survivor regions: 7->7(77)
[2025-12-18T23:01:39.545+0000][590246.859s] GC(41) Old regions: 51->51
[2025-12-18T23:01:39.545+0000][590246.859s] GC(41) Archive regions: 2->2
[2025-12-18T23:01:39.545+0000][590246.859s] GC(41) Humongous regions: 5->5
[2025-12-18T23:01:39.545+0000][590246.859s] GC(41) Metaspace: 73099K(73856K)->73099K(73856K) NonClass: 64312K(64704K)->64312K(64704K) Class: 8786K(9152K)->8786K(9152K)
[2025-12-18T23:01:39.545+0000][590246.860s] GC(41) Pause Young (Normal) (G1 Evacuation Pause) 669M->62M(1024M) 192.273ms
[2025-12-18T23:01:39.545+0000][590246.860s] GC(41) User=1.16s Sys=0.00s Real=0.20s
[2025-12-19T03:58:15.188+0000][608042.607s] GC(42) Pause Young (Normal) (G1 Evacuation Pause)
[2025-12-19T03:58:15.190+0000][608042.609s] GC(42) Using 8 workers of 8 for evacuation
[2025-12-19T03:58:15.304+0000][608042.723s] GC(42)   Pre Evacuate Collection Set: 5.3ms
[2025-12-19T03:58:15.304+0000][608042.723s] GC(42)   Merge Heap Roots: 2.5ms
[2025-12-19T03:58:15.304+0000][608042.723s] GC(42)   Evacuate Collection Set: 79.3ms
[2025-12-19T03:58:15.304+0000][608042.723s] GC(42)   Post Evacuate Collection Set: 21.5ms
[2025-12-19T03:58:15.305+0000][608042.723s] GC(42)   Other: 9.2ms
[2025-12-19T03:58:15.305+0000][608042.724s] GC(42) Eden regions: 607->0(608)
[2025-12-19T03:58:15.305+0000][608042.724s] GC(42) Survivor regions: 7->6(77)
[2025-12-19T03:58:15.305+0000][608042.724s] GC(42) Old regions: 51->51
[2025-12-19T03:58:15.305+0000][608042.724s] GC(42) Archive regions: 2->2
[2025-12-19T03:58:15.305+0000][608042.724s] GC(42) Humongous regions: 5->5
[2025-12-19T03:58:15.306+0000][608042.724s] GC(42) Metaspace: 73100K(73856K)->73100K(73856K) NonClass: 64314K(64704K)->64314K(64704K) Class: 8786K(9152K)->8786K(9152K)
[2025-12-19T03:58:15.306+0000][608042.725s] GC(42) Pause Young (Normal) (G1 Evacuation Pause) 669M->62M(1024M) 117.966ms
[2025-12-19T03:58:15.306+0000][608042.725s] GC(42) User=0.64s Sys=0.00s Real=0.12s
[2025-12-19T14:17:37.081+0000][625731.065s] GC(43) Pause Young (Normal) (G1 Evacuation Pause)
[2025-12-19T14:17:37.084+0000][625731.069s] GC(43) Using 8 workers of 8 for evacuation
[2025-12-19T14:17:37.520+0000][625731.504s] GC(43) MMU target violated: 251.0ms (250.0ms/251.0ms)
[2025-12-19T14:17:37.530+0000][625731.515s] GC(43)   Pre Evacuate Collection Set: 9.8ms
[2025-12-19T14:17:37.533+0000][625731.517s] GC(43)   Merge Heap Roots: 2.7ms
[2025-12-19T14:17:37.533+0000][625731.517s] GC(43)   Evacuate Collection Set: 301.2ms
[2025-12-19T14:17:37.533+0000][625731.517s] GC(43)   Post Evacuate Collection Set: 112.9ms
[2025-12-19T14:17:37.536+0000][625731.521s] GC(43)   Other: 24.6ms
[2025-12-19T14:17:37.536+0000][625731.521s] GC(43) Eden regions: 608->0(608)
[2025-12-19T14:17:37.537+0000][625731.521s] GC(43) Survivor regions: 6->6(77)
[2025-12-19T14:17:37.537+0000][625731.521s] GC(43) Old regions: 51->51
[2025-12-19T14:17:37.537+0000][625731.521s] GC(43) Archive regions: 2->2
[2025-12-19T14:17:37.537+0000][625731.521s] GC(43) Humongous regions: 5->5
[2025-12-19T14:17:37.538+0000][625731.522s] GC(43) Metaspace: 73114K(73856K)->73114K(73856K) NonClass: 64328K(64704K)->64328K(64704K) Class: 8786K(9152K)->8786K(9152K)
[2025-12-19T14:17:37.540+0000][625731.524s] GC(43) Pause Young (Normal) (G1 Evacuation Pause) 670M->62M(1024M) 459.719ms
[2025-12-19T14:17:37.540+0000][625731.525s] GC(43) User=2.32s Sys=0.03s Real=0.46s
[2025-12-19T19:14:13.250+0000][643527.281s] GC(44) Pause Young (Normal) (G1 Evacuation Pause)
[2025-12-19T19:14:13.257+0000][643527.288s] GC(44) Using 8 workers of 8 for evacuation
[2025-12-19T19:14:13.447+0000][643527.478s] GC(44)   Pre Evacuate Collection Set: 10.3ms
[2025-12-19T19:14:13.447+0000][643527.478s] GC(44)   Merge Heap Roots: 4.4ms
[2025-12-19T19:14:13.447+0000][643527.478s] GC(44)   Evacuate Collection Set: 132.5ms
[2025-12-19T19:14:13.447+0000][643527.478s] GC(44)   Post Evacuate Collection Set: 32.0ms
[2025-12-19T19:14:13.448+0000][643527.479s] GC(44)   Other: 20.1ms
[2025-12-19T19:14:13.448+0000][643527.479s] GC(44) Eden regions: 608->0(608)
[2025-12-19T19:14:13.448+0000][643527.479s] GC(44) Survivor regions: 6->6(77)
[2025-12-19T19:14:13.448+0000][643527.479s] GC(44) Old regions: 51->51
[2025-12-19T19:14:13.448+0000][643527.479s] GC(44) Archive regions: 2->2
[2025-12-19T19:14:13.448+0000][643527.480s] GC(44) Humongous regions: 5->5
[2025-12-19T19:14:13.449+0000][643527.480s] GC(44) Metaspace: 73114K(73856K)->73114K(73856K) NonClass: 64328K(64704K)->64328K(64704K) Class: 8786K(9152K)->8786K(9152K)
[2025-12-19T19:14:13.449+0000][643527.480s] GC(44) Pause Young (Normal) (G1 Evacuation Pause) 670M->62M(1024M) 200.123ms
[2025-12-19T19:14:13.449+0000][643527.480s] GC(44) User=1.11s Sys=0.00s Real=0.20s
[2025-12-20T00:10:49.280+0000][661323.322s] GC(45) Pause Young (Normal) (G1 Evacuation Pause)
[2025-12-20T00:10:49.284+0000][661323.326s] GC(45) Using 8 workers of 8 for evacuation
[2025-12-20T00:10:49.427+0000][661323.469s] GC(45)   Pre Evacuate Collection Set: 7.0ms
[2025-12-20T00:10:49.427+0000][661323.469s] GC(45)   Merge Heap Roots: 3.4ms
[2025-12-20T00:10:49.427+0000][661323.469s] GC(45)   Evacuate Collection Set: 103.2ms
[2025-12-20T00:10:49.427+0000][661323.469s] GC(45)   Post Evacuate Collection Set: 23.8ms
[2025-12-20T00:10:49.427+0000][661323.469s] GC(45)   Other: 11.0ms
[2025-12-20T00:10:49.427+0000][661323.469s] GC(45) Eden regions: 608->0(608)
[2025-12-20T00:10:49.427+0000][661323.469s] GC(45) Survivor regions: 6->6(77)
[2025-12-20T00:10:49.427+0000][661323.469s] GC(45) Old regions: 51->52
[2025-12-20T00:10:49.427+0000][661323.469s] GC(45) Archive regions: 2->2
[2025-12-20T00:10:49.427+0000][661323.469s] GC(45) Humongous regions: 5->5
[2025-12-20T00:10:49.427+0000][661323.469s] GC(45) Metaspace: 73114K(73856K)->73114K(73856K) NonClass: 64328K(64704K)->64328K(64704K) Class: 8786K(9152K)->8786K(9152K)
[2025-12-20T00:10:49.428+0000][661323.470s] GC(45) Pause Young (Normal) (G1 Evacuation Pause) 670M->62M(1024M) 147.895ms
[2025-12-20T00:10:49.428+0000][661323.470s] GC(45) User=0.75s Sys=0.00s Real=0.15s
[2025-12-20T05:07:55.599+0000][679149.468s] GC(46) Pause Young (Normal) (G1 Evacuation Pause)
[2025-12-20T05:07:55.603+0000][679149.472s] GC(46) Using 8 workers of 8 for evacuation
[2025-12-20T05:07:55.772+0000][679149.642s] GC(46)   Pre Evacuate Collection Set: 12.7ms
[2025-12-20T05:07:55.772+0000][679149.642s] GC(46)   Merge Heap Roots: 9.3ms
[2025-12-20T05:07:55.772+0000][679149.642s] GC(46)   Evacuate Collection Set: 109.1ms
[2025-12-20T05:07:55.772+0000][679149.642s] GC(46)   Post Evacuate Collection Set: 33.3ms
[2025-12-20T05:07:55.773+0000][679149.642s] GC(46)   Other: 10.2ms
[2025-12-20T05:07:55.773+0000][679149.642s] GC(46) Eden regions: 608->0(608)
[2025-12-20T05:07:55.773+0000][679149.643s] GC(46) Survivor regions: 6->6(77)
[2025-12-20T05:07:55.773+0000][679149.643s] GC(46) Old regions: 52->52
[2025-12-20T05:07:55.773+0000][679149.643s] GC(46) Archive regions: 2->2
[2025-12-20T05:07:55.773+0000][679149.643s] GC(46) Humongous regions: 5->5
[2025-12-20T05:07:55.773+0000][679149.643s] GC(46) Metaspace: 73114K(73856K)->73114K(73856K) NonClass: 64328K(64704K)->64328K(64704K) Class: 8786K(9152K)->8786K(9152K)
[2025-12-20T05:07:55.773+0000][679149.643s] GC(46) Pause Young (Normal) (G1 Evacuation Pause) 670M->62M(1024M) 175.028ms
[2025-12-20T05:07:55.773+0000][679149.643s] GC(46) User=1.01s Sys=0.00s Real=0.18s
[2025-12-21T07:01:00.775+0000][696919.249s] GC(47) Pause Young (Normal) (G1 Evacuation Pause)
[2025-12-21T07:01:00.778+0000][696919.252s] GC(47) Using 8 workers of 8 for evacuation
[2025-12-21T07:01:01.062+0000][696919.536s] GC(47) MMU target violated: 251.0ms (250.0ms/251.0ms)
[2025-12-21T07:01:01.062+0000][696919.536s] GC(47)   Pre Evacuate Collection Set: 15.1ms
[2025-12-21T07:01:01.062+0000][696919.536s] GC(47)   Merge Heap Roots: 6.5ms
[2025-12-21T07:01:01.062+0000][696919.536s] GC(47)   Evacuate Collection Set: 192.1ms
[2025-12-21T07:01:01.063+0000][696919.537s] GC(47)   Post Evacuate Collection Set: 64.0ms
[2025-12-21T07:01:01.063+0000][696919.537s] GC(47)   Other: 11.1ms
[2025-12-21T07:01:01.063+0000][696919.537s] GC(47) Eden regions: 608->0(608)
[2025-12-21T07:01:01.063+0000][696919.537s] GC(47) Survivor regions: 6->6(77)
[2025-12-21T07:01:01.063+0000][696919.537s] GC(47) Old regions: 52->52
[2025-12-21T07:01:01.063+0000][696919.537s] GC(47) Archive regions: 2->2
[2025-12-21T07:01:01.063+0000][696919.538s] GC(47) Humongous regions: 5->5
[2025-12-21T07:01:01.064+0000][696919.538s] GC(47) Metaspace: 73115K(73856K)->73115K(73856K) NonClass: 64329K(64704K)->64329K(64704K) Class: 8786K(9152K)->8786K(9152K)
[2025-12-21T07:01:01.064+0000][696919.538s] GC(47) Pause Young (Normal) (G1 Evacuation Pause) 670M->62M(1024M) 289.071ms
[2025-12-21T07:01:01.064+0000][696919.538s] GC(47) User=1.66s Sys=0.00s Real=0.29s
[2025-12-21T16:45:45.085+0000][714643.270s] GC(48) Pause Young (Normal) (G1 Evacuation Pause)
[2025-12-21T16:45:45.088+0000][714643.272s] GC(48) Using 8 workers of 8 for evacuation
[2025-12-21T16:45:45.303+0000][714643.488s] GC(48)   Pre Evacuate Collection Set: 8.3ms
[2025-12-21T16:45:45.304+0000][714643.488s] GC(48)   Merge Heap Roots: 4.3ms
[2025-12-21T16:45:45.304+0000][714643.488s] GC(48)   Evacuate Collection Set: 153.8ms
[2025-12-21T16:45:45.304+0000][714643.489s] GC(48)   Post Evacuate Collection Set: 43.9ms
[2025-12-21T16:45:45.304+0000][714643.489s] GC(48)   Other: 10.5ms
[2025-12-21T16:45:45.304+0000][714643.489s] GC(48) Eden regions: 608->0(610)
[2025-12-21T16:45:45.304+0000][714643.489s] GC(48) Survivor regions: 6->4(77)
[2025-12-21T16:45:45.304+0000][714643.489s] GC(48) Old regions: 52->54
[2025-12-21T16:45:45.304+0000][714643.489s] GC(48) Archive regions: 2->2
[2025-12-21T16:45:45.304+0000][714643.489s] GC(48) Humongous regions: 5->5
[2025-12-21T16:45:45.305+0000][714643.489s] GC(48) Metaspace: 73116K(73856K)->73116K(73856K) NonClass: 64330K(64704K)->64330K(64704K) Class: 8786K(9152K)->8786K(9152K)
[2025-12-21T16:45:45.305+0000][714643.490s] GC(48) Pause Young (Normal) (G1 Evacuation Pause) 670M->62M(1024M) 220.188ms
[2025-12-21T16:45:45.305+0000][714643.490s] GC(48) User=1.21s Sys=0.00s Real=0.23s
[2025-12-21T21:17:38.075+0000][730956.109s] GC(49) Pause Young (Normal) (G1 Evacuation Pause)
[2025-12-21T21:17:38.079+0000][730956.112s] GC(49) Using 8 workers of 8 for evacuation
[2025-12-21T21:17:38.313+0000][730956.347s] GC(49)   Pre Evacuate Collection Set: 13.9ms
[2025-12-21T21:17:38.313+0000][730956.347s] GC(49)   Merge Heap Roots: 5.7ms
[2025-12-21T21:17:38.313+0000][730956.347s] GC(49)   Evacuate Collection Set: 161.6ms
[2025-12-21T21:17:38.313+0000][730956.347s] GC(49)   Post Evacuate Collection Set: 48.6ms
[2025-12-21T21:17:38.313+0000][730956.347s] GC(49)   Other: 10.7ms
[2025-12-21T21:17:38.314+0000][730956.348s] GC(49) Eden regions: 610->0(611)
[2025-12-21T21:17:38.314+0000][730956.348s] GC(49) Survivor regions: 4->3(77)
[2025-12-21T21:17:38.314+0000][730956.348s] GC(49) Old regions: 54->56
[2025-12-21T21:17:38.314+0000][730956.348s] GC(49) Archive regions: 2->2
[2025-12-21T21:17:38.314+0000][730956.348s] GC(49) Humongous regions: 5->5
[2025-12-21T21:17:38.314+0000][730956.348s] GC(49) Metaspace: 73181K(73984K)->73181K(73984K) NonClass: 64394K(64832K)->64394K(64832K) Class: 8786K(9152K)->8786K(9152K)
[2025-12-21T21:17:38.314+0000][730956.348s] GC(49) Pause Young (Normal) (G1 Evacuation Pause) 672M->63M(1024M) 240.111ms
[2025-12-21T21:17:38.314+0000][730956.348s] GC(49) User=1.19s Sys=0.00s Real=0.24s
[2025-12-22T02:03:10.270+0000][748088.254s] GC(50) Pause Young (Normal) (G1 Evacuation Pause)
[2025-12-22T02:03:10.274+0000][748088.257s] GC(50) Using 8 workers of 8 for evacuation
[2025-12-22T02:03:10.492+0000][748088.476s] GC(50)   Pre Evacuate Collection Set: 15.6ms
[2025-12-22T02:03:10.492+0000][748088.476s] GC(50)   Merge Heap Roots: 2.1ms
[2025-12-22T02:03:10.492+0000][748088.476s] GC(50)   Evacuate Collection Set: 149.7ms
[2025-12-22T02:03:10.492+0000][748088.476s] GC(50)   Post Evacuate Collection Set: 42.8ms
[2025-12-22T02:03:10.493+0000][748088.476s] GC(50)   Other: 13.8ms
[2025-12-22T02:03:10.493+0000][748088.476s] GC(50) Eden regions: 611->0(611)
[2025-12-22T02:03:10.493+0000][748088.476s] GC(50) Survivor regions: 3->3(77)
[2025-12-22T02:03:10.493+0000][748088.476s] GC(50) Old regions: 56->56
[2025-12-22T02:03:10.493+0000][748088.477s] GC(50) Archive regions: 2->2
[2025-12-22T02:03:10.493+0000][748088.477s] GC(50) Humongous regions: 5->5
[2025-12-22T02:03:10.493+0000][748088.477s] GC(50) Metaspace: 73206K(73984K)->73206K(73984K) NonClass: 64419K(64832K)->64419K(64832K) Class: 8787K(9152K)->8787K(9152K)
[2025-12-22T02:03:10.494+0000][748088.477s] GC(50) Pause Young (Normal) (G1 Evacuation Pause) 674M->63M(1024M) 224.362ms
[2025-12-22T02:03:10.494+0000][748088.478s] GC(50) User=1.07s Sys=0.00s Real=0.22s
[2025-12-22T17:04:00.041+0000][763997.226s] GC(51) Pause Young (Normal) (G1 Evacuation Pause)
[2025-12-22T17:04:00.044+0000][763997.229s] GC(51) Using 8 workers of 8 for evacuation
[2025-12-22T17:04:00.316+0000][763997.501s] GC(51) MMU target violated: 251.0ms (250.0ms/251.0ms)
[2025-12-22T17:04:00.320+0000][763997.505s] GC(51)   Pre Evacuate Collection Set: 11.8ms
[2025-12-22T17:04:00.325+0000][763997.510s] GC(51)   Merge Heap Roots: 7.5ms
[2025-12-22T17:04:00.326+0000][763997.511s] GC(51)   Evacuate Collection Set: 135.5ms
[2025-12-22T17:04:00.326+0000][763997.511s] GC(51)   Post Evacuate Collection Set: 110.3ms
[2025-12-22T17:04:00.327+0000][763997.512s] GC(51)   Other: 17.9ms
[2025-12-22T17:04:00.328+0000][763997.513s] GC(51) Eden regions: 611->0(611)
[2025-12-22T17:04:00.328+0000][763997.513s] GC(51) Survivor regions: 3->3(77)
[2025-12-22T17:04:00.329+0000][763997.514s] GC(51) Old regions: 56->56
[2025-12-22T17:04:00.329+0000][763997.514s] GC(51) Archive regions: 2->2
[2025-12-22T17:04:00.329+0000][763997.514s] GC(51) Humongous regions: 5->5
[2025-12-22T17:04:00.330+0000][763997.515s] GC(51) Metaspace: 73333K(74048K)->73333K(74048K) NonClass: 64538K(64896K)->64538K(64896K) Class: 8794K(9152K)->8794K(9152K)
[2025-12-22T17:04:00.330+0000][763997.516s] GC(51) Pause Young (Normal) (G1 Evacuation Pause) 674M->63M(1024M) 290.610ms
[2025-12-22T17:04:00.331+0000][763997.516s] GC(51) User=1.05s Sys=0.00s Real=0.29s
[2025-12-22T17:04:08.438+0000][764005.623s] Heap
[2025-12-22T17:04:08.441+0000][764005.626s]  garbage-first heap   total 1048576K, used 94569K [0x00000000c0000000, 0x0000000100000000)
[2025-12-22T17:04:08.442+0000][764005.627s]   region size 1024K, 32 young (32768K), 3 survivors (3072K)
[2025-12-22T17:04:08.444+0000][764005.629s]  Metaspace       used 73502K, committed 74176K, reserved 1114112K
[2025-12-22T17:04:08.445+0000][764005.630s]   class space    used 8822K, committed 9152K, reserved 1048576K
