[2025-12-07T21:43:56.056+0000][0.036s] Using G1
[2025-12-07T21:43:57.450+0000][1.430s] Version: 17.0.13+11 (release)
[2025-12-07T21:43:57.451+0000][1.431s] CPUs: 8 total, 8 available
[2025-12-07T21:43:57.452+0000][1.433s] Memory: 7837M
[2025-12-07T21:43:57.453+0000][1.433s] Large Page Support: Disabled
[2025-12-07T21:43:57.453+0000][1.433s] NUMA Support: Disabled
[2025-12-07T21:43:57.453+0000][1.434s] Compressed Oops: Enabled (32-bit)
[2025-12-07T21:43:57.454+0000][1.434s] Heap Region Size: 1M
[2025-12-07T21:43:57.454+0000][1.434s] Heap Min Capacity: 1G
[2025-12-07T21:43:57.454+0000][1.434s] Heap Initial Capacity: 1G
[2025-12-07T21:43:57.454+0000][1.435s] Heap Max Capacity: 1G
[2025-12-07T21:43:57.455+0000][1.435s] Pre-touch: Enabled
[2025-12-07T21:43:57.455+0000][1.436s] Parallel Workers: 8
[2025-12-07T21:43:57.456+0000][1.436s] Concurrent Workers: 2
[2025-12-07T21:43:57.456+0000][1.436s] Concurrent Refinement Workers: 8
[2025-12-07T21:43:57.456+0000][1.436s] Periodic GC: Disabled
[2025-12-07T21:43:57.537+0000][1.518s] CDS archive(s) mapped at: [0x0000009800000000-0x0000009800a70000-0x0000009800a70000), size 10944512, SharedBaseAddress: 0x0000009800000000, ArchiveRelocationMode: 1.
[2025-12-07T21:43:57.538+0000][1.518s] Compressed class space mapped at: 0x0000009801000000-0x0000009841000000, reserved size: 1073741824
[2025-12-07T21:43:57.538+0000][1.519s] Narrow klass base: 0x0000009800000000, Narrow klass shift: 0, Narrow klass range: 0x100000000
[2025-12-07T21:43:59.905+0000][3.885s] GC(0) Pause Young (Normal) (G1 Evacuation Pause)
[2025-12-07T21:43:59.905+0000][3.886s] GC(0) Using 8 workers of 8 for evacuation
[2025-12-07T21:43:59.951+0000][3.932s] GC(0)   Pre Evacuate Collection Set: 4.2ms
[2025-12-07T21:43:59.954+0000][3.934s] GC(0)   Merge Heap Roots: 3.8ms
[2025-12-07T21:43:59.954+0000][3.935s] GC(0)   Evacuate Collection Set: 31.1ms
[2025-12-07T21:43:59.955+0000][3.935s] GC(0)   Post Evacuate Collection Set: 6.4ms
[2025-12-07T21:43:59.955+0000][3.935s] GC(0)   Other: 1.0ms
[2025-12-07T21:43:59.956+0000][3.936s] GC(0) Eden regions: 51->0(44)
[2025-12-07T21:43:59.956+0000][3.936s] GC(0) Survivor regions: 0->7(7)
[2025-12-07T21:43:59.958+0000][3.938s] GC(0) Old regions: 0->6
[2025-12-07T21:43:59.958+0000][3.938s] GC(0) Archive regions: 2->2
[2025-12-07T21:43:59.958+0000][3.939s] GC(0) Humongous regions: 4->4
[2025-12-07T21:43:59.959+0000][3.939s] GC(0) Metaspace: 10458K(10688K)->10458K(10688K) NonClass: 9180K(9280K)->9180K(9280K) Class: 1278K(1408K)->1278K(1408K)
[2025-12-07T21:43:59.959+0000][3.939s] GC(0) Pause Young (Normal) (G1 Evacuation Pause) 55M->17M(1024M) 54.278ms
[2025-12-07T21:43:59.960+0000][3.940s] GC(0) User=0.17s Sys=0.03s Real=0.06s
[2025-12-07T21:44:01.968+0000][5.948s] GC(1) Pause Young (Normal) (G1 Evacuation Pause)
[2025-12-07T21:44:01.970+0000][5.950s] GC(1) Using 8 workers of 8 for evacuation
[2025-12-07T21:44:02.025+0000][6.005s] GC(1)   Pre Evacuate Collection Set: 9.4ms
[2025-12-07T21:44:02.025+0000][6.005s] GC(1)   Merge Heap Roots: 1.3ms
[2025-12-07T21:44:02.025+0000][6.005s] GC(1)   Evacuate Collection Set: 32.9ms
[2025-12-07T21:44:02.025+0000][6.005s] GC(1)   Post Evacuate Collection Set: 8.5ms
[2025-12-07T21:44:02.025+0000][6.005s] GC(1)   Other: 4.6ms
[2025-12-07T21:44:02.026+0000][6.006s] GC(1) Eden regions: 44->0(49)
[2025-12-07T21:44:02.026+0000][6.006s] GC(1) Survivor regions: 7->7(7)
[2025-12-07T21:44:02.026+0000][6.006s] GC(1) Old regions: 6->13
[2025-12-07T21:44:02.026+0000][6.006s] GC(1) Archive regions: 2->2
[2025-12-07T21:44:02.026+0000][6.006s] GC(1) Humongous regions: 4->4
[2025-12-07T21:44:02.026+0000][6.006s] GC(1) Metaspace: 18421K(18752K)->18421K(18752K) NonClass: 16156K(16320K)->16156K(16320K) Class: 2264K(2432K)->2264K(2432K)
[2025-12-07T21:44:02.026+0000][6.006s] GC(1) Pause Young (Normal) (G1 Evacuation Pause) 61M->23M(1024M) 58.478ms
[2025-12-07T21:44:02.026+0000][6.007s] GC(1) User=0.18s Sys=0.00s Real=0.06s
[2025-12-07T21:44:03.111+0000][7.091s] GC(2) Pause Young (Concurrent Start) (Metadata GC Threshold)
[2025-12-07T21:44:03.112+0000][7.092s] GC(2) Using 8 workers of 8 for evacuation
[2025-12-07T21:44:03.148+0000][7.128s] GC(2)   Pre Evacuate Collection Set: 1.0ms
[2025-12-07T21:44:03.149+0000][7.129s] GC(2)   Merge Heap Roots: 0.3ms
[2025-12-07T21:44:03.151+0000][7.131s] GC(2)   Evacuate Collection Set: 28.5ms
[2025-12-07T21:44:03.151+0000][7.131s] GC(2)   Post Evacuate Collection Set: 2.7ms
[2025-12-07T21:44:03.151+0000][7.132s] GC(2)   Other: 4.3ms
[2025-12-07T21:44:03.152+0000][7.132s] GC(2) Eden regions: 42->0(85)
[2025-12-07T21:44:03.152+0000][7.132s] GC(2) Survivor regions: 7->2(7)
[2025-12-07T21:44:03.153+0000][7.133s] GC(2) Old regions: 13->19
[2025-12-07T21:44:03.153+0000][7.133s] GC(2) Archive regions: 2->2
[2025-12-07T21:44:03.154+0000][7.134s] GC(2) Humongous regions: 4->4
[2025-12-07T21:44:03.155+0000][7.135s] GC(2) Metaspace: 21244K(21504K)->21244K(21504K) NonClass: 18645K(18752K)->18645K(18752K) Class: 2598K(2752K)->2598K(2752K)
[2025-12-07T21:44:03.157+0000][7.137s] GC(2) Pause Young (Concurrent Start) (Metadata GC Threshold) 65M->25M(1024M) 45.544ms
[2025-12-07T21:44:03.158+0000][7.138s] GC(2) User=0.09s Sys=0.00s Real=0.05s
[2025-12-07T21:44:03.159+0000][7.139s] GC(3) Concurrent Mark Cycle
[2025-12-07T21:44:03.162+0000][7.142s] GC(3) Concurrent Clear Claimed Marks
[2025-12-07T21:44:03.163+0000][7.144s] GC(3) Concurrent Clear Claimed Marks 1.777ms
[2025-12-07T21:44:03.164+0000][7.144s] GC(3) Concurrent Scan Root Regions
[2025-12-07T21:44:03.176+0000][7.156s] GC(3) Concurrent Scan Root Regions 12.195ms
[2025-12-07T21:44:03.179+0000][7.159s] GC(3) Concurrent Mark
[2025-12-07T21:44:03.180+0000][7.160s] GC(3) Concurrent Mark From Roots
[2025-12-07T21:44:03.180+0000][7.160s] GC(3) Using 2 workers of 2 for marking
[2025-12-07T21:44:03.204+0000][7.184s] GC(3) Concurrent Mark From Roots 24.270ms
[2025-12-07T21:44:03.205+0000][7.186s] GC(3) Concurrent Preclean
[2025-12-07T21:44:03.208+0000][7.189s] GC(3) Concurrent Preclean 3.086ms
[2025-12-07T21:44:03.212+0000][7.193s] GC(3) Pause Remark
[2025-12-07T21:44:03.230+0000][7.210s] GC(3) Pause Remark 25M->25M(1024M) 17.723ms
[2025-12-07T21:44:03.230+0000][7.211s] GC(3) User=0.02s Sys=0.00s Real=0.02s
[2025-12-07T21:44:03.231+0000][7.211s] GC(3) Concurrent Mark 52.213ms
[2025-12-07T21:44:03.233+0000][7.213s] GC(3) Concurrent Rebuild Remembered Sets
[2025-12-07T21:44:03.252+0000][7.232s] GC(3) Concurrent Rebuild Remembered Sets 19.233ms
[2025-12-07T21:44:03.255+0000][7.235s] GC(3) Pause Cleanup
[2025-12-07T21:44:03.260+0000][7.240s] GC(3) Pause Cleanup 26M->26M(1024M) 4.653ms
[2025-12-07T21:44:03.260+0000][7.240s] GC(3) User=0.01s Sys=0.00s Real=0.01s
[2025-12-07T21:44:03.260+0000][7.240s] GC(3) Concurrent Cleanup for Next Mark
[2025-12-07T21:44:03.293+0000][7.274s] GC(3) Concurrent Cleanup for Next Mark 33.089ms
[2025-12-07T21:44:03.294+0000][7.274s] GC(3) Concurrent Mark Cycle 135.454ms
[2025-12-07T21:44:06.308+0000][10.289s] GC(4) Pause Young (Normal) (G1 Evacuation Pause)
[2025-12-07T21:44:06.309+0000][10.289s] GC(4) Using 8 workers of 8 for evacuation
[2025-12-07T21:44:06.353+0000][10.334s] GC(4)   Pre Evacuate Collection Set: 7.0ms
[2025-12-07T21:44:06.354+0000][10.335s] GC(4)   Merge Heap Roots: 1.5ms
[2025-12-07T21:44:06.355+0000][10.335s] GC(4)   Evacuate Collection Set: 26.6ms
[2025-12-07T21:44:06.355+0000][10.335s] GC(4)   Post Evacuate Collection Set: 7.5ms
[2025-12-07T21:44:06.355+0000][10.335s] GC(4)   Other: 2.6ms
[2025-12-07T21:44:06.355+0000][10.335s] GC(4) Eden regions: 85->0(463)
[2025-12-07T21:44:06.355+0000][10.335s] GC(4) Survivor regions: 2->4(11)
[2025-12-07T21:44:06.356+0000][10.336s] GC(4) Old regions: 19->19
[2025-12-07T21:44:06.356+0000][10.336s] GC(4) Archive regions: 2->2
[2025-12-07T21:44:06.357+0000][10.337s] GC(4) Humongous regions: 4->4
[2025-12-07T21:44:06.357+0000][10.337s] GC(4) Metaspace: 30701K(31104K)->30701K(31104K) NonClass: 26899K(27072K)->26899K(27072K) Class: 3802K(4032K)->3802K(4032K)
[2025-12-07T21:44:06.358+0000][10.338s] GC(4) Pause Young (Normal) (G1 Evacuation Pause) 110M->26M(1024M) 49.368ms
[2025-12-07T21:44:06.358+0000][10.338s] GC(4) User=0.09s Sys=0.00s Real=0.05s
