[2025-12-07T21:44:14.414+0000][0.076s] Using G1
[2025-12-07T21:44:15.856+0000][1.518s] Version: 17.0.13+11 (release)
[2025-12-07T21:44:15.857+0000][1.520s] CPUs: 8 total, 8 available
[2025-12-07T21:44:15.859+0000][1.521s] Memory: 7837M
[2025-12-07T21:44:15.859+0000][1.521s] Large Page Support: Disabled
[2025-12-07T21:44:15.859+0000][1.521s] NUMA Support: Disabled
[2025-12-07T21:44:15.859+0000][1.521s] Compressed Oops: Enabled (32-bit)
[2025-12-07T21:44:15.859+0000][1.522s] Heap Region Size: 1M
[2025-12-07T21:44:15.860+0000][1.522s] Heap Min Capacity: 1G
[2025-12-07T21:44:15.860+0000][1.522s] Heap Initial Capacity: 1G
[2025-12-07T21:44:15.860+0000][1.522s] Heap Max Capacity: 1G
[2025-12-07T21:44:15.860+0000][1.522s] Pre-touch: Enabled
[2025-12-07T21:44:15.860+0000][1.522s] Parallel Workers: 8
[2025-12-07T21:44:15.860+0000][1.523s] Concurrent Workers: 2
[2025-12-07T21:44:15.861+0000][1.523s] Concurrent Refinement Workers: 8
[2025-12-07T21:44:15.861+0000][1.523s] Periodic GC: Disabled
[2025-12-07T21:44:15.949+0000][1.612s] CDS archive(s) mapped at: [0x0000003800000000-0x0000003800a70000-0x0000003800a70000), size 10944512, SharedBaseAddress: 0x0000003800000000, ArchiveRelocationMode: 1.
[2025-12-07T21:44:15.950+0000][1.612s] Compressed class space mapped at: 0x0000003801000000-0x0000003841000000, reserved size: 1073741824
[2025-12-07T21:44:15.950+0000][1.612s] Narrow klass base: 0x0000003800000000, Narrow klass shift: 0, Narrow klass range: 0x100000000
[2025-12-07T21:44:17.355+0000][3.017s] GC(0) Pause Young (Normal) (G1 Evacuation Pause)
[2025-12-07T21:44:17.355+0000][3.017s] GC(0) Using 8 workers of 8 for evacuation
[2025-12-07T21:44:17.365+0000][3.027s] GC(0)   Pre Evacuate Collection Set: 0.4ms
[2025-12-07T21:44:17.365+0000][3.028s] GC(0)   Merge Heap Roots: 0.2ms
[2025-12-07T21:44:17.365+0000][3.028s] GC(0)   Evacuate Collection Set: 8.8ms
[2025-12-07T21:44:17.365+0000][3.028s] GC(0)   Post Evacuate Collection Set: 0.7ms
[2025-12-07T21:44:17.366+0000][3.028s] GC(0)   Other: 0.5ms
[2025-12-07T21:44:17.366+0000][3.028s] GC(0) Eden regions: 51->0(51)
[2025-12-07T21:44:17.366+0000][3.028s] GC(0) Survivor regions: 0->7(7)
[2025-12-07T21:44:17.366+0000][3.028s] GC(0) Old regions: 0->5
[2025-12-07T21:44:17.366+0000][3.028s] GC(0) Archive regions: 2->2
[2025-12-07T21:44:17.366+0000][3.028s] GC(0) Humongous regions: 4->4
[2025-12-07T21:44:17.366+0000][3.028s] GC(0) Metaspace: 10454K(10688K)->10454K(10688K) NonClass: 9176K(9280K)->9176K(9280K) Class: 1277K(1408K)->1277K(1408K)
[2025-12-07T21:44:17.366+0000][3.028s] GC(0) Pause Young (Normal) (G1 Evacuation Pause) 55M->16M(1024M) 11.349ms
[2025-12-07T21:44:17.366+0000][3.028s] GC(0) User=0.05s Sys=0.00s Real=0.01s
[2025-12-07T21:44:18.134+0000][3.796s] GC(1) Pause Young (Normal) (G1 Evacuation Pause)
[2025-12-07T21:44:18.134+0000][3.797s] GC(1) Using 8 workers of 8 for evacuation
[2025-12-07T21:44:18.171+0000][3.834s] GC(1)   Pre Evacuate Collection Set: 5.8ms
[2025-12-07T21:44:18.172+0000][3.834s] GC(1)   Merge Heap Roots: 1.0ms
[2025-12-07T21:44:18.172+0000][3.834s] GC(1)   Evacuate Collection Set: 18.9ms
[2025-12-07T21:44:18.173+0000][3.835s] GC(1)   Post Evacuate Collection Set: 11.1ms
[2025-12-07T21:44:18.173+0000][3.835s] GC(1)   Other: 0.6ms
[2025-12-07T21:44:18.173+0000][3.835s] GC(1) Eden regions: 47->0(59)
[2025-12-07T21:44:18.173+0000][3.836s] GC(1) Survivor regions: 7->6(7)
[2025-12-07T21:44:18.173+0000][3.836s] GC(1) Old regions: 5->13
[2025-12-07T21:44:18.174+0000][3.836s] GC(1) Archive regions: 2->2
[2025-12-07T21:44:18.174+0000][3.836s] GC(1) Humongous regions: 4->4
[2025-12-07T21:44:18.174+0000][3.836s] GC(1) Metaspace: 18430K(18752K)->18430K(18752K) NonClass: 16166K(16320K)->16166K(16320K) Class: 2264K(2432K)->2264K(2432K)
[2025-12-07T21:44:18.174+0000][3.836s] GC(1) Pause Young (Normal) (G1 Evacuation Pause) 63M->23M(1024M) 40.001ms
[2025-12-07T21:44:18.174+0000][3.836s] GC(1) User=0.11s Sys=0.00s Real=0.04s
[2025-12-07T21:44:18.740+0000][4.402s] GC(2) Pause Young (Concurrent Start) (Metadata GC Threshold)
[2025-12-07T21:44:18.740+0000][4.402s] GC(2) Using 8 workers of 8 for evacuation
[2025-12-07T21:44:18.747+0000][4.409s] GC(2)   Pre Evacuate Collection Set: 0.7ms
[2025-12-07T21:44:18.747+0000][4.410s] GC(2)   Merge Heap Roots: 0.1ms
[2025-12-07T21:44:18.747+0000][4.410s] GC(2)   Evacuate Collection Set: 5.6ms
[2025-12-07T21:44:18.747+0000][4.410s] GC(2)   Post Evacuate Collection Set: 0.5ms
[2025-12-07T21:44:18.747+0000][4.410s] GC(2)   Other: 0.7ms
[2025-12-07T21:44:18.748+0000][4.410s] GC(2) Eden regions: 41->0(98)
[2025-12-07T21:44:18.748+0000][4.410s] GC(2) Survivor regions: 6->2(9)
[2025-12-07T21:44:18.748+0000][4.410s] GC(2) Old regions: 13->19
[2025-12-07T21:44:18.748+0000][4.410s] GC(2) Archive regions: 2->2
[2025-12-07T21:44:18.748+0000][4.410s] GC(2) Humongous regions: 4->4
[2025-12-07T21:44:18.748+0000][4.410s] GC(2) Metaspace: 21241K(21504K)->21241K(21504K) NonClass: 18643K(18752K)->18643K(18752K) Class: 2598K(2752K)->2598K(2752K)
[2025-12-07T21:44:18.748+0000][4.410s] GC(2) Pause Young (Concurrent Start) (Metadata GC Threshold) 63M->24M(1024M) 8.084ms
[2025-12-07T21:44:18.748+0000][4.410s] GC(2) User=0.04s Sys=0.00s Real=0.01s
[2025-12-07T21:44:18.748+0000][4.410s] GC(3) Concurrent Mark Cycle
[2025-12-07T21:44:18.748+0000][4.410s] GC(3) Concurrent Clear Claimed Marks
[2025-12-07T21:44:18.749+0000][4.411s] GC(3) Concurrent Clear Claimed Marks 0.895ms
[2025-12-07T21:44:18.750+0000][4.412s] GC(3) Concurrent Scan Root Regions
[2025-12-07T21:44:18.754+0000][4.416s] GC(3) Concurrent Scan Root Regions 4.240ms
[2025-12-07T21:44:18.754+0000][4.416s] GC(3) Concurrent Mark
[2025-12-07T21:44:18.754+0000][4.416s] GC(3) Concurrent Mark From Roots
[2025-12-07T21:44:18.754+0000][4.416s] GC(3) Using 2 workers of 2 for marking
[2025-12-07T21:44:18.761+0000][4.424s] GC(3) Concurrent Mark From Roots 7.291ms
[2025-12-07T21:44:18.762+0000][4.424s] GC(3) Concurrent Preclean
[2025-12-07T21:44:18.762+0000][4.424s] GC(3) Concurrent Preclean 0.159ms
[2025-12-07T21:44:18.762+0000][4.425s] GC(3) Pause Remark
[2025-12-07T21:44:18.767+0000][4.429s] GC(3) Pause Remark 25M->25M(1024M) 4.361ms
[2025-12-07T21:44:18.767+0000][4.429s] GC(3) User=0.02s Sys=0.00s Real=0.00s
[2025-12-07T21:44:18.767+0000][4.429s] GC(3) Concurrent Mark 13.158ms
[2025-12-07T21:44:18.767+0000][4.430s] GC(3) Concurrent Rebuild Remembered Sets
[2025-12-07T21:44:18.774+0000][4.436s] GC(3) Concurrent Rebuild Remembered Sets 6.486ms
[2025-12-07T21:44:18.774+0000][4.436s] GC(3) Pause Cleanup
[2025-12-07T21:44:18.775+0000][4.437s] GC(3) Pause Cleanup 25M->25M(1024M) 0.380ms
[2025-12-07T21:44:18.775+0000][4.437s] GC(3) User=0.00s Sys=0.00s Real=0.00s
[2025-12-07T21:44:18.775+0000][4.437s] GC(3) Concurrent Cleanup for Next Mark
[2025-12-07T21:44:18.777+0000][4.440s] GC(3) Concurrent Cleanup for Next Mark 2.546ms
[2025-12-07T21:44:18.777+0000][4.440s] GC(3) Concurrent Mark Cycle 29.571ms
[2025-12-07T21:44:25.113+0000][10.775s] GC(4) Pause Young (Prepare Mixed) (Metadata GC Threshold)
[2025-12-07T21:44:25.113+0000][10.775s] GC(4) Using 8 workers of 8 for evacuation
[2025-12-07T21:44:25.144+0000][10.806s] GC(4)   Pre Evacuate Collection Set: 1.4ms
[2025-12-07T21:44:25.144+0000][10.807s] GC(4)   Merge Heap Roots: 0.2ms
[2025-12-07T21:44:25.145+0000][10.807s] GC(4)   Evacuate Collection Set: 26.2ms
[2025-12-07T21:44:25.145+0000][10.807s] GC(4)   Post Evacuate Collection Set: 2.7ms
[2025-12-07T21:44:25.145+0000][10.807s] GC(4)   Other: 1.0ms
[2025-12-07T21:44:25.145+0000][10.807s] GC(4) Eden regions: 80->0(45)
[2025-12-07T21:44:25.145+0000][10.807s] GC(4) Survivor regions: 2->6(14)
[2025-12-07T21:44:25.145+0000][10.807s] GC(4) Old regions: 19->19
[2025-12-07T21:44:25.145+0000][10.807s] GC(4) Archive regions: 2->2
[2025-12-07T21:44:25.145+0000][10.807s] GC(4) Humongous regions: 4->4
[2025-12-07T21:44:25.145+0000][10.807s] GC(4) Metaspace: 35780K(36160K)->35780K(36160K) NonClass: 31361K(31552K)->31361K(31552K) Class: 4419K(4608K)->4419K(4608K)
[2025-12-07T21:44:25.145+0000][10.807s] GC(4) Pause Young (Prepare Mixed) (Metadata GC Threshold) 104M->28M(1024M) 32.323ms
[2025-12-07T21:44:25.145+0000][10.807s] GC(4) User=0.19s Sys=0.00s Real=0.03s
[2025-12-07T21:44:25.180+0000][10.842s] GC(5) Pause Young (Mixed) (Metadata GC Threshold)
[2025-12-07T21:44:25.180+0000][10.843s] GC(5) Using 8 workers of 8 for evacuation
[2025-12-07T21:44:25.194+0000][10.856s] GC(5)   Pre Evacuate Collection Set: 0.3ms
[2025-12-07T21:44:25.194+0000][10.856s] GC(5)   Merge Heap Roots: 0.1ms
[2025-12-07T21:44:25.194+0000][10.856s] GC(5)   Evacuate Collection Set: 11.4ms
[2025-12-07T21:44:25.194+0000][10.856s] GC(5)   Post Evacuate Collection Set: 1.2ms
[2025-12-07T21:44:25.194+0000][10.856s] GC(5)   Other: 0.4ms
[2025-12-07T21:44:25.194+0000][10.857s] GC(5) Eden regions: 3->0(613)
[2025-12-07T21:44:25.195+0000][10.857s] GC(5) Survivor regions: 6->1(7)
[2025-12-07T21:44:25.195+0000][10.857s] GC(5) Old regions: 19->24
[2025-12-07T21:44:25.195+0000][10.857s] GC(5) Archive regions: 2->2
[2025-12-07T21:44:25.195+0000][10.857s] GC(5) Humongous regions: 4->4
[2025-12-07T21:44:25.195+0000][10.857s] GC(5) Metaspace: 36186K(36480K)->36186K(36480K) NonClass: 31727K(31872K)->31727K(31872K) Class: 4458K(4608K)->4458K(4608K)
[2025-12-07T21:44:25.195+0000][10.857s] GC(5) Pause Young (Mixed) (Metadata GC Threshold) 30M->29M(1024M) 14.608ms
[2025-12-07T21:44:25.195+0000][10.857s] GC(5) User=0.07s Sys=0.00s Real=0.02s
[2025-12-07T21:44:25.219+0000][10.882s] GC(6) Pause Young (Concurrent Start) (Metadata GC Threshold)
[2025-12-07T21:44:25.220+0000][10.882s] GC(6) Using 8 workers of 8 for evacuation
[2025-12-07T21:44:25.222+0000][10.884s] GC(6)   Pre Evacuate Collection Set: 0.3ms
[2025-12-07T21:44:25.222+0000][10.884s] GC(6)   Merge Heap Roots: 0.1ms
[2025-12-07T21:44:25.222+0000][10.884s] GC(6)   Evacuate Collection Set: 1.1ms
[2025-12-07T21:44:25.222+0000][10.884s] GC(6)   Post Evacuate Collection Set: 0.3ms
[2025-12-07T21:44:25.222+0000][10.884s] GC(6)   Other: 0.5ms
[2025-12-07T21:44:25.222+0000][10.884s] GC(6) Eden regions: 4->0(613)
[2025-12-07T21:44:25.222+0000][10.884s] GC(6) Survivor regions: 1->1(77)
[2025-12-07T21:44:25.222+0000][10.884s] GC(6) Old regions: 24->24
[2025-12-07T21:44:25.222+0000][10.884s] GC(6) Archive regions: 2->2
[2025-12-07T21:44:25.222+0000][10.884s] GC(6) Humongous regions: 4->4
[2025-12-07T21:44:25.222+0000][10.885s] GC(6) Metaspace: 36415K(36800K)->36415K(36800K) NonClass: 31937K(32128K)->31937K(32128K) Class: 4478K(4672K)->4478K(4672K)
[2025-12-07T21:44:25.222+0000][10.885s] GC(6) Pause Young (Concurrent Start) (Metadata GC Threshold) 33M->28M(1024M) 2.891ms
[2025-12-07T21:44:25.222+0000][10.885s] GC(6) User=0.01s Sys=0.00s Real=0.01s
[2025-12-07T21:44:25.223+0000][10.885s] GC(7) Concurrent Mark Cycle
[2025-12-07T21:44:25.223+0000][10.885s] GC(7) Concurrent Clear Claimed Marks
[2025-12-07T21:44:25.223+0000][10.885s] GC(7) Concurrent Clear Claimed Marks 0.112ms
[2025-12-07T21:44:25.223+0000][10.885s] GC(7) Concurrent Scan Root Regions
[2025-12-07T21:44:25.224+0000][10.886s] GC(7) Concurrent Scan Root Regions 0.800ms
[2025-12-07T21:44:25.224+0000][10.886s] GC(7) Concurrent Mark
[2025-12-07T21:44:25.224+0000][10.886s] GC(7) Concurrent Mark From Roots
[2025-12-07T21:44:25.224+0000][10.886s] GC(7) Using 2 workers of 2 for marking
[2025-12-07T21:44:25.246+0000][10.908s] GC(7) Concurrent Mark From Roots 22.025ms
[2025-12-07T21:44:25.246+0000][10.908s] GC(7) Concurrent Preclean
[2025-12-07T21:44:25.247+0000][10.909s] GC(7) Concurrent Preclean 0.295ms
[2025-12-07T21:44:25.247+0000][10.910s] GC(7) Pause Remark
[2025-12-07T21:44:25.251+0000][10.913s] GC(7) Pause Remark 29M->29M(1024M) 3.587ms
[2025-12-07T21:44:25.251+0000][10.913s] GC(7) User=0.01s Sys=0.00s Real=0.00s
[2025-12-07T21:44:25.251+0000][10.914s] GC(7) Concurrent Mark 27.434ms
[2025-12-07T21:44:25.252+0000][10.914s] GC(7) Concurrent Rebuild Remembered Sets
[2025-12-07T21:44:25.259+0000][10.921s] GC(7) Concurrent Rebuild Remembered Sets 6.939ms
[2025-12-07T21:44:25.260+0000][10.923s] GC(7) Pause Cleanup
[2025-12-07T21:44:25.261+0000][10.923s] GC(7) Pause Cleanup 30M->30M(1024M) 0.436ms
[2025-12-07T21:44:25.261+0000][10.923s] GC(7) User=0.00s Sys=0.00s Real=0.00s
[2025-12-07T21:44:25.261+0000][10.923s] GC(7) Concurrent Cleanup for Next Mark
[2025-12-07T21:44:25.279+0000][10.941s] GC(7) Concurrent Cleanup for Next Mark 17.560ms
[2025-12-07T21:44:25.279+0000][10.941s] GC(7) Concurrent Mark Cycle 56.495ms
